&&&& RUNNING TensorRT.trtexec [TensorRT v100300] # /usr/src/tensorrt/bin/trtexec --onnx=models/model_student.onnx --saveEngine=engines/model_student_int8_prelim_7w.engine --int8 --fp16 --memPoolSize=workspace:2048 --skipInference
[06/10/2026-23:43:27] [I] === Model Options ===
[06/10/2026-23:43:27] [I] Format: ONNX
[06/10/2026-23:43:27] [I] Model: models/model_student.onnx
[06/10/2026-23:43:27] [I] Output:
[06/10/2026-23:43:27] [I] === Build Options ===
[06/10/2026-23:43:27] [I] Memory Pools: workspace: 2048 MiB, dlaSRAM: default, dlaLocalDRAM: default, dlaGlobalDRAM: default, tacticSharedMem: default
[06/10/2026-23:43:27] [I] avgTiming: 8
[06/10/2026-23:43:27] [I] Precision: FP32+FP16+INT8
[06/10/2026-23:43:27] [I] LayerPrecisions: 
[06/10/2026-23:43:27] [I] Layer Device Types: 
[06/10/2026-23:43:27] [I] Calibration: Dynamic
[06/10/2026-23:43:27] [I] Refit: Disabled
[06/10/2026-23:43:27] [I] Strip weights: Disabled
[06/10/2026-23:43:27] [I] Version Compatible: Disabled
[06/10/2026-23:43:27] [I] ONNX Plugin InstanceNorm: Disabled
[06/10/2026-23:43:27] [I] TensorRT runtime: full
[06/10/2026-23:43:27] [I] Lean DLL Path: 
[06/10/2026-23:43:27] [I] Tempfile Controls: { in_memory: allow, temporary: allow }
[06/10/2026-23:43:27] [I] Exclude Lean Runtime: Disabled
[06/10/2026-23:43:27] [I] Sparsity: Disabled
[06/10/2026-23:43:27] [I] Safe mode: Disabled
[06/10/2026-23:43:27] [I] Build DLA standalone loadable: Disabled
[06/10/2026-23:43:27] [I] Allow GPU fallback for DLA: Disabled
[06/10/2026-23:43:27] [I] DirectIO mode: Disabled
[06/10/2026-23:43:27] [I] Restricted mode: Disabled
[06/10/2026-23:43:27] [I] Skip inference: Enabled
[06/10/2026-23:43:27] [I] Save engine: engines/model_student_int8_prelim_7w.engine
[06/10/2026-23:43:27] [I] Load engine: 
[06/10/2026-23:43:27] [I] Profiling verbosity: 0
[06/10/2026-23:43:27] [I] Tactic sources: Using default tactic sources
[06/10/2026-23:43:27] [I] timingCacheMode: local
[06/10/2026-23:43:27] [I] timingCacheFile: 
[06/10/2026-23:43:27] [I] Enable Compilation Cache: Enabled
[06/10/2026-23:43:27] [I] errorOnTimingCacheMiss: Disabled
[06/10/2026-23:43:27] [I] Preview Features: Use default preview flags.
[06/10/2026-23:43:27] [I] MaxAuxStreams: -1
[06/10/2026-23:43:27] [I] BuilderOptimizationLevel: -1
[06/10/2026-23:43:27] [I] Calibration Profile Index: 0
[06/10/2026-23:43:27] [I] Weight Streaming: Disabled
[06/10/2026-23:43:27] [I] Runtime Platform: Same As Build
[06/10/2026-23:43:27] [I] Debug Tensors: 
[06/10/2026-23:43:27] [I] Input(s)s format: fp32:CHW
[06/10/2026-23:43:27] [I] Output(s)s format: fp32:CHW
[06/10/2026-23:43:27] [I] Input build shapes: model
[06/10/2026-23:43:27] [I] Input calibration shapes: model
[06/10/2026-23:43:27] [I] === System Options ===
[06/10/2026-23:43:27] [I] Device: 0
[06/10/2026-23:43:27] [I] DLACore: 
[06/10/2026-23:43:27] [I] Plugins:
[06/10/2026-23:43:27] [I] setPluginsToSerialize:
[06/10/2026-23:43:27] [I] dynamicPlugins:
[06/10/2026-23:43:27] [I] ignoreParsedPluginLibs: 0
[06/10/2026-23:43:27] [I] 
[06/10/2026-23:43:27] [I] === Inference Options ===
[06/10/2026-23:43:27] [I] Batch: Explicit
[06/10/2026-23:43:27] [I] Input inference shapes: model
[06/10/2026-23:43:27] [I] Iterations: 10
[06/10/2026-23:43:27] [I] Duration: 3s (+ 200ms warm up)
[06/10/2026-23:43:27] [I] Sleep time: 0ms
[06/10/2026-23:43:27] [I] Idle time: 0ms
[06/10/2026-23:43:27] [I] Inference Streams: 1
[06/10/2026-23:43:27] [I] ExposeDMA: Disabled
[06/10/2026-23:43:27] [I] Data transfers: Enabled
[06/10/2026-23:43:27] [I] Spin-wait: Disabled
[06/10/2026-23:43:27] [I] Multithreading: Disabled
[06/10/2026-23:43:27] [I] CUDA Graph: Disabled
[06/10/2026-23:43:27] [I] Separate profiling: Disabled
[06/10/2026-23:43:27] [I] Time Deserialize: Disabled
[06/10/2026-23:43:27] [I] Time Refit: Disabled
[06/10/2026-23:43:27] [I] NVTX verbosity: 0
[06/10/2026-23:43:27] [I] Persistent Cache Ratio: 0
[06/10/2026-23:43:27] [I] Optimization Profile Index: 0
[06/10/2026-23:43:27] [I] Weight Streaming Budget: 100.000000%
[06/10/2026-23:43:27] [I] Inputs:
[06/10/2026-23:43:27] [I] Debug Tensor Save Destinations:
[06/10/2026-23:43:27] [I] === Reporting Options ===
[06/10/2026-23:43:27] [I] Verbose: Disabled
[06/10/2026-23:43:27] [I] Averages: 10 inferences
[06/10/2026-23:43:27] [I] Percentiles: 90,95,99
[06/10/2026-23:43:27] [I] Dump refittable layers:Disabled
[06/10/2026-23:43:27] [I] Dump output: Disabled
[06/10/2026-23:43:27] [I] Profile: Disabled
[06/10/2026-23:43:27] [I] Export timing to JSON file: 
[06/10/2026-23:43:27] [I] Export output to JSON file: 
[06/10/2026-23:43:27] [I] Export profile to JSON file: 
[06/10/2026-23:43:27] [I] 
[06/10/2026-23:43:27] [I] === Device Information ===
[06/10/2026-23:43:27] [I] Available Devices: 
[06/10/2026-23:43:27] [I]   Device 0: "Orin" UUID: GPU-643ca45e-8099-5e7a-9e17-a340e09113ad
[06/10/2026-23:43:27] [I] Selected Device: Orin
[06/10/2026-23:43:27] [I] Selected Device ID: 0
[06/10/2026-23:43:27] [I] Selected Device UUID: GPU-643ca45e-8099-5e7a-9e17-a340e09113ad
[06/10/2026-23:43:27] [I] Compute Capability: 8.7
[06/10/2026-23:43:27] [I] SMs: 4
[06/10/2026-23:43:27] [I] Device Global Memory: 7619 MiB
[06/10/2026-23:43:27] [I] Shared Memory per SM: 164 KiB
[06/10/2026-23:43:27] [I] Memory Bus Width: 128 bits (ECC disabled)
[06/10/2026-23:43:27] [I] Application Compute Clock Rate: 1.02 GHz
[06/10/2026-23:43:27] [I] Application Memory Clock Rate: 0.408 GHz
[06/10/2026-23:43:27] [I] 
[06/10/2026-23:43:27] [I] Note: The application clock rates do not reflect the actual clock rates that the GPU is currently running at.
[06/10/2026-23:43:27] [I] 
[06/10/2026-23:43:27] [I] TensorRT version: 10.3.0
[06/10/2026-23:43:27] [I] Loading standard plugins
[06/10/2026-23:43:27] [I] [TRT] [MemUsageChange] Init CUDA: CPU +2, GPU +0, now: CPU 31, GPU 2050 (MiB)
[06/10/2026-23:43:32] [I] [TRT] [MemUsageChange] Init builder kernel library: CPU +928, GPU +926, now: CPU 1002, GPU 3020 (MiB)
[06/10/2026-23:43:32] [I] Start parsing network model.
[06/10/2026-23:43:32] [I] [TRT] ----------------------------------------------------------------
[06/10/2026-23:43:32] [I] [TRT] Input filename:   models/model_student.onnx
[06/10/2026-23:43:32] [I] [TRT] ONNX IR version:  0.0.6
[06/10/2026-23:43:32] [I] [TRT] Opset version:    11
[06/10/2026-23:43:32] [I] [TRT] Producer name:    pytorch
[06/10/2026-23:43:32] [I] [TRT] Producer version: 2.2.2
[06/10/2026-23:43:32] [I] [TRT] Domain:           
[06/10/2026-23:43:32] [I] [TRT] Model version:    0
[06/10/2026-23:43:32] [I] [TRT] Doc string:       
[06/10/2026-23:43:32] [I] [TRT] ----------------------------------------------------------------
[06/10/2026-23:43:32] [I] Finished parsing network model. Parse time: 0.10406
[06/10/2026-23:43:32] [I] [TRT] Local timing cache in use. Profiling results in this builder pass will not be stored.
[06/10/2026-23:50:47] [I] [TRT] Detected 1 inputs and 1 output network tensors.
[06/10/2026-23:50:57] [I] [TRT] Total Host Persistent Memory: 110256
[06/10/2026-23:50:57] [I] [TRT] Total Device Persistent Memory: 0
[06/10/2026-23:50:57] [I] [TRT] Total Scratch Memory: 0
[06/10/2026-23:50:57] [I] [TRT] [BlockAssignment] Started assigning block shifts. This will take 30 steps to complete.
[06/10/2026-23:50:57] [I] [TRT] [BlockAssignment] Algorithm ShiftNTopDown took 1.39332ms to assign 7 blocks to 30 nodes requiring 30277632 bytes.
[06/10/2026-23:50:57] [I] [TRT] Total Activation Memory: 30277632
[06/10/2026-23:50:57] [I] [TRT] Total Weights Memory: 898052
[06/10/2026-23:50:57] [I] [TRT] Engine generation completed in 444.501 seconds.
[06/10/2026-23:50:57] [I] [TRT] [MemUsageStats] Peak memory usage of TRT CPU/GPU memory allocators: CPU 0 MiB, GPU 68 MiB
[06/10/2026-23:50:58] [I] [TRT] [MemUsageStats] Peak memory usage during Engine building and serialization: CPU: 1614 MiB
[06/10/2026-23:50:58] [I] Engine built in 445.753 sec.
[06/10/2026-23:50:58] [I] Created engine with size: 1.09999 MiB
[06/10/2026-23:50:58] [I] [TRT] Loaded engine size: 1 MiB
[06/10/2026-23:50:58] [I] Engine deserialized in 0.0183643 sec.
[06/10/2026-23:50:58] [I] Skipped inference phase since --skipInference is added.
&&&& PASSED TensorRT.trtexec [TensorRT v100300] # /usr/src/tensorrt/bin/trtexec --onnx=models/model_student.onnx --saveEngine=engines/model_student_int8_prelim_7w.engine --int8 --fp16 --memPoolSize=workspace:2048 --skipInference
