&&&& RUNNING TensorRT.trtexec [TensorRT v100300] # /usr/src/tensorrt/bin/trtexec --loadEngine=engines/model_student_int8_prelim_25w.engine --warmUp=1000 --duration=20 --avgRuns=10
[06/11/2026-00:10:03] [I] === Model Options ===
[06/11/2026-00:10:03] [I] Format: *
[06/11/2026-00:10:03] [I] Model: 
[06/11/2026-00:10:03] [I] Output:
[06/11/2026-00:10:03] [I] 
[06/11/2026-00:10:03] [I] === System Options ===
[06/11/2026-00:10:03] [I] Device: 0
[06/11/2026-00:10:03] [I] DLACore: 
[06/11/2026-00:10:03] [I] Plugins:
[06/11/2026-00:10:03] [I] setPluginsToSerialize:
[06/11/2026-00:10:03] [I] dynamicPlugins:
[06/11/2026-00:10:03] [I] ignoreParsedPluginLibs: 0
[06/11/2026-00:10:03] [I] 
[06/11/2026-00:10:03] [I] === Inference Options ===
[06/11/2026-00:10:03] [I] Batch: Explicit
[06/11/2026-00:10:03] [I] Input inference shapes: model
[06/11/2026-00:10:03] [I] Iterations: 10
[06/11/2026-00:10:03] [I] Duration: 20s (+ 1000ms warm up)
[06/11/2026-00:10:03] [I] Sleep time: 0ms
[06/11/2026-00:10:03] [I] Idle time: 0ms
[06/11/2026-00:10:03] [I] Inference Streams: 1
[06/11/2026-00:10:03] [I] ExposeDMA: Disabled
[06/11/2026-00:10:03] [I] Data transfers: Enabled
[06/11/2026-00:10:03] [I] Spin-wait: Disabled
[06/11/2026-00:10:03] [I] Multithreading: Disabled
[06/11/2026-00:10:03] [I] CUDA Graph: Disabled
[06/11/2026-00:10:03] [I] Separate profiling: Disabled
[06/11/2026-00:10:03] [I] Time Deserialize: Disabled
[06/11/2026-00:10:03] [I] Time Refit: Disabled
[06/11/2026-00:10:03] [I] NVTX verbosity: 0
[06/11/2026-00:10:03] [I] Persistent Cache Ratio: 0
[06/11/2026-00:10:03] [I] Optimization Profile Index: 0
[06/11/2026-00:10:03] [I] Weight Streaming Budget: 100.000000%
[06/11/2026-00:10:03] [I] Inputs:
[06/11/2026-00:10:03] [I] Debug Tensor Save Destinations:
[06/11/2026-00:10:03] [I] === Reporting Options ===
[06/11/2026-00:10:03] [I] Verbose: Disabled
[06/11/2026-00:10:03] [I] Averages: 10 inferences
[06/11/2026-00:10:03] [I] Percentiles: 90,95,99
[06/11/2026-00:10:03] [I] Dump refittable layers:Disabled
[06/11/2026-00:10:03] [I] Dump output: Disabled
[06/11/2026-00:10:03] [I] Profile: Disabled
[06/11/2026-00:10:03] [I] Export timing to JSON file: 
[06/11/2026-00:10:03] [I] Export output to JSON file: 
[06/11/2026-00:10:03] [I] Export profile to JSON file: 
[06/11/2026-00:10:03] [I] 
[06/11/2026-00:10:03] [I] === Device Information ===
[06/11/2026-00:10:03] [I] Available Devices: 
[06/11/2026-00:10:03] [I]   Device 0: "Orin" UUID: GPU-643ca45e-8099-5e7a-9e17-a340e09113ad
[06/11/2026-00:10:03] [I] Selected Device: Orin
[06/11/2026-00:10:03] [I] Selected Device ID: 0
[06/11/2026-00:10:03] [I] Selected Device UUID: GPU-643ca45e-8099-5e7a-9e17-a340e09113ad
[06/11/2026-00:10:03] [I] Compute Capability: 8.7
[06/11/2026-00:10:03] [I] SMs: 8
[06/11/2026-00:10:03] [I] Device Global Memory: 7619 MiB
[06/11/2026-00:10:03] [I] Shared Memory per SM: 164 KiB
[06/11/2026-00:10:03] [I] Memory Bus Width: 128 bits (ECC disabled)
[06/11/2026-00:10:03] [I] Application Compute Clock Rate: 1.02 GHz
[06/11/2026-00:10:03] [I] Application Memory Clock Rate: 0.918 GHz
[06/11/2026-00:10:03] [I] 
[06/11/2026-00:10:03] [I] Note: The application clock rates do not reflect the actual clock rates that the GPU is currently running at.
[06/11/2026-00:10:03] [I] 
[06/11/2026-00:10:03] [I] TensorRT version: 10.3.0
[06/11/2026-00:10:03] [I] Loading standard plugins
[06/11/2026-00:10:03] [I] [TRT] Loaded engine size: 1 MiB
[06/11/2026-00:10:03] [I] Engine deserialized in 0.0401553 sec.
[06/11/2026-00:10:03] [I] [TRT] [MemUsageChange] TensorRT-managed allocation in IExecutionContext creation: CPU +0, GPU +30, now: CPU 0, GPU 30 (MiB)
[06/11/2026-00:10:03] [I] Setting persistentCacheLimit to 0 bytes.
[06/11/2026-00:10:03] [I] Created execution context with device memory size: 29.875 MiB
[06/11/2026-00:10:03] [I] Using random values for input input
[06/11/2026-00:10:03] [I] Input binding for input with dimensions 1x2x512x512 is created.
[06/11/2026-00:10:03] [I] Output binding for output with dimensions 1x1x512x512 is created.
[06/11/2026-00:10:03] [I] Starting inference
[06/11/2026-00:10:24] [I] Warmup completed 189 queries over 1000 ms
[06/11/2026-00:10:24] [I] Timing trace has 4414 queries over 20.0164 s
[06/11/2026-00:10:24] [I] 
[06/11/2026-00:10:24] [I] === Trace details ===
[06/11/2026-00:10:24] [I] Trace averages of 10 runs:
[06/11/2026-00:10:24] [I] Average on 10 runs - GPU latency: 4.52836 ms - Host latency: 4.71705 ms (enqueue 0.635748 ms)
[06/11/2026-00:10:24] [I] Average on 10 runs - GPU latency: 4.52699 ms - Host latency: 4.71948 ms (enqueue 0.652686 ms)
[06/11/2026-00:10:24] [I] Average on 10 runs - GPU latency: 4.5313 ms - Host latency: 4.7209 ms (enqueue 0.678333 ms)
[06/11/2026-00:10:24] [I] Average on 10 runs - GPU latency: 4.53069 ms - Host latency: 4.72046 ms (enqueue 0.660193 ms)
[06/11/2026-00:10:24] [I] Average on 10 runs - GPU latency: 4.53049 ms - Host latency: 4.72042 ms (enqueue 0.6651 ms)
[06/11/2026-00:10:24] [I] Average on 10 runs - GPU latency: 4.52914 ms - Host latency: 4.71927 ms (enqueue 0.665894 ms)
[06/11/2026-00:10:24] [I] Average on 10 runs - GPU latency: 4.52828 ms - Host latency: 4.72493 ms (enqueue 0.711731 ms)
[06/11/2026-00:10:24] [I] Average on 10 runs - GPU latency: 4.53082 ms - Host latency: 4.72161 ms (enqueue 0.672241 ms)
[06/11/2026-00:10:24] [I] Average on 10 runs - GPU latency: 4.52954 ms - Host latency: 4.71986 ms (enqueue 0.691162 ms)
[06/11/2026-00:10:24] [I] Average on 10 runs - GPU latency: 4.53293 ms - Host latency: 4.73145 ms (enqueue 0.660474 ms)
[06/11/2026-00:10:24] [I] Average on 10 runs - GPU latency: 4.5303 ms - Host latency: 4.72189 ms (enqueue 0.661157 ms)
[06/11/2026-00:10:24] [I] Average on 10 runs - GPU latency: 4.53077 ms - Host latency: 4.72164 ms (enqueue 0.656079 ms)
[06/11/2026-00:10:24] [I] Average on 10 runs - GPU latency: 4.53461 ms - Host latency: 4.73635 ms (enqueue 0.654504 ms)
[06/11/2026-00:10:24] [I] Average on 10 runs - GPU latency: 4.53397 ms - Host latency: 4.73335 ms (enqueue 0.585291 ms)
[06/11/2026-00:10:24] [I] Average on 10 runs - GPU latency: 4.53416 ms - Host latency: 4.73015 ms (enqueue 0.762268 ms)
[06/11/2026-00:10:24] [I] Average on 10 runs - GPU latency: 4.53066 ms - Host latency: 4.72554 ms (enqueue 0.747766 ms)
[06/11/2026-00:10:24] [I] Average on 10 runs - GPU latency: 4.53156 ms - Host latency: 4.72482 ms (enqueue 0.767542 ms)
[06/11/2026-00:10:24] [I] Average on 10 runs - GPU latency: 4.53018 ms - Host latency: 4.73035 ms (enqueue 0.740051 ms)
[06/11/2026-00:10:24] [I] Average on 10 runs - GPU latency: 4.52739 ms - Host latency: 4.71974 ms (enqueue 0.727527 ms)
[06/11/2026-00:10:24] [I] Average on 10 runs - GPU latency: 4.53145 ms - Host latency: 4.73002 ms (enqueue 1.00265 ms)
[06/11/2026-00:10:24] [I] Average on 10 runs - GPU latency: 4.5342 ms - Host latency: 4.72577 ms (enqueue 0.57218 ms)
[06/11/2026-00:10:24] [I] Average on 10 runs - GPU latency: 4.53009 ms - Host latency: 4.71892 ms (enqueue 0.646924 ms)
[06/11/2026-00:10:24] [I] Average on 10 runs - GPU latency: 4.5281 ms - Host latency: 4.71561 ms (enqueue 0.640381 ms)
[06/11/2026-00:10:24] [I] Average on 10 runs - GPU latency: 4.52904 ms - Host latency: 4.7176 ms (enqueue 0.646033 ms)
[06/11/2026-00:10:24] [I] Average on 10 runs - GPU latency: 4.52913 ms - Host latency: 4.7167 ms (enqueue 0.567407 ms)
[06/11/2026-00:10:24] [I] Average on 10 runs - GPU latency: 4.53 ms - Host latency: 4.71995 ms (enqueue 0.643921 ms)
[06/11/2026-00:10:24] [I] Average on 10 runs - GPU latency: 4.52908 ms - Host latency: 4.72124 ms (enqueue 0.650928 ms)
[06/11/2026-00:10:24] [I] Average on 10 runs - GPU latency: 4.53047 ms - Host latency: 4.72065 ms (enqueue 0.658105 ms)
[06/11/2026-00:10:24] [I] Average on 10 runs - GPU latency: 4.52854 ms - Host latency: 4.71965 ms (enqueue 0.632837 ms)
[06/11/2026-00:10:24] [I] Average on 10 runs - GPU latency: 4.53047 ms - Host latency: 4.71763 ms (enqueue 0.641406 ms)
[06/11/2026-00:10:24] [I] Average on 10 runs - GPU latency: 4.53 ms - Host latency: 4.71909 ms (enqueue 0.631665 ms)
[06/11/2026-00:10:24] [I] Average on 10 runs - GPU latency: 4.52932 ms - Host latency: 4.71802 ms (enqueue 0.634082 ms)
[06/11/2026-00:10:24] [I] Average on 10 runs - GPU latency: 4.53105 ms - Host latency: 4.727 ms (enqueue 0.557349 ms)
[06/11/2026-00:10:24] [I] Average on 10 runs - GPU latency: 4.52917 ms - Host latency: 4.71814 ms (enqueue 0.638086 ms)
[06/11/2026-00:10:24] [I] Average on 10 runs - GPU latency: 4.53152 ms - Host latency: 4.72373 ms (enqueue 0.605664 ms)
[06/11/2026-00:10:24] [I] Average on 10 runs - GPU latency: 4.5343 ms - Host latency: 4.72766 ms (enqueue 0.502124 ms)
[06/11/2026-00:10:24] [I] Average on 10 runs - GPU latency: 4.53066 ms - Host latency: 4.72014 ms (enqueue 0.649585 ms)
[06/11/2026-00:10:24] [I] Average on 10 runs - GPU latency: 4.529 ms - Host latency: 4.71953 ms (enqueue 0.650659 ms)
[06/11/2026-00:10:24] [I] Average on 10 runs - GPU latency: 4.53015 ms - Host latency: 4.71929 ms (enqueue 0.637109 ms)
[06/11/2026-00:10:24] [I] Average on 10 runs - GPU latency: 4.53096 ms - Host latency: 4.72031 ms (enqueue 0.649658 ms)
[06/11/2026-00:10:24] [I] Average on 10 runs - GPU latency: 4.52969 ms - Host latency: 4.71807 ms (enqueue 0.646265 ms)
[06/11/2026-00:10:24] [I] Average on 10 runs - GPU latency: 4.5273 ms - Host latency: 4.71912 ms (enqueue 0.645947 ms)
[06/11/2026-00:10:24] [I] Average on 10 runs - GPU latency: 4.5313 ms - Host latency: 4.72336 ms (enqueue 0.647021 ms)
[06/11/2026-00:10:24] [I] Average on 10 runs - GPU latency: 4.53096 ms - Host latency: 4.7208 ms (enqueue 0.651416 ms)
[06/11/2026-00:10:24] [I] Average on 10 runs - GPU latency: 4.52773 ms - Host latency: 4.7157 ms (enqueue 0.64231 ms)
[06/11/2026-00:10:24] [I] Average on 10 runs - GPU latency: 4.53052 ms - Host latency: 4.72151 ms (enqueue 0.656128 ms)
[06/11/2026-00:10:24] [I] Average on 10 runs - GPU latency: 4.53113 ms - Host latency: 4.72285 ms (enqueue 0.654663 ms)
[06/11/2026-00:10:24] [I] Average on 10 runs - GPU latency: 4.5301 ms - Host latency: 4.71887 ms (enqueue 0.642334 ms)
[06/11/2026-00:10:24] [I] Average on 10 runs - GPU latency: 4.529 ms - Host latency: 4.72273 ms (enqueue 0.644385 ms)
[06/11/2026-00:10:24] [I] Average on 10 runs - GPU latency: 4.52996 ms - Host latency: 4.72456 ms (enqueue 0.655103 ms)
[06/11/2026-00:10:24] [I] Average on 10 runs - GPU latency: 4.52939 ms - Host latency: 4.7186 ms (enqueue 0.644922 ms)
[06/11/2026-00:10:24] [I] Average on 10 runs - GPU latency: 4.52935 ms - Host latency: 4.71853 ms (enqueue 0.639307 ms)
[06/11/2026-00:10:24] [I] Average on 10 runs - GPU latency: 4.52764 ms - Host latency: 4.71602 ms (enqueue 0.652515 ms)
[06/11/2026-00:10:24] [I] Average on 10 runs - GPU latency: 4.53425 ms - Host latency: 4.73179 ms (enqueue 0.613916 ms)
[06/11/2026-00:10:24] [I] Average on 10 runs - GPU latency: 4.53052 ms - Host latency: 4.72424 ms (enqueue 0.667651 ms)
[06/11/2026-00:10:24] [I] Average on 10 runs - GPU latency: 4.53074 ms - Host latency: 4.72124 ms (enqueue 0.688599 ms)
[06/11/2026-00:10:24] [I] Average on 10 runs - GPU latency: 4.53223 ms - Host latency: 4.72288 ms (enqueue 0.65144 ms)
[06/11/2026-00:10:24] [I] Average on 10 runs - GPU latency: 4.53542 ms - Host latency: 4.73049 ms (enqueue 0.47998 ms)
[06/11/2026-00:10:24] [I] Average on 10 runs - GPU latency: 4.53098 ms - Host latency: 4.72229 ms (enqueue 0.673926 ms)
[06/11/2026-00:10:24] [I] Average on 10 runs - GPU latency: 4.53355 ms - Host latency: 4.72483 ms (enqueue 0.660986 ms)
[06/11/2026-00:10:24] [I] Average on 10 runs - GPU latency: 4.53709 ms - Host latency: 4.73323 ms (enqueue 0.71499 ms)
[06/11/2026-00:10:24] [I] Average on 10 runs - GPU latency: 4.53127 ms - Host latency: 4.72361 ms (enqueue 0.695142 ms)
[06/11/2026-00:10:24] [I] Average on 10 runs - GPU latency: 4.53154 ms - Host latency: 4.72461 ms (enqueue 0.671484 ms)
[06/11/2026-00:10:24] [I] Average on 10 runs - GPU latency: 4.52895 ms - Host latency: 4.71863 ms (enqueue 0.641968 ms)
[06/11/2026-00:10:24] [I] Average on 10 runs - GPU latency: 4.53257 ms - Host latency: 4.72366 ms (enqueue 0.625147 ms)
[06/11/2026-00:10:24] [I] Average on 10 runs - GPU latency: 4.52783 ms - Host latency: 4.71904 ms (enqueue 0.610693 ms)
[06/11/2026-00:10:24] [I] Average on 10 runs - GPU latency: 4.53127 ms - Host latency: 4.72134 ms (enqueue 0.645825 ms)
[06/11/2026-00:10:24] [I] Average on 10 runs - GPU latency: 4.53159 ms - Host latency: 4.72095 ms (enqueue 0.648926 ms)
[06/11/2026-00:10:24] [I] Average on 10 runs - GPU latency: 4.53394 ms - Host latency: 4.72368 ms (enqueue 0.644336 ms)
[06/11/2026-00:10:24] [I] Average on 10 runs - GPU latency: 4.52891 ms - Host latency: 4.72046 ms (enqueue 0.644678 ms)
[06/11/2026-00:10:24] [I] Average on 10 runs - GPU latency: 4.52979 ms - Host latency: 4.72002 ms (enqueue 0.651074 ms)
[06/11/2026-00:10:24] [I] Average on 10 runs - GPU latency: 4.53062 ms - Host latency: 4.71787 ms (enqueue 0.644775 ms)
[06/11/2026-00:10:24] [I] Average on 10 runs - GPU latency: 4.53037 ms - Host latency: 4.7188 ms (enqueue 0.6479 ms)
[06/11/2026-00:10:24] [I] Average on 10 runs - GPU latency: 4.52949 ms - Host latency: 4.71924 ms (enqueue 0.64292 ms)
[06/11/2026-00:10:24] [I] Average on 10 runs - GPU latency: 4.52998 ms - Host latency: 4.71816 ms (enqueue 0.642334 ms)
[06/11/2026-00:10:24] [I] Average on 10 runs - GPU latency: 4.53125 ms - Host latency: 4.71904 ms (enqueue 0.641064 ms)
[06/11/2026-00:10:24] [I] Average on 10 runs - GPU latency: 4.53071 ms - Host latency: 4.72061 ms (enqueue 0.642969 ms)
[06/11/2026-00:10:24] [I] Average on 10 runs - GPU latency: 4.53003 ms - Host latency: 4.71855 ms (enqueue 0.633154 ms)
[06/11/2026-00:10:24] [I] Average on 10 runs - GPU latency: 4.53276 ms - Host latency: 4.72241 ms (enqueue 0.644775 ms)
[06/11/2026-00:10:24] [I] Average on 10 runs - GPU latency: 4.53643 ms - Host latency: 4.73052 ms (enqueue 0.838525 ms)
[06/11/2026-00:10:24] [I] Average on 10 runs - GPU latency: 4.5334 ms - Host latency: 4.72446 ms (enqueue 0.658105 ms)
[06/11/2026-00:10:24] [I] Average on 10 runs - GPU latency: 4.53101 ms - Host latency: 4.71934 ms (enqueue 0.654639 ms)
[06/11/2026-00:10:24] [I] Average on 10 runs - GPU latency: 4.53101 ms - Host latency: 4.72783 ms (enqueue 0.647705 ms)
[06/11/2026-00:10:24] [I] Average on 10 runs - GPU latency: 4.53145 ms - Host latency: 4.72373 ms (enqueue 0.651953 ms)
[06/11/2026-00:10:24] [I] Average on 10 runs - GPU latency: 4.52871 ms - Host latency: 4.71792 ms (enqueue 0.648486 ms)
[06/11/2026-00:10:24] [I] Average on 10 runs - GPU latency: 4.52891 ms - Host latency: 4.71938 ms (enqueue 0.646436 ms)
[06/11/2026-00:10:24] [I] Average on 10 runs - GPU latency: 4.53271 ms - Host latency: 4.72905 ms (enqueue 0.64585 ms)
[06/11/2026-00:10:24] [I] Average on 10 runs - GPU latency: 4.52925 ms - Host latency: 4.71855 ms (enqueue 0.649609 ms)
[06/11/2026-00:10:24] [I] Average on 10 runs - GPU latency: 4.53154 ms - Host latency: 4.72466 ms (enqueue 0.640772 ms)
[06/11/2026-00:10:24] [I] Average on 10 runs - GPU latency: 4.53135 ms - Host latency: 4.72368 ms (enqueue 0.667773 ms)
[06/11/2026-00:10:24] [I] Average on 10 runs - GPU latency: 4.53018 ms - Host latency: 4.71997 ms (enqueue 0.651611 ms)
[06/11/2026-00:10:24] [I] Average on 10 runs - GPU latency: 4.53027 ms - Host latency: 4.71826 ms (enqueue 0.637354 ms)
[06/11/2026-00:10:24] [I] Average on 10 runs - GPU latency: 4.52866 ms - Host latency: 4.7165 ms (enqueue 0.643604 ms)
[06/11/2026-00:10:24] [I] Average on 10 runs - GPU latency: 4.52773 ms - Host latency: 4.71753 ms (enqueue 0.644482 ms)
[06/11/2026-00:10:24] [I] Average on 10 runs - GPU latency: 4.52812 ms - Host latency: 4.71704 ms (enqueue 0.637646 ms)
[06/11/2026-00:10:24] [I] Average on 10 runs - GPU latency: 4.5292 ms - Host latency: 4.71709 ms (enqueue 0.632861 ms)
[06/11/2026-00:10:24] [I] Average on 10 runs - GPU latency: 4.52812 ms - Host latency: 4.71616 ms (enqueue 0.644971 ms)
[06/11/2026-00:10:24] [I] Average on 10 runs - GPU latency: 4.53472 ms - Host latency: 4.72871 ms (enqueue 0.675635 ms)
[06/11/2026-00:10:24] [I] Average on 10 runs - GPU latency: 4.53486 ms - Host latency: 4.72617 ms (enqueue 0.657031 ms)
[06/11/2026-00:10:24] [I] Average on 10 runs - GPU latency: 4.53008 ms - Host latency: 4.71899 ms (enqueue 0.652393 ms)
[06/11/2026-00:10:24] [I] Average on 10 runs - GPU latency: 4.53159 ms - Host latency: 4.72246 ms (enqueue 0.634473 ms)
[06/11/2026-00:10:24] [I] Average on 10 runs - GPU latency: 4.53496 ms - Host latency: 4.72627 ms (enqueue 0.642187 ms)
[06/11/2026-00:10:24] [I] Average on 10 runs - GPU latency: 4.53184 ms - Host latency: 4.72373 ms (enqueue 0.664014 ms)
[06/11/2026-00:10:24] [I] Average on 10 runs - GPU latency: 4.53042 ms - Host latency: 4.72017 ms (enqueue 0.648193 ms)
[06/11/2026-00:10:24] [I] Average on 10 runs - GPU latency: 4.52988 ms - Host latency: 4.71807 ms (enqueue 0.646533 ms)
[06/11/2026-00:10:24] [I] Average on 10 runs - GPU latency: 4.52847 ms - Host latency: 4.71826 ms (enqueue 0.653174 ms)
[06/11/2026-00:10:24] [I] Average on 10 runs - GPU latency: 4.52871 ms - Host latency: 4.71606 ms (enqueue 0.638916 ms)
[06/11/2026-00:10:24] [I] Average on 10 runs - GPU latency: 4.5335 ms - Host latency: 4.727 ms (enqueue 0.651318 ms)
[06/11/2026-00:10:24] [I] Average on 10 runs - GPU latency: 4.53237 ms - Host latency: 4.72178 ms (enqueue 0.654834 ms)
[06/11/2026-00:10:24] [I] Average on 10 runs - GPU latency: 4.52949 ms - Host latency: 4.71812 ms (enqueue 0.63623 ms)
[06/11/2026-00:10:24] [I] Average on 10 runs - GPU latency: 4.53057 ms - Host latency: 4.71768 ms (enqueue 0.642383 ms)
[06/11/2026-00:10:24] [I] Average on 10 runs - GPU latency: 4.53203 ms - Host latency: 4.72178 ms (enqueue 0.6479 ms)
[06/11/2026-00:10:24] [I] Average on 10 runs - GPU latency: 4.53184 ms - Host latency: 4.71934 ms (enqueue 0.640674 ms)
[06/11/2026-00:10:24] [I] Average on 10 runs - GPU latency: 4.53018 ms - Host latency: 4.72046 ms (enqueue 0.642236 ms)
[06/11/2026-00:10:24] [I] Average on 10 runs - GPU latency: 4.52979 ms - Host latency: 4.72075 ms (enqueue 0.646729 ms)
[06/11/2026-00:10:24] [I] Average on 10 runs - GPU latency: 4.52964 ms - Host latency: 4.71904 ms (enqueue 0.644238 ms)
[06/11/2026-00:10:24] [I] Average on 10 runs - GPU latency: 4.53145 ms - Host latency: 4.72056 ms (enqueue 0.642578 ms)
[06/11/2026-00:10:24] [I] Average on 10 runs - GPU latency: 4.52881 ms - Host latency: 4.71831 ms (enqueue 0.653564 ms)
[06/11/2026-00:10:24] [I] Average on 10 runs - GPU latency: 4.53169 ms - Host latency: 4.71992 ms (enqueue 0.640283 ms)
[06/11/2026-00:10:24] [I] Average on 10 runs - GPU latency: 4.53037 ms - Host latency: 4.71802 ms (enqueue 0.631982 ms)
[06/11/2026-00:10:24] [I] Average on 10 runs - GPU latency: 4.53267 ms - Host latency: 4.72275 ms (enqueue 0.651514 ms)
[06/11/2026-00:10:24] [I] Average on 10 runs - GPU latency: 4.5314 ms - Host latency: 4.7209 ms (enqueue 0.638623 ms)
[06/11/2026-00:10:24] [I] Average on 10 runs - GPU latency: 4.53184 ms - Host latency: 4.72095 ms (enqueue 0.63877 ms)
[06/11/2026-00:10:24] [I] Average on 10 runs - GPU latency: 4.53569 ms - Host latency: 4.72905 ms (enqueue 0.656592 ms)
[06/11/2026-00:10:24] [I] Average on 10 runs - GPU latency: 4.53052 ms - Host latency: 4.72085 ms (enqueue 0.655615 ms)
[06/11/2026-00:10:24] [I] Average on 10 runs - GPU latency: 4.53003 ms - Host latency: 4.72114 ms (enqueue 0.651465 ms)
[06/11/2026-00:10:24] [I] Average on 10 runs - GPU latency: 4.53115 ms - Host latency: 4.72021 ms (enqueue 0.651221 ms)
[06/11/2026-00:10:24] [I] Average on 10 runs - GPU latency: 4.53096 ms - Host latency: 4.72119 ms (enqueue 0.644824 ms)
[06/11/2026-00:10:24] [I] Average on 10 runs - GPU latency: 4.53091 ms - Host latency: 4.72129 ms (enqueue 0.639111 ms)
[06/11/2026-00:10:24] [I] Average on 10 runs - GPU latency: 4.53042 ms - Host latency: 4.71982 ms (enqueue 0.647314 ms)
[06/11/2026-00:10:24] [I] Average on 10 runs - GPU latency: 4.53052 ms - Host latency: 4.72007 ms (enqueue 0.641016 ms)
[06/11/2026-00:10:24] [I] Average on 10 runs - GPU latency: 4.53057 ms - Host latency: 4.71821 ms (enqueue 0.635205 ms)
[06/11/2026-00:10:24] [I] Average on 10 runs - GPU latency: 4.5292 ms - Host latency: 4.71836 ms (enqueue 0.653418 ms)
[06/11/2026-00:10:24] [I] Average on 10 runs - GPU latency: 4.52944 ms - Host latency: 4.71792 ms (enqueue 0.642236 ms)
[06/11/2026-00:10:24] [I] Average on 10 runs - GPU latency: 4.52871 ms - Host latency: 4.7168 ms (enqueue 0.62998 ms)
[06/11/2026-00:10:24] [I] Average on 10 runs - GPU latency: 4.53813 ms - Host latency: 4.7314 ms (enqueue 0.653955 ms)
[06/11/2026-00:10:24] [I] Average on 10 runs - GPU latency: 4.53091 ms - Host latency: 4.72026 ms (enqueue 0.639746 ms)
[06/11/2026-00:10:24] [I] Average on 10 runs - GPU latency: 4.52876 ms - Host latency: 4.71797 ms (enqueue 0.638916 ms)
[06/11/2026-00:10:24] [I] Average on 10 runs - GPU latency: 4.5292 ms - Host latency: 4.71807 ms (enqueue 0.647852 ms)
[06/11/2026-00:10:24] [I] Average on 10 runs - GPU latency: 4.52915 ms - Host latency: 4.71787 ms (enqueue 0.647852 ms)
[06/11/2026-00:10:24] [I] Average on 10 runs - GPU latency: 4.53149 ms - Host latency: 4.72256 ms (enqueue 0.637012 ms)
[06/11/2026-00:10:24] [I] Average on 10 runs - GPU latency: 4.53291 ms - Host latency: 4.72217 ms (enqueue 0.645117 ms)
[06/11/2026-00:10:24] [I] Average on 10 runs - GPU latency: 4.53237 ms - Host latency: 4.72524 ms (enqueue 0.636035 ms)
[06/11/2026-00:10:24] [I] Average on 10 runs - GPU latency: 4.53188 ms - Host latency: 4.71846 ms (enqueue 0.640039 ms)
[06/11/2026-00:10:24] [I] Average on 10 runs - GPU latency: 4.53052 ms - Host latency: 4.71997 ms (enqueue 0.639746 ms)
[06/11/2026-00:10:24] [I] Average on 10 runs - GPU latency: 4.53491 ms - Host latency: 4.72627 ms (enqueue 0.64541 ms)
[06/11/2026-00:10:24] [I] Average on 10 runs - GPU latency: 4.53047 ms - Host latency: 4.71958 ms (enqueue 0.655469 ms)
[06/11/2026-00:10:24] [I] Average on 10 runs - GPU latency: 4.52954 ms - Host latency: 4.71758 ms (enqueue 0.641064 ms)
[06/11/2026-00:10:24] [I] Average on 10 runs - GPU latency: 4.53042 ms - Host latency: 4.72134 ms (enqueue 0.655225 ms)
[06/11/2026-00:10:24] [I] Average on 10 runs - GPU latency: 4.52949 ms - Host latency: 4.72119 ms (enqueue 0.657031 ms)
[06/11/2026-00:10:24] [I] Average on 10 runs - GPU latency: 4.52998 ms - Host latency: 4.71831 ms (enqueue 0.659277 ms)
[06/11/2026-00:10:24] [I] Average on 10 runs - GPU latency: 4.53032 ms - Host latency: 4.71855 ms (enqueue 0.646338 ms)
[06/11/2026-00:10:24] [I] Average on 10 runs - GPU latency: 4.5293 ms - Host latency: 4.72085 ms (enqueue 0.672754 ms)
[06/11/2026-00:10:24] [I] Average on 10 runs - GPU latency: 4.52769 ms - Host latency: 4.71611 ms (enqueue 0.650537 ms)
[06/11/2026-00:10:24] [I] Average on 10 runs - GPU latency: 4.52837 ms - Host latency: 4.72012 ms (enqueue 0.641992 ms)
[06/11/2026-00:10:24] [I] Average on 10 runs - GPU latency: 4.53003 ms - Host latency: 4.72134 ms (enqueue 0.656152 ms)
[06/11/2026-00:10:24] [I] Average on 10 runs - GPU latency: 4.53857 ms - Host latency: 4.74712 ms (enqueue 0.660791 ms)
[06/11/2026-00:10:24] [I] Average on 10 runs - GPU latency: 4.5292 ms - Host latency: 4.71909 ms (enqueue 0.620508 ms)
[06/11/2026-00:10:24] [I] Average on 10 runs - GPU latency: 4.52939 ms - Host latency: 4.71729 ms (enqueue 0.656055 ms)
[06/11/2026-00:10:24] [I] Average on 10 runs - GPU latency: 4.53135 ms - Host latency: 4.72158 ms (enqueue 0.655078 ms)
[06/11/2026-00:10:24] [I] Average on 10 runs - GPU latency: 4.53076 ms - Host latency: 4.71797 ms (enqueue 0.606641 ms)
[06/11/2026-00:10:24] [I] Average on 10 runs - GPU latency: 4.53125 ms - Host latency: 4.72197 ms (enqueue 0.604297 ms)
[06/11/2026-00:10:24] [I] Average on 10 runs - GPU latency: 4.53193 ms - Host latency: 4.72012 ms (enqueue 0.649902 ms)
[06/11/2026-00:10:24] [I] Average on 10 runs - GPU latency: 4.52803 ms - Host latency: 4.7167 ms (enqueue 0.640625 ms)
[06/11/2026-00:10:24] [I] Average on 10 runs - GPU latency: 4.5334 ms - Host latency: 4.72363 ms (enqueue 0.587891 ms)
[06/11/2026-00:10:24] [I] Average on 10 runs - GPU latency: 4.53037 ms - Host latency: 4.72217 ms (enqueue 0.645898 ms)
[06/11/2026-00:10:24] [I] Average on 10 runs - GPU latency: 4.53008 ms - Host latency: 4.7207 ms (enqueue 0.644727 ms)
[06/11/2026-00:10:24] [I] Average on 10 runs - GPU latency: 4.5373 ms - Host latency: 4.72949 ms (enqueue 0.557031 ms)
[06/11/2026-00:10:24] [I] Average on 10 runs - GPU latency: 4.53105 ms - Host latency: 4.72598 ms (enqueue 0.650879 ms)
[06/11/2026-00:10:24] [I] Average on 10 runs - GPU latency: 4.52959 ms - Host latency: 4.721 ms (enqueue 0.64502 ms)
[06/11/2026-00:10:24] [I] Average on 10 runs - GPU latency: 4.53057 ms - Host latency: 4.71953 ms (enqueue 0.651172 ms)
[06/11/2026-00:10:24] [I] Average on 10 runs - GPU latency: 4.53105 ms - Host latency: 4.71846 ms (enqueue 0.654492 ms)
[06/11/2026-00:10:24] [I] Average on 10 runs - GPU latency: 4.53174 ms - Host latency: 4.71963 ms (enqueue 0.635352 ms)
[06/11/2026-00:10:24] [I] Average on 10 runs - GPU latency: 4.53066 ms - Host latency: 4.72041 ms (enqueue 0.639453 ms)
[06/11/2026-00:10:24] [I] Average on 10 runs - GPU latency: 4.53086 ms - Host latency: 4.7168 ms (enqueue 0.649121 ms)
[06/11/2026-00:10:24] [I] Average on 10 runs - GPU latency: 4.5293 ms - Host latency: 4.71777 ms (enqueue 0.641699 ms)
[06/11/2026-00:10:24] [I] Average on 10 runs - GPU latency: 4.52959 ms - Host latency: 4.71836 ms (enqueue 0.646484 ms)
[06/11/2026-00:10:24] [I] Average on 10 runs - GPU latency: 4.53662 ms - Host latency: 4.76426 ms (enqueue 0.682227 ms)
[06/11/2026-00:10:24] [I] Average on 10 runs - GPU latency: 4.53398 ms - Host latency: 4.725 ms (enqueue 0.558789 ms)
[06/11/2026-00:10:24] [I] Average on 10 runs - GPU latency: 4.52979 ms - Host latency: 4.71904 ms (enqueue 0.64707 ms)
[06/11/2026-00:10:24] [I] Average on 10 runs - GPU latency: 4.53105 ms - Host latency: 4.73066 ms (enqueue 0.696875 ms)
[06/11/2026-00:10:24] [I] Average on 10 runs - GPU latency: 4.53057 ms - Host latency: 4.71787 ms (enqueue 0.640723 ms)
[06/11/2026-00:10:24] [I] Average on 10 runs - GPU latency: 4.53105 ms - Host latency: 4.71807 ms (enqueue 0.54873 ms)
[06/11/2026-00:10:24] [I] Average on 10 runs - GPU latency: 4.53135 ms - Host latency: 4.72305 ms (enqueue 0.658789 ms)
[06/11/2026-00:10:24] [I] Average on 10 runs - GPU latency: 4.53037 ms - Host latency: 4.71973 ms (enqueue 0.642969 ms)
[06/11/2026-00:10:24] [I] Average on 10 runs - GPU latency: 4.52998 ms - Host latency: 4.72227 ms (enqueue 0.643359 ms)
[06/11/2026-00:10:24] [I] Average on 10 runs - GPU latency: 4.53145 ms - Host latency: 4.72236 ms (enqueue 0.586523 ms)
[06/11/2026-00:10:24] [I] Average on 10 runs - GPU latency: 4.5293 ms - Host latency: 4.71904 ms (enqueue 0.646484 ms)
[06/11/2026-00:10:24] [I] Average on 10 runs - GPU latency: 4.53105 ms - Host latency: 4.72676 ms (enqueue 0.642773 ms)
[06/11/2026-00:10:24] [I] Average on 10 runs - GPU latency: 4.53457 ms - Host latency: 4.72734 ms (enqueue 0.591602 ms)
[06/11/2026-00:10:24] [I] Average on 10 runs - GPU latency: 4.53418 ms - Host latency: 4.72988 ms (enqueue 0.644922 ms)
[06/11/2026-00:10:24] [I] Average on 10 runs - GPU latency: 4.53125 ms - Host latency: 4.72139 ms (enqueue 0.624707 ms)
[06/11/2026-00:10:24] [I] Average on 10 runs - GPU latency: 4.53115 ms - Host latency: 4.72217 ms (enqueue 0.673633 ms)
[06/11/2026-00:10:24] [I] Average on 10 runs - GPU latency: 4.53047 ms - Host latency: 4.71748 ms (enqueue 0.63916 ms)
[06/11/2026-00:10:24] [I] Average on 10 runs - GPU latency: 4.53047 ms - Host latency: 4.71758 ms (enqueue 0.642383 ms)
[06/11/2026-00:10:24] [I] Average on 10 runs - GPU latency: 4.52959 ms - Host latency: 4.71914 ms (enqueue 0.647266 ms)
[06/11/2026-00:10:24] [I] Average on 10 runs - GPU latency: 4.53096 ms - Host latency: 4.72158 ms (enqueue 0.652344 ms)
[06/11/2026-00:10:24] [I] Average on 10 runs - GPU latency: 4.53057 ms - Host latency: 4.71826 ms (enqueue 0.634473 ms)
[06/11/2026-00:10:24] [I] Average on 10 runs - GPU latency: 4.529 ms - Host latency: 4.71875 ms (enqueue 0.658594 ms)
[06/11/2026-00:10:24] [I] Average on 10 runs - GPU latency: 4.53203 ms - Host latency: 4.72275 ms (enqueue 0.639258 ms)
[06/11/2026-00:10:24] [I] ... Omitting 414 lines
[06/11/2026-00:10:24] [I] Average on 10 runs - GPU latency: 4.52783 ms - Host latency: 4.71562 ms (enqueue 0.636523 ms)
[06/11/2026-00:10:24] [I] Average on 10 runs - GPU latency: 4.53057 ms - Host latency: 4.72109 ms (enqueue 0.65166 ms)
[06/11/2026-00:10:24] [I] Average on 10 runs - GPU latency: 4.53047 ms - Host latency: 4.71982 ms (enqueue 0.641113 ms)
[06/11/2026-00:10:24] [I] Average on 10 runs - GPU latency: 4.53213 ms - Host latency: 4.721 ms (enqueue 0.64043 ms)
[06/11/2026-00:10:24] [I] Average on 10 runs - GPU latency: 4.52988 ms - Host latency: 4.71943 ms (enqueue 0.665039 ms)
[06/11/2026-00:10:24] [I] Average on 10 runs - GPU latency: 4.53008 ms - Host latency: 4.71777 ms (enqueue 0.647266 ms)
[06/11/2026-00:10:24] [I] Average on 10 runs - GPU latency: 4.53086 ms - Host latency: 4.72207 ms (enqueue 0.646875 ms)
[06/11/2026-00:10:24] [I] Average on 10 runs - GPU latency: 4.52959 ms - Host latency: 4.71885 ms (enqueue 0.656934 ms)
[06/11/2026-00:10:24] [I] Average on 10 runs - GPU latency: 4.53555 ms - Host latency: 4.72998 ms (enqueue 0.673145 ms)
[06/11/2026-00:10:24] [I] Average on 10 runs - GPU latency: 4.53184 ms - Host latency: 4.73105 ms (enqueue 0.672754 ms)
[06/11/2026-00:10:24] [I] Average on 10 runs - GPU latency: 4.52939 ms - Host latency: 4.72109 ms (enqueue 0.658008 ms)
[06/11/2026-00:10:24] [I] Average on 10 runs - GPU latency: 4.53037 ms - Host latency: 4.72129 ms (enqueue 0.64873 ms)
[06/11/2026-00:10:24] [I] Average on 10 runs - GPU latency: 4.52979 ms - Host latency: 4.71748 ms (enqueue 0.648242 ms)
[06/11/2026-00:10:24] [I] Average on 10 runs - GPU latency: 4.52959 ms - Host latency: 4.71895 ms (enqueue 0.647949 ms)
[06/11/2026-00:10:24] [I] Average on 10 runs - GPU latency: 4.53643 ms - Host latency: 4.72871 ms (enqueue 0.643164 ms)
[06/11/2026-00:10:24] [I] Average on 10 runs - GPU latency: 4.53301 ms - Host latency: 4.73604 ms (enqueue 0.669141 ms)
[06/11/2026-00:10:24] [I] Average on 10 runs - GPU latency: 4.53193 ms - Host latency: 4.72061 ms (enqueue 0.648535 ms)
[06/11/2026-00:10:24] [I] Average on 10 runs - GPU latency: 4.52812 ms - Host latency: 4.71807 ms (enqueue 0.644531 ms)
[06/11/2026-00:10:24] [I] Average on 10 runs - GPU latency: 4.53037 ms - Host latency: 4.72207 ms (enqueue 0.643457 ms)
[06/11/2026-00:10:24] [I] Average on 10 runs - GPU latency: 4.52959 ms - Host latency: 4.71855 ms (enqueue 0.654395 ms)
[06/11/2026-00:10:24] [I] Average on 10 runs - GPU latency: 4.53008 ms - Host latency: 4.7208 ms (enqueue 0.654395 ms)
[06/11/2026-00:10:24] [I] Average on 10 runs - GPU latency: 4.53027 ms - Host latency: 4.71807 ms (enqueue 0.639453 ms)
[06/11/2026-00:10:24] [I] Average on 10 runs - GPU latency: 4.53135 ms - Host latency: 4.72021 ms (enqueue 0.641797 ms)
[06/11/2026-00:10:24] [I] Average on 10 runs - GPU latency: 4.5291 ms - Host latency: 4.71934 ms (enqueue 0.639746 ms)
[06/11/2026-00:10:24] [I] Average on 10 runs - GPU latency: 4.53184 ms - Host latency: 4.72031 ms (enqueue 0.643652 ms)
[06/11/2026-00:10:24] [I] Average on 10 runs - GPU latency: 4.53291 ms - Host latency: 4.72793 ms (enqueue 0.659863 ms)
[06/11/2026-00:10:24] [I] Average on 10 runs - GPU latency: 4.52988 ms - Host latency: 4.71992 ms (enqueue 0.647168 ms)
[06/11/2026-00:10:24] [I] Average on 10 runs - GPU latency: 4.53066 ms - Host latency: 4.71943 ms (enqueue 0.640625 ms)
[06/11/2026-00:10:24] [I] Average on 10 runs - GPU latency: 4.529 ms - Host latency: 4.71748 ms (enqueue 0.646191 ms)
[06/11/2026-00:10:24] [I] Average on 10 runs - GPU latency: 4.53096 ms - Host latency: 4.7209 ms (enqueue 0.645215 ms)
[06/11/2026-00:10:24] [I] Average on 10 runs - GPU latency: 4.52803 ms - Host latency: 4.71807 ms (enqueue 0.645312 ms)
[06/11/2026-00:10:24] [I] Average on 10 runs - GPU latency: 4.53027 ms - Host latency: 4.72266 ms (enqueue 0.663184 ms)
[06/11/2026-00:10:24] [I] Average on 10 runs - GPU latency: 4.53057 ms - Host latency: 4.72021 ms (enqueue 0.65127 ms)
[06/11/2026-00:10:24] [I] Average on 10 runs - GPU latency: 4.52969 ms - Host latency: 4.72295 ms (enqueue 0.65625 ms)
[06/11/2026-00:10:24] [I] Average on 10 runs - GPU latency: 4.52754 ms - Host latency: 4.71816 ms (enqueue 0.656934 ms)
[06/11/2026-00:10:24] [I] Average on 10 runs - GPU latency: 4.53789 ms - Host latency: 4.73477 ms (enqueue 0.671289 ms)
[06/11/2026-00:10:24] [I] Average on 10 runs - GPU latency: 4.53691 ms - Host latency: 4.73047 ms (enqueue 0.659961 ms)
[06/11/2026-00:10:24] [I] Average on 10 runs - GPU latency: 4.53232 ms - Host latency: 4.72471 ms (enqueue 0.653027 ms)
[06/11/2026-00:10:24] [I] Average on 10 runs - GPU latency: 4.5291 ms - Host latency: 4.72012 ms (enqueue 0.642969 ms)
[06/11/2026-00:10:24] [I] Average on 10 runs - GPU latency: 4.53145 ms - Host latency: 4.71934 ms (enqueue 0.632812 ms)
[06/11/2026-00:10:24] [I] Average on 10 runs - GPU latency: 4.53193 ms - Host latency: 4.7207 ms (enqueue 0.64502 ms)
[06/11/2026-00:10:24] [I] Average on 10 runs - GPU latency: 4.53047 ms - Host latency: 4.72061 ms (enqueue 0.6375 ms)
[06/11/2026-00:10:24] [I] Average on 10 runs - GPU latency: 4.52891 ms - Host latency: 4.71875 ms (enqueue 0.647852 ms)
[06/11/2026-00:10:24] [I] Average on 10 runs - GPU latency: 4.53008 ms - Host latency: 4.71973 ms (enqueue 0.659766 ms)
[06/11/2026-00:10:24] [I] Average on 10 runs - GPU latency: 4.5292 ms - Host latency: 4.71816 ms (enqueue 0.650195 ms)
[06/11/2026-00:10:24] [I] Average on 10 runs - GPU latency: 4.53047 ms - Host latency: 4.72021 ms (enqueue 0.639844 ms)
[06/11/2026-00:10:24] [I] Average on 10 runs - GPU latency: 4.5292 ms - Host latency: 4.7167 ms (enqueue 0.641016 ms)
[06/11/2026-00:10:24] [I] Average on 10 runs - GPU latency: 4.529 ms - Host latency: 4.71719 ms (enqueue 0.635449 ms)
[06/11/2026-00:10:24] [I] Average on 10 runs - GPU latency: 4.52949 ms - Host latency: 4.71904 ms (enqueue 0.631836 ms)
[06/11/2026-00:10:24] [I] Average on 10 runs - GPU latency: 4.52939 ms - Host latency: 4.71943 ms (enqueue 0.644824 ms)
[06/11/2026-00:10:24] [I] Average on 10 runs - GPU latency: 4.52959 ms - Host latency: 4.71846 ms (enqueue 0.638086 ms)
[06/11/2026-00:10:24] [I] Average on 10 runs - GPU latency: 4.52832 ms - Host latency: 4.7167 ms (enqueue 0.637305 ms)
[06/11/2026-00:10:24] [I] Average on 10 runs - GPU latency: 4.52949 ms - Host latency: 4.71631 ms (enqueue 0.639063 ms)
[06/11/2026-00:10:24] [I] Average on 10 runs - GPU latency: 4.52998 ms - Host latency: 4.71846 ms (enqueue 0.634961 ms)
[06/11/2026-00:10:24] [I] Average on 10 runs - GPU latency: 4.53164 ms - Host latency: 4.71992 ms (enqueue 0.634473 ms)
[06/11/2026-00:10:24] [I] Average on 10 runs - GPU latency: 4.53105 ms - Host latency: 4.71846 ms (enqueue 0.635156 ms)
[06/11/2026-00:10:24] [I] Average on 10 runs - GPU latency: 4.52861 ms - Host latency: 4.71572 ms (enqueue 0.62793 ms)
[06/11/2026-00:10:24] [I] Average on 10 runs - GPU latency: 4.53096 ms - Host latency: 4.71953 ms (enqueue 0.630469 ms)
[06/11/2026-00:10:24] [I] Average on 10 runs - GPU latency: 4.53281 ms - Host latency: 4.7249 ms (enqueue 0.654883 ms)
[06/11/2026-00:10:24] [I] Average on 10 runs - GPU latency: 4.53203 ms - Host latency: 4.72305 ms (enqueue 0.755957 ms)
[06/11/2026-00:10:24] [I] Average on 10 runs - GPU latency: 4.53164 ms - Host latency: 4.7207 ms (enqueue 0.64043 ms)
[06/11/2026-00:10:24] [I] Average on 10 runs - GPU latency: 4.52998 ms - Host latency: 4.71924 ms (enqueue 0.643945 ms)
[06/11/2026-00:10:24] [I] Average on 10 runs - GPU latency: 4.52998 ms - Host latency: 4.72002 ms (enqueue 0.64043 ms)
[06/11/2026-00:10:24] [I] Average on 10 runs - GPU latency: 4.53086 ms - Host latency: 4.71807 ms (enqueue 0.636523 ms)
[06/11/2026-00:10:24] [I] Average on 10 runs - GPU latency: 4.53135 ms - Host latency: 4.7251 ms (enqueue 0.670898 ms)
[06/11/2026-00:10:24] [I] Average on 10 runs - GPU latency: 4.53135 ms - Host latency: 4.72109 ms (enqueue 0.637988 ms)
[06/11/2026-00:10:24] [I] Average on 10 runs - GPU latency: 4.52988 ms - Host latency: 4.71943 ms (enqueue 0.638477 ms)
[06/11/2026-00:10:24] [I] Average on 10 runs - GPU latency: 4.5293 ms - Host latency: 4.7168 ms (enqueue 0.65293 ms)
[06/11/2026-00:10:24] [I] Average on 10 runs - GPU latency: 4.52871 ms - Host latency: 4.71758 ms (enqueue 0.637598 ms)
[06/11/2026-00:10:24] [I] Average on 10 runs - GPU latency: 4.5293 ms - Host latency: 4.71914 ms (enqueue 0.644629 ms)
[06/11/2026-00:10:24] [I] Average on 10 runs - GPU latency: 4.5373 ms - Host latency: 4.73008 ms (enqueue 0.657031 ms)
[06/11/2026-00:10:24] [I] Average on 10 runs - GPU latency: 4.53311 ms - Host latency: 4.72363 ms (enqueue 0.644336 ms)
[06/11/2026-00:10:24] [I] Average on 10 runs - GPU latency: 4.53037 ms - Host latency: 4.72051 ms (enqueue 0.648047 ms)
[06/11/2026-00:10:24] [I] Average on 10 runs - GPU latency: 4.53125 ms - Host latency: 4.72246 ms (enqueue 0.644629 ms)
[06/11/2026-00:10:24] [I] Average on 10 runs - GPU latency: 4.52861 ms - Host latency: 4.71465 ms (enqueue 0.640723 ms)
[06/11/2026-00:10:24] [I] Average on 10 runs - GPU latency: 4.53271 ms - Host latency: 4.72227 ms (enqueue 0.641797 ms)
[06/11/2026-00:10:24] [I] Average on 10 runs - GPU latency: 4.52988 ms - Host latency: 4.71807 ms (enqueue 0.64375 ms)
[06/11/2026-00:10:24] [I] Average on 10 runs - GPU latency: 4.53193 ms - Host latency: 4.72217 ms (enqueue 0.641797 ms)
[06/11/2026-00:10:24] [I] Average on 10 runs - GPU latency: 4.52939 ms - Host latency: 4.71924 ms (enqueue 0.64707 ms)
[06/11/2026-00:10:24] [I] Average on 10 runs - GPU latency: 4.53057 ms - Host latency: 4.71992 ms (enqueue 0.643066 ms)
[06/11/2026-00:10:24] [I] Average on 10 runs - GPU latency: 4.53564 ms - Host latency: 4.72451 ms (enqueue 0.633496 ms)
[06/11/2026-00:10:24] [I] Average on 10 runs - GPU latency: 4.53496 ms - Host latency: 4.729 ms (enqueue 0.661816 ms)
[06/11/2026-00:10:24] [I] Average on 10 runs - GPU latency: 4.53174 ms - Host latency: 4.72285 ms (enqueue 0.644824 ms)
[06/11/2026-00:10:24] [I] Average on 10 runs - GPU latency: 4.52891 ms - Host latency: 4.72207 ms (enqueue 0.637207 ms)
[06/11/2026-00:10:24] [I] Average on 10 runs - GPU latency: 4.53076 ms - Host latency: 4.72041 ms (enqueue 0.64834 ms)
[06/11/2026-00:10:24] [I] Average on 10 runs - GPU latency: 4.53057 ms - Host latency: 4.71875 ms (enqueue 0.635254 ms)
[06/11/2026-00:10:24] [I] Average on 10 runs - GPU latency: 4.53252 ms - Host latency: 4.72617 ms (enqueue 0.640234 ms)
[06/11/2026-00:10:24] [I] Average on 10 runs - GPU latency: 4.53096 ms - Host latency: 4.72002 ms (enqueue 0.644629 ms)
[06/11/2026-00:10:24] [I] Average on 10 runs - GPU latency: 4.53066 ms - Host latency: 4.71904 ms (enqueue 0.638867 ms)
[06/11/2026-00:10:24] [I] Average on 10 runs - GPU latency: 4.52969 ms - Host latency: 4.7165 ms (enqueue 0.635938 ms)
[06/11/2026-00:10:24] [I] Average on 10 runs - GPU latency: 4.52969 ms - Host latency: 4.71768 ms (enqueue 0.652441 ms)
[06/11/2026-00:10:24] [I] Average on 10 runs - GPU latency: 4.52998 ms - Host latency: 4.71729 ms (enqueue 0.633887 ms)
[06/11/2026-00:10:24] [I] Average on 10 runs - GPU latency: 4.5291 ms - Host latency: 4.71641 ms (enqueue 0.6375 ms)
[06/11/2026-00:10:24] [I] Average on 10 runs - GPU latency: 4.53115 ms - Host latency: 4.71816 ms (enqueue 0.63916 ms)
[06/11/2026-00:10:24] [I] Average on 10 runs - GPU latency: 4.53027 ms - Host latency: 4.71807 ms (enqueue 0.634863 ms)
[06/11/2026-00:10:24] [I] Average on 10 runs - GPU latency: 4.53154 ms - Host latency: 4.72061 ms (enqueue 0.644238 ms)
[06/11/2026-00:10:24] [I] Average on 10 runs - GPU latency: 4.53037 ms - Host latency: 4.71729 ms (enqueue 0.647656 ms)
[06/11/2026-00:10:24] [I] Average on 10 runs - GPU latency: 4.53193 ms - Host latency: 4.71904 ms (enqueue 0.636816 ms)
[06/11/2026-00:10:24] [I] Average on 10 runs - GPU latency: 4.53154 ms - Host latency: 4.72041 ms (enqueue 0.633789 ms)
[06/11/2026-00:10:24] [I] Average on 10 runs - GPU latency: 4.53008 ms - Host latency: 4.71738 ms (enqueue 0.638281 ms)
[06/11/2026-00:10:24] [I] Average on 10 runs - GPU latency: 4.53086 ms - Host latency: 4.71719 ms (enqueue 0.633594 ms)
[06/11/2026-00:10:24] [I] Average on 10 runs - GPU latency: 4.53066 ms - Host latency: 4.71758 ms (enqueue 0.633984 ms)
[06/11/2026-00:10:24] [I] Average on 10 runs - GPU latency: 4.53418 ms - Host latency: 4.72266 ms (enqueue 0.642773 ms)
[06/11/2026-00:10:24] [I] Average on 10 runs - GPU latency: 4.53301 ms - Host latency: 4.72227 ms (enqueue 0.633984 ms)
[06/11/2026-00:10:24] [I] Average on 10 runs - GPU latency: 4.52832 ms - Host latency: 4.71621 ms (enqueue 0.634961 ms)
[06/11/2026-00:10:24] [I] Average on 10 runs - GPU latency: 4.52871 ms - Host latency: 4.71582 ms (enqueue 0.635352 ms)
[06/11/2026-00:10:24] [I] Average on 10 runs - GPU latency: 4.53672 ms - Host latency: 4.72891 ms (enqueue 0.616211 ms)
[06/11/2026-00:10:24] [I] Average on 10 runs - GPU latency: 4.52754 ms - Host latency: 4.7168 ms (enqueue 0.610156 ms)
[06/11/2026-00:10:24] [I] Average on 10 runs - GPU latency: 4.53242 ms - Host latency: 4.72383 ms (enqueue 0.664258 ms)
[06/11/2026-00:10:24] [I] Average on 10 runs - GPU latency: 4.53242 ms - Host latency: 4.72051 ms (enqueue 0.643164 ms)
[06/11/2026-00:10:24] [I] Average on 10 runs - GPU latency: 4.53281 ms - Host latency: 4.72168 ms (enqueue 0.633398 ms)
[06/11/2026-00:10:24] [I] Average on 10 runs - GPU latency: 4.53105 ms - Host latency: 4.71953 ms (enqueue 0.645898 ms)
[06/11/2026-00:10:24] [I] Average on 10 runs - GPU latency: 4.53027 ms - Host latency: 4.71953 ms (enqueue 0.641016 ms)
[06/11/2026-00:10:24] [I] Average on 10 runs - GPU latency: 4.53281 ms - Host latency: 4.72148 ms (enqueue 0.641406 ms)
[06/11/2026-00:10:24] [I] Average on 10 runs - GPU latency: 4.53008 ms - Host latency: 4.71816 ms (enqueue 0.64375 ms)
[06/11/2026-00:10:24] [I] Average on 10 runs - GPU latency: 4.53145 ms - Host latency: 4.71875 ms (enqueue 0.642383 ms)
[06/11/2026-00:10:24] [I] Average on 10 runs - GPU latency: 4.53203 ms - Host latency: 4.71934 ms (enqueue 0.632422 ms)
[06/11/2026-00:10:24] [I] Average on 10 runs - GPU latency: 4.53008 ms - Host latency: 4.72031 ms (enqueue 0.645508 ms)
[06/11/2026-00:10:24] [I] Average on 10 runs - GPU latency: 4.53145 ms - Host latency: 4.71914 ms (enqueue 0.645898 ms)
[06/11/2026-00:10:24] [I] Average on 10 runs - GPU latency: 4.53203 ms - Host latency: 4.72148 ms (enqueue 0.641016 ms)
[06/11/2026-00:10:24] [I] Average on 10 runs - GPU latency: 4.53359 ms - Host latency: 4.72207 ms (enqueue 0.644336 ms)
[06/11/2026-00:10:24] [I] Average on 10 runs - GPU latency: 4.52969 ms - Host latency: 4.71973 ms (enqueue 0.642773 ms)
[06/11/2026-00:10:24] [I] Average on 10 runs - GPU latency: 4.53066 ms - Host latency: 4.71875 ms (enqueue 0.635352 ms)
[06/11/2026-00:10:24] [I] Average on 10 runs - GPU latency: 4.52891 ms - Host latency: 4.71582 ms (enqueue 0.64668 ms)
[06/11/2026-00:10:24] [I] Average on 10 runs - GPU latency: 4.5334 ms - Host latency: 4.72285 ms (enqueue 0.635742 ms)
[06/11/2026-00:10:24] [I] Average on 10 runs - GPU latency: 4.53398 ms - Host latency: 4.72266 ms (enqueue 0.637695 ms)
[06/11/2026-00:10:24] [I] Average on 10 runs - GPU latency: 4.53027 ms - Host latency: 4.72168 ms (enqueue 0.6625 ms)
[06/11/2026-00:10:24] [I] Average on 10 runs - GPU latency: 4.53145 ms - Host latency: 4.7207 ms (enqueue 0.636523 ms)
[06/11/2026-00:10:24] [I] Average on 10 runs - GPU latency: 4.53164 ms - Host latency: 4.71855 ms (enqueue 0.63418 ms)
[06/11/2026-00:10:24] [I] Average on 10 runs - GPU latency: 4.52988 ms - Host latency: 4.71699 ms (enqueue 0.638672 ms)
[06/11/2026-00:10:24] [I] Average on 10 runs - GPU latency: 4.53066 ms - Host latency: 4.72422 ms (enqueue 0.648047 ms)
[06/11/2026-00:10:24] [I] Average on 10 runs - GPU latency: 4.52988 ms - Host latency: 4.71797 ms (enqueue 0.634961 ms)
[06/11/2026-00:10:24] [I] Average on 10 runs - GPU latency: 4.53086 ms - Host latency: 4.725 ms (enqueue 0.657227 ms)
[06/11/2026-00:10:24] [I] Average on 10 runs - GPU latency: 4.5291 ms - Host latency: 4.72012 ms (enqueue 0.636523 ms)
[06/11/2026-00:10:24] [I] Average on 10 runs - GPU latency: 4.53867 ms - Host latency: 4.73184 ms (enqueue 0.63418 ms)
[06/11/2026-00:10:24] [I] Average on 10 runs - GPU latency: 4.52969 ms - Host latency: 4.71816 ms (enqueue 0.644531 ms)
[06/11/2026-00:10:24] [I] Average on 10 runs - GPU latency: 4.53008 ms - Host latency: 4.71719 ms (enqueue 0.630078 ms)
[06/11/2026-00:10:24] [I] Average on 10 runs - GPU latency: 4.53125 ms - Host latency: 4.71758 ms (enqueue 0.629297 ms)
[06/11/2026-00:10:24] [I] Average on 10 runs - GPU latency: 4.53008 ms - Host latency: 4.71699 ms (enqueue 0.637109 ms)
[06/11/2026-00:10:24] [I] Average on 10 runs - GPU latency: 4.53047 ms - Host latency: 4.71758 ms (enqueue 0.631445 ms)
[06/11/2026-00:10:24] [I] Average on 10 runs - GPU latency: 4.53047 ms - Host latency: 4.71797 ms (enqueue 0.629687 ms)
[06/11/2026-00:10:24] [I] Average on 10 runs - GPU latency: 4.53223 ms - Host latency: 4.72051 ms (enqueue 0.643555 ms)
[06/11/2026-00:10:24] [I] Average on 10 runs - GPU latency: 4.53066 ms - Host latency: 4.71777 ms (enqueue 0.631836 ms)
[06/11/2026-00:10:24] [I] Average on 10 runs - GPU latency: 4.53047 ms - Host latency: 4.71797 ms (enqueue 0.638086 ms)
[06/11/2026-00:10:24] [I] Average on 10 runs - GPU latency: 4.53047 ms - Host latency: 4.71816 ms (enqueue 0.648438 ms)
[06/11/2026-00:10:24] [I] Average on 10 runs - GPU latency: 4.53008 ms - Host latency: 4.71699 ms (enqueue 0.632422 ms)
[06/11/2026-00:10:24] [I] Average on 10 runs - GPU latency: 4.53262 ms - Host latency: 4.72148 ms (enqueue 0.638867 ms)
[06/11/2026-00:10:24] [I] Average on 10 runs - GPU latency: 4.53438 ms - Host latency: 4.73477 ms (enqueue 0.657422 ms)
[06/11/2026-00:10:24] [I] Average on 10 runs - GPU latency: 4.53008 ms - Host latency: 4.71953 ms (enqueue 0.657422 ms)
[06/11/2026-00:10:24] [I] Average on 10 runs - GPU latency: 4.53008 ms - Host latency: 4.72734 ms (enqueue 0.643164 ms)
[06/11/2026-00:10:24] [I] Average on 10 runs - GPU latency: 4.53242 ms - Host latency: 4.72168 ms (enqueue 0.656055 ms)
[06/11/2026-00:10:24] [I] Average on 10 runs - GPU latency: 4.53164 ms - Host latency: 4.72246 ms (enqueue 0.662109 ms)
[06/11/2026-00:10:24] [I] Average on 10 runs - GPU latency: 4.5334 ms - Host latency: 4.72676 ms (enqueue 0.647852 ms)
[06/11/2026-00:10:24] [I] Average on 10 runs - GPU latency: 4.53184 ms - Host latency: 4.72852 ms (enqueue 0.654102 ms)
[06/11/2026-00:10:24] [I] Average on 10 runs - GPU latency: 4.52949 ms - Host latency: 4.71758 ms (enqueue 0.636328 ms)
[06/11/2026-00:10:24] [I] Average on 10 runs - GPU latency: 4.53047 ms - Host latency: 4.71934 ms (enqueue 0.633789 ms)
[06/11/2026-00:10:24] [I] Average on 10 runs - GPU latency: 4.52891 ms - Host latency: 4.7168 ms (enqueue 0.646094 ms)
[06/11/2026-00:10:24] [I] Average on 10 runs - GPU latency: 4.53027 ms - Host latency: 4.71914 ms (enqueue 0.64668 ms)
[06/11/2026-00:10:24] [I] Average on 10 runs - GPU latency: 4.5291 ms - Host latency: 4.71543 ms (enqueue 0.643164 ms)
[06/11/2026-00:10:24] [I] Average on 10 runs - GPU latency: 4.53027 ms - Host latency: 4.7207 ms (enqueue 0.644336 ms)
[06/11/2026-00:10:24] [I] Average on 10 runs - GPU latency: 4.53125 ms - Host latency: 4.7209 ms (enqueue 0.630664 ms)
[06/11/2026-00:10:24] [I] Average on 10 runs - GPU latency: 4.52988 ms - Host latency: 4.71777 ms (enqueue 0.630273 ms)
[06/11/2026-00:10:24] [I] Average on 10 runs - GPU latency: 4.53535 ms - Host latency: 4.72676 ms (enqueue 0.646094 ms)
[06/11/2026-00:10:24] [I] Average on 10 runs - GPU latency: 4.52949 ms - Host latency: 4.71797 ms (enqueue 0.648633 ms)
[06/11/2026-00:10:24] [I] Average on 10 runs - GPU latency: 4.53145 ms - Host latency: 4.71914 ms (enqueue 0.638281 ms)
[06/11/2026-00:10:24] [I] Average on 10 runs - GPU latency: 4.53086 ms - Host latency: 4.72012 ms (enqueue 0.649219 ms)
[06/11/2026-00:10:24] [I] Average on 10 runs - GPU latency: 4.53379 ms - Host latency: 4.72441 ms (enqueue 0.641797 ms)
[06/11/2026-00:10:24] [I] Average on 10 runs - GPU latency: 4.52949 ms - Host latency: 4.71758 ms (enqueue 0.633398 ms)
[06/11/2026-00:10:24] [I] Average on 10 runs - GPU latency: 4.5332 ms - Host latency: 4.72422 ms (enqueue 0.645703 ms)
[06/11/2026-00:10:24] [I] Average on 10 runs - GPU latency: 4.53828 ms - Host latency: 4.73477 ms (enqueue 0.640625 ms)
[06/11/2026-00:10:24] [I] Average on 10 runs - GPU latency: 4.53145 ms - Host latency: 4.72109 ms (enqueue 0.675391 ms)
[06/11/2026-00:10:24] [I] Average on 10 runs - GPU latency: 4.53047 ms - Host latency: 4.71699 ms (enqueue 0.654492 ms)
[06/11/2026-00:10:24] [I] Average on 10 runs - GPU latency: 4.53145 ms - Host latency: 4.71992 ms (enqueue 0.644727 ms)
[06/11/2026-00:10:24] [I] Average on 10 runs - GPU latency: 4.53242 ms - Host latency: 4.71973 ms (enqueue 0.633789 ms)
[06/11/2026-00:10:24] [I] Average on 10 runs - GPU latency: 4.53203 ms - Host latency: 4.72129 ms (enqueue 0.645703 ms)
[06/11/2026-00:10:24] [I] Average on 10 runs - GPU latency: 4.53027 ms - Host latency: 4.7248 ms (enqueue 0.645312 ms)
[06/11/2026-00:10:24] [I] Average on 10 runs - GPU latency: 4.53184 ms - Host latency: 4.72109 ms (enqueue 0.645312 ms)
[06/11/2026-00:10:24] [I] Average on 10 runs - GPU latency: 4.53027 ms - Host latency: 4.72012 ms (enqueue 0.649023 ms)
[06/11/2026-00:10:24] [I] Average on 10 runs - GPU latency: 4.53203 ms - Host latency: 4.71875 ms (enqueue 0.64082 ms)
[06/11/2026-00:10:24] [I] Average on 10 runs - GPU latency: 4.53047 ms - Host latency: 4.71836 ms (enqueue 0.635156 ms)
[06/11/2026-00:10:24] [I] Average on 10 runs - GPU latency: 4.52988 ms - Host latency: 4.71543 ms (enqueue 0.647852 ms)
[06/11/2026-00:10:24] [I] Average on 10 runs - GPU latency: 4.53145 ms - Host latency: 4.71895 ms (enqueue 0.630469 ms)
[06/11/2026-00:10:24] [I] Average on 10 runs - GPU latency: 4.53008 ms - Host latency: 4.71738 ms (enqueue 0.641797 ms)
[06/11/2026-00:10:24] [I] Average on 10 runs - GPU latency: 4.53105 ms - Host latency: 4.71836 ms (enqueue 0.648438 ms)
[06/11/2026-00:10:24] [I] Average on 10 runs - GPU latency: 4.53242 ms - Host latency: 4.72051 ms (enqueue 0.640234 ms)
[06/11/2026-00:10:24] [I] Average on 10 runs - GPU latency: 4.53066 ms - Host latency: 4.71895 ms (enqueue 0.638281 ms)
[06/11/2026-00:10:24] [I] Average on 10 runs - GPU latency: 4.53203 ms - Host latency: 4.71973 ms (enqueue 0.650391 ms)
[06/11/2026-00:10:24] [I] Average on 10 runs - GPU latency: 4.53027 ms - Host latency: 4.71797 ms (enqueue 0.636328 ms)
[06/11/2026-00:10:24] [I] Average on 10 runs - GPU latency: 4.53125 ms - Host latency: 4.71992 ms (enqueue 0.644141 ms)
[06/11/2026-00:10:24] [I] Average on 10 runs - GPU latency: 4.53223 ms - Host latency: 4.72168 ms (enqueue 0.641602 ms)
[06/11/2026-00:10:24] [I] Average on 10 runs - GPU latency: 4.53281 ms - Host latency: 4.72129 ms (enqueue 0.637109 ms)
[06/11/2026-00:10:24] [I] Average on 10 runs - GPU latency: 4.53711 ms - Host latency: 4.7293 ms (enqueue 0.630078 ms)
[06/11/2026-00:10:24] [I] Average on 10 runs - GPU latency: 4.52773 ms - Host latency: 4.71602 ms (enqueue 0.658398 ms)
[06/11/2026-00:10:24] [I] Average on 10 runs - GPU latency: 4.53008 ms - Host latency: 4.71914 ms (enqueue 0.638672 ms)
[06/11/2026-00:10:24] [I] Average on 10 runs - GPU latency: 4.53203 ms - Host latency: 4.71973 ms (enqueue 0.642578 ms)
[06/11/2026-00:10:24] [I] Average on 10 runs - GPU latency: 4.52969 ms - Host latency: 4.71895 ms (enqueue 0.656836 ms)
[06/11/2026-00:10:24] [I] Average on 10 runs - GPU latency: 4.53379 ms - Host latency: 4.72441 ms (enqueue 0.645898 ms)
[06/11/2026-00:10:24] [I] Average on 10 runs - GPU latency: 4.53008 ms - Host latency: 4.71934 ms (enqueue 0.645508 ms)
[06/11/2026-00:10:24] [I] Average on 10 runs - GPU latency: 4.53105 ms - Host latency: 4.71973 ms (enqueue 0.650781 ms)
[06/11/2026-00:10:24] [I] Average on 10 runs - GPU latency: 4.5293 ms - Host latency: 4.71875 ms (enqueue 0.639453 ms)
[06/11/2026-00:10:24] [I] 
[06/11/2026-00:10:24] [I] === Performance summary ===
[06/11/2026-00:10:24] [I] Throughput: 220.519 qps
[06/11/2026-00:10:24] [I] Latency: min = 4.69922 ms, max = 5.07422 ms, mean = 4.72118 ms, median = 4.71973 ms, percentile(90%) = 4.72852 ms, percentile(95%) = 4.7334 ms, percentile(99%) = 4.75049 ms
[06/11/2026-00:10:24] [I] Enqueue Time: min = 0.393555 ms, max = 2.953 ms, mean = 0.645935 ms, median = 0.635254 ms, percentile(90%) = 0.701904 ms, percentile(95%) = 0.726562 ms, percentile(99%) = 0.818359 ms
[06/11/2026-00:10:24] [I] H2D Latency: min = 0.111328 ms, max = 0.46582 ms, mean = 0.11985 ms, median = 0.118896 ms, percentile(90%) = 0.123779 ms, percentile(95%) = 0.127441 ms, percentile(99%) = 0.146973 ms
[06/11/2026-00:10:24] [I] GPU Compute Time: min = 4.51807 ms, max = 4.55371 ms, mean = 4.53092 ms, median = 4.53076 ms, percentile(90%) = 4.53613 ms, percentile(95%) = 4.53809 ms, percentile(99%) = 4.54297 ms
[06/11/2026-00:10:24] [I] D2H Latency: min = 0.046875 ms, max = 0.0800781 ms, mean = 0.0703757 ms, median = 0.0703125 ms, percentile(90%) = 0.0717773 ms, percentile(95%) = 0.0722656 ms, percentile(99%) = 0.0742188 ms
[06/11/2026-00:10:24] [I] Total Host Walltime: 20.0164 s
[06/11/2026-00:10:24] [I] Total GPU Compute Time: 19.9995 s
[06/11/2026-00:10:24] [I] Explanations of the performance metrics are printed in the verbose logs.
[06/11/2026-00:10:24] [I] 
&&&& PASSED TensorRT.trtexec [TensorRT v100300] # /usr/src/tensorrt/bin/trtexec --loadEngine=engines/model_student_int8_prelim_25w.engine --warmUp=1000 --duration=20 --avgRuns=10
