&&&& RUNNING TensorRT.trtexec [TensorRT v100300] # /usr/src/tensorrt/bin/trtexec --loadEngine=engines/model_student_fp16.engine --warmUp=5000 --duration=120 --avgRuns=10
[06/10/2026-22:36:22] [I] === Model Options ===
[06/10/2026-22:36:22] [I] Format: *
[06/10/2026-22:36:22] [I] Model: 
[06/10/2026-22:36:22] [I] Output:
[06/10/2026-22:36:22] [I] 
[06/10/2026-22:36:22] [I] === System Options ===
[06/10/2026-22:36:22] [I] Device: 0
[06/10/2026-22:36:22] [I] DLACore: 
[06/10/2026-22:36:22] [I] Plugins:
[06/10/2026-22:36:22] [I] setPluginsToSerialize:
[06/10/2026-22:36:22] [I] dynamicPlugins:
[06/10/2026-22:36:22] [I] ignoreParsedPluginLibs: 0
[06/10/2026-22:36:22] [I] 
[06/10/2026-22:36:22] [I] === Inference Options ===
[06/10/2026-22:36:22] [I] Batch: Explicit
[06/10/2026-22:36:22] [I] Input inference shapes: model
[06/10/2026-22:36:22] [I] Iterations: 10
[06/10/2026-22:36:22] [I] Duration: 120s (+ 5000ms warm up)
[06/10/2026-22:36:22] [I] Sleep time: 0ms
[06/10/2026-22:36:22] [I] Idle time: 0ms
[06/10/2026-22:36:22] [I] Inference Streams: 1
[06/10/2026-22:36:22] [I] ExposeDMA: Disabled
[06/10/2026-22:36:22] [I] Data transfers: Enabled
[06/10/2026-22:36:22] [I] Spin-wait: Disabled
[06/10/2026-22:36:22] [I] Multithreading: Disabled
[06/10/2026-22:36:22] [I] CUDA Graph: Disabled
[06/10/2026-22:36:22] [I] Separate profiling: Disabled
[06/10/2026-22:36:22] [I] Time Deserialize: Disabled
[06/10/2026-22:36:22] [I] Time Refit: Disabled
[06/10/2026-22:36:22] [I] NVTX verbosity: 0
[06/10/2026-22:36:22] [I] Persistent Cache Ratio: 0
[06/10/2026-22:36:22] [I] Optimization Profile Index: 0
[06/10/2026-22:36:22] [I] Weight Streaming Budget: 100.000000%
[06/10/2026-22:36:22] [I] Inputs:
[06/10/2026-22:36:22] [I] Debug Tensor Save Destinations:
[06/10/2026-22:36:22] [I] === Reporting Options ===
[06/10/2026-22:36:22] [I] Verbose: Disabled
[06/10/2026-22:36:22] [I] Averages: 10 inferences
[06/10/2026-22:36:22] [I] Percentiles: 90,95,99
[06/10/2026-22:36:22] [I] Dump refittable layers:Disabled
[06/10/2026-22:36:22] [I] Dump output: Disabled
[06/10/2026-22:36:22] [I] Profile: Disabled
[06/10/2026-22:36:22] [I] Export timing to JSON file: 
[06/10/2026-22:36:22] [I] Export output to JSON file: 
[06/10/2026-22:36:22] [I] Export profile to JSON file: 
[06/10/2026-22:36:22] [I] 
[06/10/2026-22:36:22] [I] === Device Information ===
[06/10/2026-22:36:22] [I] Available Devices: 
[06/10/2026-22:36:22] [I]   Device 0: "Orin" UUID: GPU-643ca45e-8099-5e7a-9e17-a340e09113ad
[06/10/2026-22:36:22] [I] Selected Device: Orin
[06/10/2026-22:36:22] [I] Selected Device ID: 0
[06/10/2026-22:36:22] [I] Selected Device UUID: GPU-643ca45e-8099-5e7a-9e17-a340e09113ad
[06/10/2026-22:36:22] [I] Compute Capability: 8.7
[06/10/2026-22:36:22] [I] SMs: 8
[06/10/2026-22:36:22] [I] Device Global Memory: 7619 MiB
[06/10/2026-22:36:22] [I] Shared Memory per SM: 164 KiB
[06/10/2026-22:36:22] [I] Memory Bus Width: 128 bits (ECC disabled)
[06/10/2026-22:36:22] [I] Application Compute Clock Rate: 1.02 GHz
[06/10/2026-22:36:22] [I] Application Memory Clock Rate: 0.918 GHz
[06/10/2026-22:36:22] [I] 
[06/10/2026-22:36:22] [I] Note: The application clock rates do not reflect the actual clock rates that the GPU is currently running at.
[06/10/2026-22:36:22] [I] 
[06/10/2026-22:36:22] [I] TensorRT version: 10.3.0
[06/10/2026-22:36:22] [I] Loading standard plugins
[06/10/2026-22:36:22] [I] [TRT] Loaded engine size: 2 MiB
[06/10/2026-22:36:22] [I] Engine deserialized in 0.06017 sec.
[06/10/2026-22:36:22] [I] [TRT] [MemUsageChange] TensorRT-managed allocation in IExecutionContext creation: CPU +0, GPU +32, now: CPU 0, GPU 33 (MiB)
[06/10/2026-22:36:22] [I] Setting persistentCacheLimit to 0 bytes.
[06/10/2026-22:36:22] [I] Created execution context with device memory size: 31.75 MiB
[06/10/2026-22:36:22] [I] Using random values for input input
[06/10/2026-22:36:22] [I] Input binding for input with dimensions 1x2x512x512 is created.
[06/10/2026-22:36:22] [I] Output binding for output with dimensions 1x1x512x512 is created.
[06/10/2026-22:36:22] [I] Starting inference
[06/10/2026-22:38:27] [I] Warmup completed 880 queries over 5000 ms
[06/10/2026-22:38:27] [I] Timing trace has 21721 queries over 120.017 s
[06/10/2026-22:38:27] [I] 
[06/10/2026-22:38:27] [I] === Trace details ===
[06/10/2026-22:38:27] [I] Trace averages of 10 runs:
[06/10/2026-22:38:27] [I] Average on 10 runs - GPU latency: 5.52417 ms - Host latency: 5.69604 ms (enqueue 0.589844 ms)
[06/10/2026-22:38:27] [I] Average on 10 runs - GPU latency: 5.52466 ms - Host latency: 5.69795 ms (enqueue 0.53291 ms)
[06/10/2026-22:38:27] [I] Average on 10 runs - GPU latency: 5.52197 ms - Host latency: 5.6936 ms (enqueue 0.660156 ms)
[06/10/2026-22:38:27] [I] Average on 10 runs - GPU latency: 5.52227 ms - Host latency: 5.69595 ms (enqueue 0.611816 ms)
[06/10/2026-22:38:27] [I] Average on 10 runs - GPU latency: 5.52192 ms - Host latency: 5.69419 ms (enqueue 0.616699 ms)
[06/10/2026-22:38:27] [I] Average on 10 runs - GPU latency: 5.52344 ms - Host latency: 5.69346 ms (enqueue 0.646777 ms)
[06/10/2026-22:38:27] [I] Average on 10 runs - GPU latency: 5.52256 ms - Host latency: 5.69365 ms (enqueue 0.653906 ms)
[06/10/2026-22:38:27] [I] Average on 10 runs - GPU latency: 5.52446 ms - Host latency: 5.69556 ms (enqueue 0.639307 ms)
[06/10/2026-22:38:27] [I] Average on 10 runs - GPU latency: 5.5228 ms - Host latency: 5.69341 ms (enqueue 0.644678 ms)
[06/10/2026-22:38:27] [I] Average on 10 runs - GPU latency: 5.52051 ms - Host latency: 5.69829 ms (enqueue 0.658154 ms)
[06/10/2026-22:38:27] [I] Average on 10 runs - GPU latency: 5.52388 ms - Host latency: 5.69897 ms (enqueue 0.69834 ms)
[06/10/2026-22:38:27] [I] Average on 10 runs - GPU latency: 5.52261 ms - Host latency: 5.69644 ms (enqueue 0.660498 ms)
[06/10/2026-22:38:27] [I] Average on 10 runs - GPU latency: 5.52251 ms - Host latency: 5.6936 ms (enqueue 0.642627 ms)
[06/10/2026-22:38:27] [I] Average on 10 runs - GPU latency: 5.52476 ms - Host latency: 5.69717 ms (enqueue 0.654883 ms)
[06/10/2026-22:38:27] [I] Average on 10 runs - GPU latency: 5.52344 ms - Host latency: 5.69985 ms (enqueue 0.649268 ms)
[06/10/2026-22:38:27] [I] Average on 10 runs - GPU latency: 5.52261 ms - Host latency: 5.69692 ms (enqueue 0.650049 ms)
[06/10/2026-22:38:27] [I] Average on 10 runs - GPU latency: 5.52334 ms - Host latency: 5.69731 ms (enqueue 0.660547 ms)
[06/10/2026-22:38:27] [I] Average on 10 runs - GPU latency: 5.52139 ms - Host latency: 5.69365 ms (enqueue 0.645361 ms)
[06/10/2026-22:38:27] [I] Average on 10 runs - GPU latency: 5.52446 ms - Host latency: 5.69722 ms (enqueue 0.660205 ms)
[06/10/2026-22:38:27] [I] Average on 10 runs - GPU latency: 5.5252 ms - Host latency: 5.70688 ms (enqueue 0.672998 ms)
[06/10/2026-22:38:27] [I] Average on 10 runs - GPU latency: 5.52446 ms - Host latency: 5.69883 ms (enqueue 0.661182 ms)
[06/10/2026-22:38:27] [I] Average on 10 runs - GPU latency: 5.52407 ms - Host latency: 5.69634 ms (enqueue 0.646777 ms)
[06/10/2026-22:38:27] [I] Average on 10 runs - GPU latency: 5.52358 ms - Host latency: 5.70215 ms (enqueue 0.65 ms)
[06/10/2026-22:38:27] [I] Average on 10 runs - GPU latency: 5.52583 ms - Host latency: 5.69912 ms (enqueue 0.638525 ms)
[06/10/2026-22:38:27] [I] Average on 10 runs - GPU latency: 5.52236 ms - Host latency: 5.69253 ms (enqueue 0.647461 ms)
[06/10/2026-22:38:27] [I] Average on 10 runs - GPU latency: 5.52227 ms - Host latency: 5.69487 ms (enqueue 0.64873 ms)
[06/10/2026-22:38:27] [I] Average on 10 runs - GPU latency: 5.52402 ms - Host latency: 5.69736 ms (enqueue 0.645996 ms)
[06/10/2026-22:38:27] [I] Average on 10 runs - GPU latency: 5.52187 ms - Host latency: 5.69351 ms (enqueue 0.655371 ms)
[06/10/2026-22:38:27] [I] Average on 10 runs - GPU latency: 5.52026 ms - Host latency: 5.69438 ms (enqueue 0.699316 ms)
[06/10/2026-22:38:27] [I] Average on 10 runs - GPU latency: 5.52109 ms - Host latency: 5.6915 ms (enqueue 0.658154 ms)
[06/10/2026-22:38:27] [I] Average on 10 runs - GPU latency: 5.52314 ms - Host latency: 5.69683 ms (enqueue 0.650098 ms)
[06/10/2026-22:38:27] [I] Average on 10 runs - GPU latency: 5.52212 ms - Host latency: 5.69375 ms (enqueue 0.650977 ms)
[06/10/2026-22:38:27] [I] Average on 10 runs - GPU latency: 5.52285 ms - Host latency: 5.69956 ms (enqueue 0.644873 ms)
[06/10/2026-22:38:27] [I] Average on 10 runs - GPU latency: 5.5231 ms - Host latency: 5.6939 ms (enqueue 0.654932 ms)
[06/10/2026-22:38:27] [I] Average on 10 runs - GPU latency: 5.52241 ms - Host latency: 5.69629 ms (enqueue 0.64458 ms)
[06/10/2026-22:38:27] [I] Average on 10 runs - GPU latency: 5.52334 ms - Host latency: 5.69395 ms (enqueue 0.650098 ms)
[06/10/2026-22:38:27] [I] Average on 10 runs - GPU latency: 5.5231 ms - Host latency: 5.69565 ms (enqueue 0.642969 ms)
[06/10/2026-22:38:27] [I] Average on 10 runs - GPU latency: 5.52505 ms - Host latency: 5.70645 ms (enqueue 0.675439 ms)
[06/10/2026-22:38:27] [I] Average on 10 runs - GPU latency: 5.52368 ms - Host latency: 5.69888 ms (enqueue 0.652686 ms)
[06/10/2026-22:38:27] [I] Average on 10 runs - GPU latency: 5.52007 ms - Host latency: 5.69644 ms (enqueue 0.641504 ms)
[06/10/2026-22:38:27] [I] Average on 10 runs - GPU latency: 5.52207 ms - Host latency: 5.69507 ms (enqueue 0.662402 ms)
[06/10/2026-22:38:27] [I] Average on 10 runs - GPU latency: 5.52285 ms - Host latency: 5.69575 ms (enqueue 0.648926 ms)
[06/10/2026-22:38:27] [I] Average on 10 runs - GPU latency: 5.52334 ms - Host latency: 5.69497 ms (enqueue 0.642041 ms)
[06/10/2026-22:38:27] [I] Average on 10 runs - GPU latency: 5.52241 ms - Host latency: 5.69644 ms (enqueue 0.657031 ms)
[06/10/2026-22:38:27] [I] Average on 10 runs - GPU latency: 5.52383 ms - Host latency: 5.69756 ms (enqueue 0.659668 ms)
[06/10/2026-22:38:27] [I] Average on 10 runs - GPU latency: 5.52319 ms - Host latency: 5.69678 ms (enqueue 0.654785 ms)
[06/10/2026-22:38:27] [I] Average on 10 runs - GPU latency: 5.5228 ms - Host latency: 5.69409 ms (enqueue 0.647998 ms)
[06/10/2026-22:38:27] [I] Average on 10 runs - GPU latency: 5.52163 ms - Host latency: 5.69663 ms (enqueue 0.657666 ms)
[06/10/2026-22:38:27] [I] Average on 10 runs - GPU latency: 5.5231 ms - Host latency: 5.69805 ms (enqueue 0.656299 ms)
[06/10/2026-22:38:27] [I] Average on 10 runs - GPU latency: 5.52183 ms - Host latency: 5.69673 ms (enqueue 0.65376 ms)
[06/10/2026-22:38:27] [I] Average on 10 runs - GPU latency: 5.52305 ms - Host latency: 5.69473 ms (enqueue 0.641895 ms)
[06/10/2026-22:38:27] [I] Average on 10 runs - GPU latency: 5.52022 ms - Host latency: 5.69365 ms (enqueue 0.650879 ms)
[06/10/2026-22:38:27] [I] Average on 10 runs - GPU latency: 5.52485 ms - Host latency: 5.69634 ms (enqueue 0.646436 ms)
[06/10/2026-22:38:27] [I] Average on 10 runs - GPU latency: 5.52192 ms - Host latency: 5.69263 ms (enqueue 0.646143 ms)
[06/10/2026-22:38:27] [I] Average on 10 runs - GPU latency: 5.52227 ms - Host latency: 5.69507 ms (enqueue 0.652148 ms)
[06/10/2026-22:38:27] [I] Average on 10 runs - GPU latency: 5.52476 ms - Host latency: 5.70083 ms (enqueue 0.653662 ms)
[06/10/2026-22:38:27] [I] Average on 10 runs - GPU latency: 5.52471 ms - Host latency: 5.69883 ms (enqueue 0.656445 ms)
[06/10/2026-22:38:27] [I] Average on 10 runs - GPU latency: 5.52476 ms - Host latency: 5.69873 ms (enqueue 0.659717 ms)
[06/10/2026-22:38:27] [I] Average on 10 runs - GPU latency: 5.52324 ms - Host latency: 5.69668 ms (enqueue 0.655664 ms)
[06/10/2026-22:38:27] [I] Average on 10 runs - GPU latency: 5.52109 ms - Host latency: 5.69463 ms (enqueue 0.649707 ms)
[06/10/2026-22:38:27] [I] Average on 10 runs - GPU latency: 5.52422 ms - Host latency: 5.69541 ms (enqueue 0.659766 ms)
[06/10/2026-22:38:27] [I] Average on 10 runs - GPU latency: 5.52305 ms - Host latency: 5.69434 ms (enqueue 0.650098 ms)
[06/10/2026-22:38:27] [I] Average on 10 runs - GPU latency: 5.52109 ms - Host latency: 5.69395 ms (enqueue 0.670801 ms)
[06/10/2026-22:38:27] [I] Average on 10 runs - GPU latency: 5.52168 ms - Host latency: 5.69707 ms (enqueue 0.655566 ms)
[06/10/2026-22:38:27] [I] Average on 10 runs - GPU latency: 5.52314 ms - Host latency: 5.69551 ms (enqueue 0.649219 ms)
[06/10/2026-22:38:27] [I] Average on 10 runs - GPU latency: 5.52236 ms - Host latency: 5.69541 ms (enqueue 0.660156 ms)
[06/10/2026-22:38:27] [I] Average on 10 runs - GPU latency: 5.52305 ms - Host latency: 5.6959 ms (enqueue 0.645703 ms)
[06/10/2026-22:38:27] [I] Average on 10 runs - GPU latency: 5.52402 ms - Host latency: 5.696 ms (enqueue 0.652832 ms)
[06/10/2026-22:38:27] [I] Average on 10 runs - GPU latency: 5.52422 ms - Host latency: 5.69658 ms (enqueue 0.643457 ms)
[06/10/2026-22:38:27] [I] Average on 10 runs - GPU latency: 5.52363 ms - Host latency: 5.6958 ms (enqueue 0.646387 ms)
[06/10/2026-22:38:27] [I] Average on 10 runs - GPU latency: 5.52383 ms - Host latency: 5.69541 ms (enqueue 0.65752 ms)
[06/10/2026-22:38:27] [I] Average on 10 runs - GPU latency: 5.52246 ms - Host latency: 5.69531 ms (enqueue 0.651563 ms)
[06/10/2026-22:38:27] [I] Average on 10 runs - GPU latency: 5.52314 ms - Host latency: 5.69463 ms (enqueue 0.644629 ms)
[06/10/2026-22:38:27] [I] Average on 10 runs - GPU latency: 5.52549 ms - Host latency: 5.69824 ms (enqueue 0.658105 ms)
[06/10/2026-22:38:27] [I] Average on 10 runs - GPU latency: 5.52334 ms - Host latency: 5.69619 ms (enqueue 0.650586 ms)
[06/10/2026-22:38:27] [I] Average on 10 runs - GPU latency: 5.52354 ms - Host latency: 5.69795 ms (enqueue 0.647754 ms)
[06/10/2026-22:38:27] [I] Average on 10 runs - GPU latency: 5.52451 ms - Host latency: 5.69883 ms (enqueue 0.661426 ms)
[06/10/2026-22:38:27] [I] Average on 10 runs - GPU latency: 5.52334 ms - Host latency: 5.69648 ms (enqueue 0.656445 ms)
[06/10/2026-22:38:27] [I] Average on 10 runs - GPU latency: 5.52236 ms - Host latency: 5.69609 ms (enqueue 0.656543 ms)
[06/10/2026-22:38:27] [I] Average on 10 runs - GPU latency: 5.52207 ms - Host latency: 5.69463 ms (enqueue 0.652539 ms)
[06/10/2026-22:38:27] [I] Average on 10 runs - GPU latency: 5.52109 ms - Host latency: 5.69248 ms (enqueue 0.64082 ms)
[06/10/2026-22:38:27] [I] Average on 10 runs - GPU latency: 5.52236 ms - Host latency: 5.69707 ms (enqueue 0.647266 ms)
[06/10/2026-22:38:27] [I] Average on 10 runs - GPU latency: 5.52383 ms - Host latency: 5.69502 ms (enqueue 0.645996 ms)
[06/10/2026-22:38:27] [I] Average on 10 runs - GPU latency: 5.52354 ms - Host latency: 5.69541 ms (enqueue 0.653809 ms)
[06/10/2026-22:38:27] [I] Average on 10 runs - GPU latency: 5.521 ms - Host latency: 5.69395 ms (enqueue 0.655957 ms)
[06/10/2026-22:38:27] [I] Average on 10 runs - GPU latency: 5.52139 ms - Host latency: 5.69365 ms (enqueue 0.661914 ms)
[06/10/2026-22:38:27] [I] Average on 10 runs - GPU latency: 5.52295 ms - Host latency: 5.69688 ms (enqueue 0.65918 ms)
[06/10/2026-22:38:27] [I] Average on 10 runs - GPU latency: 5.52246 ms - Host latency: 5.69434 ms (enqueue 0.661914 ms)
[06/10/2026-22:38:27] [I] Average on 10 runs - GPU latency: 5.52344 ms - Host latency: 5.69648 ms (enqueue 0.664844 ms)
[06/10/2026-22:38:27] [I] Average on 10 runs - GPU latency: 5.52178 ms - Host latency: 5.69277 ms (enqueue 0.674805 ms)
[06/10/2026-22:38:27] [I] Average on 10 runs - GPU latency: 5.52187 ms - Host latency: 5.69502 ms (enqueue 0.641699 ms)
[06/10/2026-22:38:27] [I] Average on 10 runs - GPU latency: 5.5248 ms - Host latency: 5.70518 ms (enqueue 0.641699 ms)
[06/10/2026-22:38:27] [I] Average on 10 runs - GPU latency: 5.52549 ms - Host latency: 5.7043 ms (enqueue 0.667578 ms)
[06/10/2026-22:38:27] [I] Average on 10 runs - GPU latency: 5.52285 ms - Host latency: 5.69863 ms (enqueue 0.625488 ms)
[06/10/2026-22:38:27] [I] Average on 10 runs - GPU latency: 5.52305 ms - Host latency: 5.69736 ms (enqueue 0.654492 ms)
[06/10/2026-22:38:27] [I] Average on 10 runs - GPU latency: 5.52197 ms - Host latency: 5.69473 ms (enqueue 0.659277 ms)
[06/10/2026-22:38:27] [I] Average on 10 runs - GPU latency: 5.52227 ms - Host latency: 5.69512 ms (enqueue 0.659375 ms)
[06/10/2026-22:38:27] [I] Average on 10 runs - GPU latency: 5.52285 ms - Host latency: 5.69424 ms (enqueue 0.649805 ms)
[06/10/2026-22:38:27] [I] Average on 10 runs - GPU latency: 5.52266 ms - Host latency: 5.69492 ms (enqueue 0.651855 ms)
[06/10/2026-22:38:27] [I] Average on 10 runs - GPU latency: 5.52285 ms - Host latency: 5.69453 ms (enqueue 0.645898 ms)
[06/10/2026-22:38:27] [I] Average on 10 runs - GPU latency: 5.52305 ms - Host latency: 5.69395 ms (enqueue 0.657324 ms)
[06/10/2026-22:38:27] [I] Average on 10 runs - GPU latency: 5.52227 ms - Host latency: 5.69473 ms (enqueue 0.644434 ms)
[06/10/2026-22:38:27] [I] Average on 10 runs - GPU latency: 5.52148 ms - Host latency: 5.69404 ms (enqueue 0.645703 ms)
[06/10/2026-22:38:27] [I] Average on 10 runs - GPU latency: 5.5249 ms - Host latency: 5.69932 ms (enqueue 0.657715 ms)
[06/10/2026-22:38:27] [I] Average on 10 runs - GPU latency: 5.52246 ms - Host latency: 5.69502 ms (enqueue 0.647949 ms)
[06/10/2026-22:38:27] [I] Average on 10 runs - GPU latency: 5.521 ms - Host latency: 5.69258 ms (enqueue 0.660254 ms)
[06/10/2026-22:38:27] [I] Average on 10 runs - GPU latency: 5.52139 ms - Host latency: 5.69297 ms (enqueue 0.654883 ms)
[06/10/2026-22:38:27] [I] Average on 10 runs - GPU latency: 5.52363 ms - Host latency: 5.69746 ms (enqueue 0.64834 ms)
[06/10/2026-22:38:27] [I] Average on 10 runs - GPU latency: 5.52393 ms - Host latency: 5.70068 ms (enqueue 0.693164 ms)
[06/10/2026-22:38:27] [I] Average on 10 runs - GPU latency: 5.52373 ms - Host latency: 5.69951 ms (enqueue 0.564551 ms)
[06/10/2026-22:38:27] [I] Average on 10 runs - GPU latency: 5.52354 ms - Host latency: 5.69922 ms (enqueue 0.639063 ms)
[06/10/2026-22:38:27] [I] Average on 10 runs - GPU latency: 5.52266 ms - Host latency: 5.69482 ms (enqueue 0.648633 ms)
[06/10/2026-22:38:27] [I] Average on 10 runs - GPU latency: 5.52285 ms - Host latency: 5.69492 ms (enqueue 0.658594 ms)
[06/10/2026-22:38:27] [I] Average on 10 runs - GPU latency: 5.52227 ms - Host latency: 5.69287 ms (enqueue 0.644922 ms)
[06/10/2026-22:38:27] [I] Average on 10 runs - GPU latency: 5.52393 ms - Host latency: 5.69766 ms (enqueue 0.666504 ms)
[06/10/2026-22:38:27] [I] Average on 10 runs - GPU latency: 5.52344 ms - Host latency: 5.69531 ms (enqueue 0.629687 ms)
[06/10/2026-22:38:27] [I] Average on 10 runs - GPU latency: 5.52646 ms - Host latency: 5.69844 ms (enqueue 0.657031 ms)
[06/10/2026-22:38:27] [I] Average on 10 runs - GPU latency: 5.52441 ms - Host latency: 5.69678 ms (enqueue 0.653809 ms)
[06/10/2026-22:38:27] [I] Average on 10 runs - GPU latency: 5.52207 ms - Host latency: 5.69824 ms (enqueue 0.614648 ms)
[06/10/2026-22:38:27] [I] Average on 10 runs - GPU latency: 5.52422 ms - Host latency: 5.69648 ms (enqueue 0.657324 ms)
[06/10/2026-22:38:27] [I] Average on 10 runs - GPU latency: 5.52344 ms - Host latency: 5.69473 ms (enqueue 0.643359 ms)
[06/10/2026-22:38:27] [I] Average on 10 runs - GPU latency: 5.52168 ms - Host latency: 5.69463 ms (enqueue 0.655762 ms)
[06/10/2026-22:38:27] [I] Average on 10 runs - GPU latency: 5.52305 ms - Host latency: 5.69629 ms (enqueue 0.641211 ms)
[06/10/2026-22:38:27] [I] Average on 10 runs - GPU latency: 5.52285 ms - Host latency: 5.69502 ms (enqueue 0.644629 ms)
[06/10/2026-22:38:27] [I] Average on 10 runs - GPU latency: 5.52246 ms - Host latency: 5.69863 ms (enqueue 0.644336 ms)
[06/10/2026-22:38:27] [I] Average on 10 runs - GPU latency: 5.52354 ms - Host latency: 5.69473 ms (enqueue 0.651563 ms)
[06/10/2026-22:38:27] [I] Average on 10 runs - GPU latency: 5.52002 ms - Host latency: 5.69199 ms (enqueue 0.641113 ms)
[06/10/2026-22:38:27] [I] Average on 10 runs - GPU latency: 5.52148 ms - Host latency: 5.69287 ms (enqueue 0.573633 ms)
[06/10/2026-22:38:27] [I] Average on 10 runs - GPU latency: 5.52607 ms - Host latency: 5.70967 ms (enqueue 0.68457 ms)
[06/10/2026-22:38:27] [I] Average on 10 runs - GPU latency: 5.52314 ms - Host latency: 5.69795 ms (enqueue 0.634766 ms)
[06/10/2026-22:38:27] [I] Average on 10 runs - GPU latency: 5.52178 ms - Host latency: 5.69561 ms (enqueue 0.678906 ms)
[06/10/2026-22:38:27] [I] Average on 10 runs - GPU latency: 5.52275 ms - Host latency: 5.69473 ms (enqueue 0.657422 ms)
[06/10/2026-22:38:27] [I] Average on 10 runs - GPU latency: 5.52197 ms - Host latency: 5.69453 ms (enqueue 0.670215 ms)
[06/10/2026-22:38:27] [I] Average on 10 runs - GPU latency: 5.52285 ms - Host latency: 5.69785 ms (enqueue 0.650391 ms)
[06/10/2026-22:38:27] [I] Average on 10 runs - GPU latency: 5.52197 ms - Host latency: 5.69453 ms (enqueue 0.648535 ms)
[06/10/2026-22:38:27] [I] Average on 10 runs - GPU latency: 5.52217 ms - Host latency: 5.69336 ms (enqueue 0.657227 ms)
[06/10/2026-22:38:27] [I] Average on 10 runs - GPU latency: 5.52168 ms - Host latency: 5.69453 ms (enqueue 0.645215 ms)
[06/10/2026-22:38:27] [I] Average on 10 runs - GPU latency: 5.52305 ms - Host latency: 5.69541 ms (enqueue 0.662793 ms)
[06/10/2026-22:38:27] [I] Average on 10 runs - GPU latency: 5.52334 ms - Host latency: 5.69521 ms (enqueue 0.648535 ms)
[06/10/2026-22:38:27] [I] Average on 10 runs - GPU latency: 5.52305 ms - Host latency: 5.69463 ms (enqueue 0.661133 ms)
[06/10/2026-22:38:27] [I] Average on 10 runs - GPU latency: 5.52178 ms - Host latency: 5.69229 ms (enqueue 0.649805 ms)
[06/10/2026-22:38:27] [I] Average on 10 runs - GPU latency: 5.52324 ms - Host latency: 5.69639 ms (enqueue 0.666504 ms)
[06/10/2026-22:38:27] [I] Average on 10 runs - GPU latency: 5.52256 ms - Host latency: 5.69502 ms (enqueue 0.651367 ms)
[06/10/2026-22:38:27] [I] Average on 10 runs - GPU latency: 5.52197 ms - Host latency: 5.69326 ms (enqueue 0.661035 ms)
[06/10/2026-22:38:27] [I] Average on 10 runs - GPU latency: 5.52178 ms - Host latency: 5.69482 ms (enqueue 0.649805 ms)
[06/10/2026-22:38:27] [I] Average on 10 runs - GPU latency: 5.52461 ms - Host latency: 5.70752 ms (enqueue 0.671582 ms)
[06/10/2026-22:38:27] [I] Average on 10 runs - GPU latency: 5.52529 ms - Host latency: 5.70176 ms (enqueue 0.604199 ms)
[06/10/2026-22:38:27] [I] Average on 10 runs - GPU latency: 5.52197 ms - Host latency: 5.69736 ms (enqueue 0.602734 ms)
[06/10/2026-22:38:27] [I] Average on 10 runs - GPU latency: 5.52285 ms - Host latency: 5.69512 ms (enqueue 0.662305 ms)
[06/10/2026-22:38:27] [I] Average on 10 runs - GPU latency: 5.52227 ms - Host latency: 5.6958 ms (enqueue 0.646582 ms)
[06/10/2026-22:38:27] [I] Average on 10 runs - GPU latency: 5.52256 ms - Host latency: 5.69453 ms (enqueue 0.649121 ms)
[06/10/2026-22:38:27] [I] Average on 10 runs - GPU latency: 5.52324 ms - Host latency: 5.69404 ms (enqueue 0.650195 ms)
[06/10/2026-22:38:27] [I] Average on 10 runs - GPU latency: 5.52275 ms - Host latency: 5.69395 ms (enqueue 0.650195 ms)
[06/10/2026-22:38:27] [I] Average on 10 runs - GPU latency: 5.52256 ms - Host latency: 5.69883 ms (enqueue 0.645508 ms)
[06/10/2026-22:38:27] [I] Average on 10 runs - GPU latency: 5.52236 ms - Host latency: 5.69404 ms (enqueue 0.652832 ms)
[06/10/2026-22:38:27] [I] Average on 10 runs - GPU latency: 5.52178 ms - Host latency: 5.69297 ms (enqueue 0.647461 ms)
[06/10/2026-22:38:27] [I] Average on 10 runs - GPU latency: 5.52227 ms - Host latency: 5.69443 ms (enqueue 0.64209 ms)
[06/10/2026-22:38:27] [I] Average on 10 runs - GPU latency: 5.52119 ms - Host latency: 5.69609 ms (enqueue 0.653809 ms)
[06/10/2026-22:38:27] [I] Average on 10 runs - GPU latency: 5.52129 ms - Host latency: 5.69229 ms (enqueue 0.641797 ms)
[06/10/2026-22:38:27] [I] Average on 10 runs - GPU latency: 5.52148 ms - Host latency: 5.69307 ms (enqueue 0.654883 ms)
[06/10/2026-22:38:27] [I] Average on 10 runs - GPU latency: 5.52187 ms - Host latency: 5.69414 ms (enqueue 0.650879 ms)
[06/10/2026-22:38:27] [I] Average on 10 runs - GPU latency: 5.52207 ms - Host latency: 5.69551 ms (enqueue 0.643164 ms)
[06/10/2026-22:38:27] [I] Average on 10 runs - GPU latency: 5.52061 ms - Host latency: 5.69199 ms (enqueue 0.656152 ms)
[06/10/2026-22:38:27] [I] Average on 10 runs - GPU latency: 5.52207 ms - Host latency: 5.69414 ms (enqueue 0.621484 ms)
[06/10/2026-22:38:27] [I] Average on 10 runs - GPU latency: 5.52432 ms - Host latency: 5.70068 ms (enqueue 0.562695 ms)
[06/10/2026-22:38:27] [I] Average on 10 runs - GPU latency: 5.5249 ms - Host latency: 5.70049 ms (enqueue 0.598535 ms)
[06/10/2026-22:38:27] [I] Average on 10 runs - GPU latency: 5.52227 ms - Host latency: 5.69297 ms (enqueue 0.675586 ms)
[06/10/2026-22:38:27] [I] Average on 10 runs - GPU latency: 5.52305 ms - Host latency: 5.69395 ms (enqueue 0.646094 ms)
[06/10/2026-22:38:27] [I] Average on 10 runs - GPU latency: 5.52314 ms - Host latency: 5.6957 ms (enqueue 0.649902 ms)
[06/10/2026-22:38:27] [I] Average on 10 runs - GPU latency: 5.52275 ms - Host latency: 5.69561 ms (enqueue 0.650293 ms)
[06/10/2026-22:38:27] [I] Average on 10 runs - GPU latency: 5.52178 ms - Host latency: 5.69697 ms (enqueue 0.661523 ms)
[06/10/2026-22:38:27] [I] Average on 10 runs - GPU latency: 5.52119 ms - Host latency: 5.69473 ms (enqueue 0.657129 ms)
[06/10/2026-22:38:27] [I] Average on 10 runs - GPU latency: 5.521 ms - Host latency: 5.69453 ms (enqueue 0.655957 ms)
[06/10/2026-22:38:27] [I] Average on 10 runs - GPU latency: 5.52187 ms - Host latency: 5.69492 ms (enqueue 0.656152 ms)
[06/10/2026-22:38:27] [I] Average on 10 runs - GPU latency: 5.52246 ms - Host latency: 5.69688 ms (enqueue 0.653223 ms)
[06/10/2026-22:38:27] [I] Average on 10 runs - GPU latency: 5.52109 ms - Host latency: 5.69463 ms (enqueue 0.669727 ms)
[06/10/2026-22:38:27] [I] Average on 10 runs - GPU latency: 5.52295 ms - Host latency: 5.69512 ms (enqueue 0.653516 ms)
[06/10/2026-22:38:27] [I] Average on 10 runs - GPU latency: 5.52119 ms - Host latency: 5.69346 ms (enqueue 0.652441 ms)
[06/10/2026-22:38:27] [I] Average on 10 runs - GPU latency: 5.51992 ms - Host latency: 5.69355 ms (enqueue 0.656836 ms)
[06/10/2026-22:38:27] [I] Average on 10 runs - GPU latency: 5.51982 ms - Host latency: 5.69092 ms (enqueue 0.654492 ms)
[06/10/2026-22:38:27] [I] Average on 10 runs - GPU latency: 5.52139 ms - Host latency: 5.69863 ms (enqueue 0.664258 ms)
[06/10/2026-22:38:27] [I] Average on 10 runs - GPU latency: 5.51963 ms - Host latency: 5.69209 ms (enqueue 0.677051 ms)
[06/10/2026-22:38:27] [I] Average on 10 runs - GPU latency: 5.52139 ms - Host latency: 5.69912 ms (enqueue 0.587207 ms)
[06/10/2026-22:38:27] [I] Average on 10 runs - GPU latency: 5.52168 ms - Host latency: 5.69834 ms (enqueue 0.613477 ms)
[06/10/2026-22:38:27] [I] Average on 10 runs - GPU latency: 5.5207 ms - Host latency: 5.69414 ms (enqueue 0.666504 ms)
[06/10/2026-22:38:27] [I] Average on 10 runs - GPU latency: 5.52256 ms - Host latency: 5.69629 ms (enqueue 0.658789 ms)
[06/10/2026-22:38:27] [I] Average on 10 runs - GPU latency: 5.52031 ms - Host latency: 5.69316 ms (enqueue 0.669336 ms)
[06/10/2026-22:38:27] [I] Average on 10 runs - GPU latency: 5.52402 ms - Host latency: 5.69502 ms (enqueue 0.647559 ms)
[06/10/2026-22:38:27] [I] Average on 10 runs - GPU latency: 5.52217 ms - Host latency: 5.69531 ms (enqueue 0.656152 ms)
[06/10/2026-22:38:27] [I] Average on 10 runs - GPU latency: 5.52334 ms - Host latency: 5.69668 ms (enqueue 0.66123 ms)
[06/10/2026-22:38:27] [I] Average on 10 runs - GPU latency: 5.52236 ms - Host latency: 5.69482 ms (enqueue 0.661914 ms)
[06/10/2026-22:38:27] [I] Average on 10 runs - GPU latency: 5.52383 ms - Host latency: 5.69434 ms (enqueue 0.664551 ms)
[06/10/2026-22:38:27] [I] Average on 10 runs - GPU latency: 5.52275 ms - Host latency: 5.69502 ms (enqueue 0.661035 ms)
[06/10/2026-22:38:27] [I] Average on 10 runs - GPU latency: 5.52285 ms - Host latency: 5.69453 ms (enqueue 0.652832 ms)
[06/10/2026-22:38:27] [I] Average on 10 runs - GPU latency: 5.52363 ms - Host latency: 5.69805 ms (enqueue 0.658594 ms)
[06/10/2026-22:38:27] [I] Average on 10 runs - GPU latency: 5.52305 ms - Host latency: 5.69482 ms (enqueue 0.654102 ms)
[06/10/2026-22:38:27] [I] Average on 10 runs - GPU latency: 5.52148 ms - Host latency: 5.69141 ms (enqueue 0.658398 ms)
[06/10/2026-22:38:27] [I] Average on 10 runs - GPU latency: 5.52305 ms - Host latency: 5.69482 ms (enqueue 0.64668 ms)
[06/10/2026-22:38:27] [I] Average on 10 runs - GPU latency: 5.52363 ms - Host latency: 5.69414 ms (enqueue 0.65957 ms)
[06/10/2026-22:38:27] [I] Average on 10 runs - GPU latency: 5.52461 ms - Host latency: 5.70752 ms (enqueue 0.65166 ms)
[06/10/2026-22:38:27] [I] ... Omitting 17721 lines
[06/10/2026-22:38:27] [I] Average on 10 runs - GPU latency: 5.52344 ms - Host latency: 5.69453 ms (enqueue 0.639063 ms)
[06/10/2026-22:38:27] [I] Average on 10 runs - GPU latency: 5.52031 ms - Host latency: 5.68984 ms (enqueue 0.65 ms)
[06/10/2026-22:38:27] [I] Average on 10 runs - GPU latency: 5.52344 ms - Host latency: 5.69375 ms (enqueue 0.6375 ms)
[06/10/2026-22:38:27] [I] Average on 10 runs - GPU latency: 5.53125 ms - Host latency: 5.71875 ms (enqueue 0.560156 ms)
[06/10/2026-22:38:27] [I] Average on 10 runs - GPU latency: 5.52266 ms - Host latency: 5.70625 ms (enqueue 0.642969 ms)
[06/10/2026-22:38:27] [I] Average on 10 runs - GPU latency: 5.52266 ms - Host latency: 5.69609 ms (enqueue 0.641406 ms)
[06/10/2026-22:38:27] [I] Average on 10 runs - GPU latency: 5.52109 ms - Host latency: 5.69922 ms (enqueue 0.653125 ms)
[06/10/2026-22:38:27] [I] Average on 10 runs - GPU latency: 5.51953 ms - Host latency: 5.69453 ms (enqueue 0.640625 ms)
[06/10/2026-22:38:27] [I] Average on 10 runs - GPU latency: 5.52187 ms - Host latency: 5.69219 ms (enqueue 0.65 ms)
[06/10/2026-22:38:27] [I] Average on 10 runs - GPU latency: 5.51953 ms - Host latency: 5.69141 ms (enqueue 0.64375 ms)
[06/10/2026-22:38:27] [I] Average on 10 runs - GPU latency: 5.52031 ms - Host latency: 5.69219 ms (enqueue 0.654688 ms)
[06/10/2026-22:38:27] [I] Average on 10 runs - GPU latency: 5.52109 ms - Host latency: 5.69453 ms (enqueue 0.636719 ms)
[06/10/2026-22:38:27] [I] Average on 10 runs - GPU latency: 5.52266 ms - Host latency: 5.69609 ms (enqueue 0.642969 ms)
[06/10/2026-22:38:27] [I] Average on 10 runs - GPU latency: 5.52344 ms - Host latency: 5.69609 ms (enqueue 0.65 ms)
[06/10/2026-22:38:27] [I] Average on 10 runs - GPU latency: 5.52344 ms - Host latency: 5.69297 ms (enqueue 0.639844 ms)
[06/10/2026-22:38:27] [I] Average on 10 runs - GPU latency: 5.525 ms - Host latency: 5.69688 ms (enqueue 0.642969 ms)
[06/10/2026-22:38:27] [I] Average on 10 runs - GPU latency: 5.52422 ms - Host latency: 5.69453 ms (enqueue 0.635938 ms)
[06/10/2026-22:38:27] [I] Average on 10 runs - GPU latency: 5.52187 ms - Host latency: 5.69297 ms (enqueue 0.648438 ms)
[06/10/2026-22:38:27] [I] Average on 10 runs - GPU latency: 5.52109 ms - Host latency: 5.68984 ms (enqueue 0.639063 ms)
[06/10/2026-22:38:27] [I] Average on 10 runs - GPU latency: 5.52187 ms - Host latency: 5.69609 ms (enqueue 0.64375 ms)
[06/10/2026-22:38:27] [I] Average on 10 runs - GPU latency: 5.52031 ms - Host latency: 5.69375 ms (enqueue 0.65 ms)
[06/10/2026-22:38:27] [I] Average on 10 runs - GPU latency: 5.52578 ms - Host latency: 5.70469 ms (enqueue 0.54375 ms)
[06/10/2026-22:38:27] [I] Average on 10 runs - GPU latency: 5.52422 ms - Host latency: 5.70234 ms (enqueue 0.685938 ms)
[06/10/2026-22:38:27] [I] Average on 10 runs - GPU latency: 5.52266 ms - Host latency: 5.69297 ms (enqueue 0.64375 ms)
[06/10/2026-22:38:27] [I] Average on 10 runs - GPU latency: 5.52422 ms - Host latency: 5.69844 ms (enqueue 0.645312 ms)
[06/10/2026-22:38:27] [I] Average on 10 runs - GPU latency: 5.52109 ms - Host latency: 5.69375 ms (enqueue 0.645312 ms)
[06/10/2026-22:38:27] [I] Average on 10 runs - GPU latency: 5.52109 ms - Host latency: 5.69219 ms (enqueue 0.65625 ms)
[06/10/2026-22:38:27] [I] Average on 10 runs - GPU latency: 5.51875 ms - Host latency: 5.69297 ms (enqueue 0.648438 ms)
[06/10/2026-22:38:27] [I] Average on 10 runs - GPU latency: 5.52109 ms - Host latency: 5.69375 ms (enqueue 0.646094 ms)
[06/10/2026-22:38:27] [I] Average on 10 runs - GPU latency: 5.51875 ms - Host latency: 5.68906 ms (enqueue 0.646094 ms)
[06/10/2026-22:38:27] [I] Average on 10 runs - GPU latency: 5.51953 ms - Host latency: 5.69219 ms (enqueue 0.642187 ms)
[06/10/2026-22:38:27] [I] Average on 10 runs - GPU latency: 5.52031 ms - Host latency: 5.69297 ms (enqueue 0.655469 ms)
[06/10/2026-22:38:27] [I] Average on 10 runs - GPU latency: 5.52031 ms - Host latency: 5.68906 ms (enqueue 0.640625 ms)
[06/10/2026-22:38:27] [I] Average on 10 runs - GPU latency: 5.52187 ms - Host latency: 5.69297 ms (enqueue 0.645312 ms)
[06/10/2026-22:38:27] [I] Average on 10 runs - GPU latency: 5.52031 ms - Host latency: 5.68828 ms (enqueue 0.642187 ms)
[06/10/2026-22:38:27] [I] Average on 10 runs - GPU latency: 5.52031 ms - Host latency: 5.69375 ms (enqueue 0.645312 ms)
[06/10/2026-22:38:27] [I] Average on 10 runs - GPU latency: 5.51875 ms - Host latency: 5.68672 ms (enqueue 0.652344 ms)
[06/10/2026-22:38:27] [I] Average on 10 runs - GPU latency: 5.52187 ms - Host latency: 5.69297 ms (enqueue 0.640625 ms)
[06/10/2026-22:38:27] [I] Average on 10 runs - GPU latency: 5.52344 ms - Host latency: 5.69453 ms (enqueue 0.644531 ms)
[06/10/2026-22:38:27] [I] Average on 10 runs - GPU latency: 5.52656 ms - Host latency: 5.70391 ms (enqueue 0.603906 ms)
[06/10/2026-22:38:27] [I] Average on 10 runs - GPU latency: 5.52344 ms - Host latency: 5.69766 ms (enqueue 0.579687 ms)
[06/10/2026-22:38:27] [I] Average on 10 runs - GPU latency: 5.51875 ms - Host latency: 5.69063 ms (enqueue 0.646875 ms)
[06/10/2026-22:38:27] [I] Average on 10 runs - GPU latency: 5.51797 ms - Host latency: 5.68984 ms (enqueue 0.652344 ms)
[06/10/2026-22:38:27] [I] Average on 10 runs - GPU latency: 5.52187 ms - Host latency: 5.69609 ms (enqueue 0.644531 ms)
[06/10/2026-22:38:27] [I] Average on 10 runs - GPU latency: 5.52266 ms - Host latency: 5.69219 ms (enqueue 0.642969 ms)
[06/10/2026-22:38:27] [I] Average on 10 runs - GPU latency: 5.52109 ms - Host latency: 5.69219 ms (enqueue 0.628906 ms)
[06/10/2026-22:38:27] [I] Average on 10 runs - GPU latency: 5.52031 ms - Host latency: 5.69219 ms (enqueue 0.639063 ms)
[06/10/2026-22:38:27] [I] Average on 10 runs - GPU latency: 5.52344 ms - Host latency: 5.69453 ms (enqueue 0.642187 ms)
[06/10/2026-22:38:27] [I] Average on 10 runs - GPU latency: 5.51953 ms - Host latency: 5.68984 ms (enqueue 0.635156 ms)
[06/10/2026-22:38:27] [I] Average on 10 runs - GPU latency: 5.52344 ms - Host latency: 5.69531 ms (enqueue 0.644531 ms)
[06/10/2026-22:38:27] [I] Average on 10 runs - GPU latency: 5.52031 ms - Host latency: 5.69297 ms (enqueue 0.638281 ms)
[06/10/2026-22:38:27] [I] Average on 10 runs - GPU latency: 5.52031 ms - Host latency: 5.69219 ms (enqueue 0.636719 ms)
[06/10/2026-22:38:27] [I] Average on 10 runs - GPU latency: 5.52109 ms - Host latency: 5.69219 ms (enqueue 0.650781 ms)
[06/10/2026-22:38:27] [I] Average on 10 runs - GPU latency: 5.52031 ms - Host latency: 5.68906 ms (enqueue 0.632031 ms)
[06/10/2026-22:38:27] [I] Average on 10 runs - GPU latency: 5.52109 ms - Host latency: 5.69453 ms (enqueue 0.639063 ms)
[06/10/2026-22:38:27] [I] Average on 10 runs - GPU latency: 5.52031 ms - Host latency: 5.69219 ms (enqueue 0.644531 ms)
[06/10/2026-22:38:27] [I] Average on 10 runs - GPU latency: 5.52578 ms - Host latency: 5.69453 ms (enqueue 0.649219 ms)
[06/10/2026-22:38:27] [I] Average on 10 runs - GPU latency: 5.52422 ms - Host latency: 5.69531 ms (enqueue 0.569531 ms)
[06/10/2026-22:38:27] [I] Average on 10 runs - GPU latency: 5.525 ms - Host latency: 5.69922 ms (enqueue 0.592969 ms)
[06/10/2026-22:38:27] [I] Average on 10 runs - GPU latency: 5.52109 ms - Host latency: 5.69609 ms (enqueue 0.64375 ms)
[06/10/2026-22:38:27] [I] Average on 10 runs - GPU latency: 5.52109 ms - Host latency: 5.69297 ms (enqueue 0.6625 ms)
[06/10/2026-22:38:27] [I] Average on 10 runs - GPU latency: 5.52187 ms - Host latency: 5.69609 ms (enqueue 0.644531 ms)
[06/10/2026-22:38:27] [I] Average on 10 runs - GPU latency: 5.52344 ms - Host latency: 5.69609 ms (enqueue 0.651563 ms)
[06/10/2026-22:38:27] [I] Average on 10 runs - GPU latency: 5.52187 ms - Host latency: 5.69453 ms (enqueue 0.658594 ms)
[06/10/2026-22:38:27] [I] Average on 10 runs - GPU latency: 5.52187 ms - Host latency: 5.69219 ms (enqueue 0.646094 ms)
[06/10/2026-22:38:27] [I] Average on 10 runs - GPU latency: 5.52031 ms - Host latency: 5.69141 ms (enqueue 0.658594 ms)
[06/10/2026-22:38:27] [I] Average on 10 runs - GPU latency: 5.52187 ms - Host latency: 5.69453 ms (enqueue 0.646094 ms)
[06/10/2026-22:38:27] [I] Average on 10 runs - GPU latency: 5.52109 ms - Host latency: 5.69453 ms (enqueue 0.646875 ms)
[06/10/2026-22:38:27] [I] Average on 10 runs - GPU latency: 5.52344 ms - Host latency: 5.69531 ms (enqueue 0.651563 ms)
[06/10/2026-22:38:27] [I] Average on 10 runs - GPU latency: 5.52344 ms - Host latency: 5.69297 ms (enqueue 0.640625 ms)
[06/10/2026-22:38:27] [I] Average on 10 runs - GPU latency: 5.52187 ms - Host latency: 5.69609 ms (enqueue 0.6625 ms)
[06/10/2026-22:38:27] [I] Average on 10 runs - GPU latency: 5.52109 ms - Host latency: 5.69453 ms (enqueue 0.652344 ms)
[06/10/2026-22:38:27] [I] Average on 10 runs - GPU latency: 5.52344 ms - Host latency: 5.69766 ms (enqueue 0.663281 ms)
[06/10/2026-22:38:27] [I] Average on 10 runs - GPU latency: 5.52031 ms - Host latency: 5.69141 ms (enqueue 0.650781 ms)
[06/10/2026-22:38:27] [I] Average on 10 runs - GPU latency: 5.51953 ms - Host latency: 5.69063 ms (enqueue 0.665625 ms)
[06/10/2026-22:38:27] [I] Average on 10 runs - GPU latency: 5.52344 ms - Host latency: 5.70156 ms (enqueue 0.601562 ms)
[06/10/2026-22:38:27] [I] Average on 10 runs - GPU latency: 5.52344 ms - Host latency: 5.70469 ms (enqueue 0.569531 ms)
[06/10/2026-22:38:27] [I] Average on 10 runs - GPU latency: 5.52344 ms - Host latency: 5.69844 ms (enqueue 0.646875 ms)
[06/10/2026-22:38:27] [I] Average on 10 runs - GPU latency: 5.52031 ms - Host latency: 5.69453 ms (enqueue 0.645312 ms)
[06/10/2026-22:38:27] [I] Average on 10 runs - GPU latency: 5.52031 ms - Host latency: 5.6875 ms (enqueue 0.65 ms)
[06/10/2026-22:38:27] [I] Average on 10 runs - GPU latency: 5.52109 ms - Host latency: 5.69453 ms (enqueue 0.641406 ms)
[06/10/2026-22:38:27] [I] Average on 10 runs - GPU latency: 5.52109 ms - Host latency: 5.69297 ms (enqueue 0.653125 ms)
[06/10/2026-22:38:27] [I] Average on 10 runs - GPU latency: 5.52422 ms - Host latency: 5.7 ms (enqueue 0.646875 ms)
[06/10/2026-22:38:27] [I] Average on 10 runs - GPU latency: 5.52187 ms - Host latency: 5.69141 ms (enqueue 0.639844 ms)
[06/10/2026-22:38:27] [I] Average on 10 runs - GPU latency: 5.52266 ms - Host latency: 5.69453 ms (enqueue 0.653906 ms)
[06/10/2026-22:38:27] [I] Average on 10 runs - GPU latency: 5.52031 ms - Host latency: 5.69141 ms (enqueue 0.642969 ms)
[06/10/2026-22:38:27] [I] Average on 10 runs - GPU latency: 5.52109 ms - Host latency: 5.69375 ms (enqueue 0.655469 ms)
[06/10/2026-22:38:27] [I] Average on 10 runs - GPU latency: 5.51953 ms - Host latency: 5.68906 ms (enqueue 0.638281 ms)
[06/10/2026-22:38:27] [I] Average on 10 runs - GPU latency: 5.52266 ms - Host latency: 5.69531 ms (enqueue 0.649219 ms)
[06/10/2026-22:38:27] [I] Average on 10 runs - GPU latency: 5.52187 ms - Host latency: 5.69531 ms (enqueue 0.65 ms)
[06/10/2026-22:38:27] [I] Average on 10 runs - GPU latency: 5.52422 ms - Host latency: 5.69766 ms (enqueue 0.653125 ms)
[06/10/2026-22:38:27] [I] Average on 10 runs - GPU latency: 5.52266 ms - Host latency: 5.69453 ms (enqueue 0.639844 ms)
[06/10/2026-22:38:27] [I] Average on 10 runs - GPU latency: 5.52266 ms - Host latency: 5.69375 ms (enqueue 0.646875 ms)
[06/10/2026-22:38:27] [I] Average on 10 runs - GPU latency: 5.52656 ms - Host latency: 5.69766 ms (enqueue 0.554688 ms)
[06/10/2026-22:38:27] [I] Average on 10 runs - GPU latency: 5.52656 ms - Host latency: 5.7 ms (enqueue 0.505469 ms)
[06/10/2026-22:38:27] [I] Average on 10 runs - GPU latency: 5.52344 ms - Host latency: 5.69844 ms (enqueue 0.670313 ms)
[06/10/2026-22:38:27] [I] Average on 10 runs - GPU latency: 5.52031 ms - Host latency: 5.69453 ms (enqueue 0.655469 ms)
[06/10/2026-22:38:27] [I] Average on 10 runs - GPU latency: 5.51953 ms - Host latency: 5.69297 ms (enqueue 0.652344 ms)
[06/10/2026-22:38:27] [I] Average on 10 runs - GPU latency: 5.51875 ms - Host latency: 5.68828 ms (enqueue 0.657031 ms)
[06/10/2026-22:38:27] [I] Average on 10 runs - GPU latency: 5.52187 ms - Host latency: 5.69453 ms (enqueue 0.653906 ms)
[06/10/2026-22:38:27] [I] Average on 10 runs - GPU latency: 5.52266 ms - Host latency: 5.69141 ms (enqueue 0.660156 ms)
[06/10/2026-22:38:27] [I] Average on 10 runs - GPU latency: 5.52031 ms - Host latency: 5.69141 ms (enqueue 0.64375 ms)
[06/10/2026-22:38:27] [I] Average on 10 runs - GPU latency: 5.525 ms - Host latency: 5.69844 ms (enqueue 0.657812 ms)
[06/10/2026-22:38:27] [I] Average on 10 runs - GPU latency: 5.52187 ms - Host latency: 5.69688 ms (enqueue 0.663281 ms)
[06/10/2026-22:38:27] [I] Average on 10 runs - GPU latency: 5.52422 ms - Host latency: 5.69688 ms (enqueue 0.663281 ms)
[06/10/2026-22:38:27] [I] Average on 10 runs - GPU latency: 5.52109 ms - Host latency: 5.69297 ms (enqueue 0.653125 ms)
[06/10/2026-22:38:27] [I] Average on 10 runs - GPU latency: 5.52266 ms - Host latency: 5.69531 ms (enqueue 0.665625 ms)
[06/10/2026-22:38:27] [I] Average on 10 runs - GPU latency: 5.52031 ms - Host latency: 5.69141 ms (enqueue 0.654688 ms)
[06/10/2026-22:38:27] [I] Average on 10 runs - GPU latency: 5.52031 ms - Host latency: 5.69297 ms (enqueue 0.670313 ms)
[06/10/2026-22:38:27] [I] Average on 10 runs - GPU latency: 5.52109 ms - Host latency: 5.69531 ms (enqueue 0.648438 ms)
[06/10/2026-22:38:27] [I] Average on 10 runs - GPU latency: 5.52422 ms - Host latency: 5.69688 ms (enqueue 0.65625 ms)
[06/10/2026-22:38:27] [I] Average on 10 runs - GPU latency: 5.52344 ms - Host latency: 5.69609 ms (enqueue 0.684375 ms)
[06/10/2026-22:38:27] [I] Average on 10 runs - GPU latency: 5.52656 ms - Host latency: 5.7 ms (enqueue 0.514063 ms)
[06/10/2026-22:38:27] [I] Average on 10 runs - GPU latency: 5.52344 ms - Host latency: 5.69844 ms (enqueue 0.678125 ms)
[06/10/2026-22:38:27] [I] Average on 10 runs - GPU latency: 5.52266 ms - Host latency: 5.70156 ms (enqueue 0.664062 ms)
[06/10/2026-22:38:27] [I] Average on 10 runs - GPU latency: 5.52344 ms - Host latency: 5.69453 ms (enqueue 0.640625 ms)
[06/10/2026-22:38:27] [I] Average on 10 runs - GPU latency: 5.52266 ms - Host latency: 5.69375 ms (enqueue 0.646875 ms)
[06/10/2026-22:38:27] [I] Average on 10 runs - GPU latency: 5.51953 ms - Host latency: 5.69219 ms (enqueue 0.654688 ms)
[06/10/2026-22:38:27] [I] Average on 10 runs - GPU latency: 5.52344 ms - Host latency: 5.69609 ms (enqueue 0.647656 ms)
[06/10/2026-22:38:27] [I] Average on 10 runs - GPU latency: 5.52187 ms - Host latency: 5.69375 ms (enqueue 0.646094 ms)
[06/10/2026-22:38:27] [I] Average on 10 runs - GPU latency: 5.52266 ms - Host latency: 5.69375 ms (enqueue 0.642187 ms)
[06/10/2026-22:38:27] [I] Average on 10 runs - GPU latency: 5.51875 ms - Host latency: 5.69141 ms (enqueue 0.644531 ms)
[06/10/2026-22:38:27] [I] Average on 10 runs - GPU latency: 5.52031 ms - Host latency: 5.69141 ms (enqueue 0.649219 ms)
[06/10/2026-22:38:27] [I] Average on 10 runs - GPU latency: 5.51953 ms - Host latency: 5.69063 ms (enqueue 0.638281 ms)
[06/10/2026-22:38:27] [I] Average on 10 runs - GPU latency: 5.52187 ms - Host latency: 5.69375 ms (enqueue 0.649219 ms)
[06/10/2026-22:38:27] [I] Average on 10 runs - GPU latency: 5.52109 ms - Host latency: 5.69297 ms (enqueue 0.64375 ms)
[06/10/2026-22:38:27] [I] Average on 10 runs - GPU latency: 5.52031 ms - Host latency: 5.68984 ms (enqueue 0.64375 ms)
[06/10/2026-22:38:27] [I] Average on 10 runs - GPU latency: 5.52266 ms - Host latency: 5.69219 ms (enqueue 0.644531 ms)
[06/10/2026-22:38:27] [I] Average on 10 runs - GPU latency: 5.52109 ms - Host latency: 5.7 ms (enqueue 0.6625 ms)
[06/10/2026-22:38:27] [I] Average on 10 runs - GPU latency: 5.52266 ms - Host latency: 5.69688 ms (enqueue 0.642969 ms)
[06/10/2026-22:38:27] [I] Average on 10 runs - GPU latency: 5.525 ms - Host latency: 5.69844 ms (enqueue 0.652344 ms)
[06/10/2026-22:38:27] [I] Average on 10 runs - GPU latency: 5.52578 ms - Host latency: 5.69922 ms (enqueue 0.666406 ms)
[06/10/2026-22:38:27] [I] Average on 10 runs - GPU latency: 5.52422 ms - Host latency: 5.69688 ms (enqueue 0.6625 ms)
[06/10/2026-22:38:27] [I] Average on 10 runs - GPU latency: 5.52109 ms - Host latency: 5.69766 ms (enqueue 0.651563 ms)
[06/10/2026-22:38:27] [I] Average on 10 runs - GPU latency: 5.52109 ms - Host latency: 5.69219 ms (enqueue 0.646094 ms)
[06/10/2026-22:38:27] [I] Average on 10 runs - GPU latency: 5.525 ms - Host latency: 5.70078 ms (enqueue 0.657031 ms)
[06/10/2026-22:38:27] [I] Average on 10 runs - GPU latency: 5.52109 ms - Host latency: 5.69141 ms (enqueue 0.645312 ms)
[06/10/2026-22:38:27] [I] Average on 10 runs - GPU latency: 5.52187 ms - Host latency: 5.69453 ms (enqueue 0.639844 ms)
[06/10/2026-22:38:27] [I] Average on 10 runs - GPU latency: 5.52187 ms - Host latency: 5.69453 ms (enqueue 0.65625 ms)
[06/10/2026-22:38:27] [I] Average on 10 runs - GPU latency: 5.52109 ms - Host latency: 5.69453 ms (enqueue 0.64375 ms)
[06/10/2026-22:38:27] [I] Average on 10 runs - GPU latency: 5.52266 ms - Host latency: 5.69219 ms (enqueue 0.648438 ms)
[06/10/2026-22:38:27] [I] Average on 10 runs - GPU latency: 5.525 ms - Host latency: 5.69609 ms (enqueue 0.651563 ms)
[06/10/2026-22:38:27] [I] Average on 10 runs - GPU latency: 5.52266 ms - Host latency: 5.69609 ms (enqueue 0.65 ms)
[06/10/2026-22:38:27] [I] Average on 10 runs - GPU latency: 5.525 ms - Host latency: 5.69375 ms (enqueue 0.659375 ms)
[06/10/2026-22:38:27] [I] Average on 10 runs - GPU latency: 5.52109 ms - Host latency: 5.69063 ms (enqueue 0.646094 ms)
[06/10/2026-22:38:27] [I] Average on 10 runs - GPU latency: 5.52109 ms - Host latency: 5.69688 ms (enqueue 0.648438 ms)
[06/10/2026-22:38:27] [I] Average on 10 runs - GPU latency: 5.51953 ms - Host latency: 5.69219 ms (enqueue 0.646094 ms)
[06/10/2026-22:38:27] [I] Average on 10 runs - GPU latency: 5.52031 ms - Host latency: 5.69297 ms (enqueue 0.654688 ms)
[06/10/2026-22:38:27] [I] Average on 10 runs - GPU latency: 5.52812 ms - Host latency: 5.70859 ms (enqueue 0.682813 ms)
[06/10/2026-22:38:27] [I] Average on 10 runs - GPU latency: 5.52344 ms - Host latency: 5.69922 ms (enqueue 0.664062 ms)
[06/10/2026-22:38:27] [I] Average on 10 runs - GPU latency: 5.52109 ms - Host latency: 5.69297 ms (enqueue 0.653125 ms)
[06/10/2026-22:38:27] [I] Average on 10 runs - GPU latency: 5.52187 ms - Host latency: 5.69609 ms (enqueue 0.666406 ms)
[06/10/2026-22:38:27] [I] Average on 10 runs - GPU latency: 5.52109 ms - Host latency: 5.69219 ms (enqueue 0.647656 ms)
[06/10/2026-22:38:27] [I] Average on 10 runs - GPU latency: 5.52422 ms - Host latency: 5.69453 ms (enqueue 0.639844 ms)
[06/10/2026-22:38:27] [I] Average on 10 runs - GPU latency: 5.51953 ms - Host latency: 5.69219 ms (enqueue 0.653125 ms)
[06/10/2026-22:38:27] [I] Average on 10 runs - GPU latency: 5.52422 ms - Host latency: 5.69531 ms (enqueue 0.634375 ms)
[06/10/2026-22:38:27] [I] Average on 10 runs - GPU latency: 5.52187 ms - Host latency: 5.69609 ms (enqueue 0.645312 ms)
[06/10/2026-22:38:27] [I] Average on 10 runs - GPU latency: 5.52266 ms - Host latency: 5.69141 ms (enqueue 0.647656 ms)
[06/10/2026-22:38:27] [I] Average on 10 runs - GPU latency: 5.52344 ms - Host latency: 5.69453 ms (enqueue 0.644531 ms)
[06/10/2026-22:38:27] [I] Average on 10 runs - GPU latency: 5.52266 ms - Host latency: 5.69375 ms (enqueue 0.642187 ms)
[06/10/2026-22:38:27] [I] Average on 10 runs - GPU latency: 5.51875 ms - Host latency: 5.68828 ms (enqueue 0.642187 ms)
[06/10/2026-22:38:27] [I] Average on 10 runs - GPU latency: 5.525 ms - Host latency: 5.69531 ms (enqueue 0.639063 ms)
[06/10/2026-22:38:27] [I] Average on 10 runs - GPU latency: 5.52187 ms - Host latency: 5.68984 ms (enqueue 0.639844 ms)
[06/10/2026-22:38:27] [I] Average on 10 runs - GPU latency: 5.52578 ms - Host latency: 5.69688 ms (enqueue 0.65 ms)
[06/10/2026-22:38:27] [I] Average on 10 runs - GPU latency: 5.52187 ms - Host latency: 5.69531 ms (enqueue 0.640625 ms)
[06/10/2026-22:38:27] [I] Average on 10 runs - GPU latency: 5.52187 ms - Host latency: 5.68906 ms (enqueue 0.644531 ms)
[06/10/2026-22:38:27] [I] Average on 10 runs - GPU latency: 5.52344 ms - Host latency: 5.69688 ms (enqueue 0.655469 ms)
[06/10/2026-22:38:27] [I] Average on 10 runs - GPU latency: 5.52266 ms - Host latency: 5.70703 ms (enqueue 0.715625 ms)
[06/10/2026-22:38:27] [I] Average on 10 runs - GPU latency: 5.52344 ms - Host latency: 5.69453 ms (enqueue 0.647656 ms)
[06/10/2026-22:38:27] [I] Average on 10 runs - GPU latency: 5.52344 ms - Host latency: 5.69609 ms (enqueue 0.660937 ms)
[06/10/2026-22:38:27] [I] Average on 10 runs - GPU latency: 5.52187 ms - Host latency: 5.69375 ms (enqueue 0.657812 ms)
[06/10/2026-22:38:27] [I] Average on 10 runs - GPU latency: 5.52266 ms - Host latency: 5.69219 ms (enqueue 0.651563 ms)
[06/10/2026-22:38:27] [I] Average on 10 runs - GPU latency: 5.52344 ms - Host latency: 5.69375 ms (enqueue 0.647656 ms)
[06/10/2026-22:38:27] [I] Average on 10 runs - GPU latency: 5.52422 ms - Host latency: 5.69375 ms (enqueue 0.646094 ms)
[06/10/2026-22:38:27] [I] Average on 10 runs - GPU latency: 5.52109 ms - Host latency: 5.69219 ms (enqueue 0.651563 ms)
[06/10/2026-22:38:27] [I] Average on 10 runs - GPU latency: 5.52187 ms - Host latency: 5.69297 ms (enqueue 0.646094 ms)
[06/10/2026-22:38:27] [I] Average on 10 runs - GPU latency: 5.52109 ms - Host latency: 5.69453 ms (enqueue 0.650781 ms)
[06/10/2026-22:38:27] [I] Average on 10 runs - GPU latency: 5.52266 ms - Host latency: 5.69453 ms (enqueue 0.644531 ms)
[06/10/2026-22:38:27] [I] Average on 10 runs - GPU latency: 5.52109 ms - Host latency: 5.69297 ms (enqueue 0.654688 ms)
[06/10/2026-22:38:27] [I] Average on 10 runs - GPU latency: 5.52344 ms - Host latency: 5.69531 ms (enqueue 0.639063 ms)
[06/10/2026-22:38:27] [I] Average on 10 runs - GPU latency: 5.52187 ms - Host latency: 5.69063 ms (enqueue 0.639063 ms)
[06/10/2026-22:38:27] [I] Average on 10 runs - GPU latency: 5.52031 ms - Host latency: 5.69375 ms (enqueue 0.650781 ms)
[06/10/2026-22:38:27] [I] Average on 10 runs - GPU latency: 5.52031 ms - Host latency: 5.69453 ms (enqueue 0.639063 ms)
[06/10/2026-22:38:27] [I] Average on 10 runs - GPU latency: 5.52266 ms - Host latency: 5.69609 ms (enqueue 0.646875 ms)
[06/10/2026-22:38:27] [I] Average on 10 runs - GPU latency: 5.52266 ms - Host latency: 5.7 ms (enqueue 0.655469 ms)
[06/10/2026-22:38:27] [I] Average on 10 runs - GPU latency: 5.52812 ms - Host latency: 5.71484 ms (enqueue 0.667188 ms)
[06/10/2026-22:38:27] [I] Average on 10 runs - GPU latency: 5.52344 ms - Host latency: 5.69609 ms (enqueue 0.653906 ms)
[06/10/2026-22:38:27] [I] Average on 10 runs - GPU latency: 5.525 ms - Host latency: 5.69844 ms (enqueue 0.649219 ms)
[06/10/2026-22:38:27] [I] Average on 10 runs - GPU latency: 5.52266 ms - Host latency: 5.69766 ms (enqueue 0.664844 ms)
[06/10/2026-22:38:27] [I] Average on 10 runs - GPU latency: 5.52266 ms - Host latency: 5.69688 ms (enqueue 0.651563 ms)
[06/10/2026-22:38:27] [I] Average on 10 runs - GPU latency: 5.52266 ms - Host latency: 5.69609 ms (enqueue 0.657031 ms)
[06/10/2026-22:38:27] [I] Average on 10 runs - GPU latency: 5.52344 ms - Host latency: 5.69453 ms (enqueue 0.639844 ms)
[06/10/2026-22:38:27] [I] Average on 10 runs - GPU latency: 5.525 ms - Host latency: 5.69609 ms (enqueue 0.654688 ms)
[06/10/2026-22:38:27] [I] Average on 10 runs - GPU latency: 5.52578 ms - Host latency: 5.69922 ms (enqueue 0.653125 ms)
[06/10/2026-22:38:27] [I] Average on 10 runs - GPU latency: 5.52344 ms - Host latency: 5.69375 ms (enqueue 0.657812 ms)
[06/10/2026-22:38:27] [I] Average on 10 runs - GPU latency: 5.52266 ms - Host latency: 5.69297 ms (enqueue 0.648438 ms)
[06/10/2026-22:38:27] [I] Average on 10 runs - GPU latency: 5.52422 ms - Host latency: 5.69688 ms (enqueue 0.65 ms)
[06/10/2026-22:38:27] [I] Average on 10 runs - GPU latency: 5.52187 ms - Host latency: 5.69375 ms (enqueue 0.660937 ms)
[06/10/2026-22:38:27] [I] Average on 10 runs - GPU latency: 5.52031 ms - Host latency: 5.69063 ms (enqueue 0.646094 ms)
[06/10/2026-22:38:27] [I] Average on 10 runs - GPU latency: 5.52266 ms - Host latency: 5.69297 ms (enqueue 0.646875 ms)
[06/10/2026-22:38:27] [I] 
[06/10/2026-22:38:27] [I] === Performance summary ===
[06/10/2026-22:38:27] [I] Throughput: 180.983 qps
[06/10/2026-22:38:27] [I] Latency: min = 5.66406 ms, max = 5.98438 ms, mean = 5.69506 ms, median = 5.69531 ms, percentile(90%) = 5.70312 ms, percentile(95%) = 5.70508 ms, percentile(99%) = 5.71875 ms
[06/10/2026-22:38:27] [I] Enqueue Time: min = 0.375 ms, max = 1.33984 ms, mean = 0.646628 ms, median = 0.640625 ms, percentile(90%) = 0.707031 ms, percentile(95%) = 0.734375 ms, percentile(99%) = 0.765625 ms
[06/10/2026-22:38:27] [I] H2D Latency: min = 0.109375 ms, max = 0.410156 ms, mean = 0.121573 ms, median = 0.121094 ms, percentile(90%) = 0.125 ms, percentile(95%) = 0.125 ms, percentile(99%) = 0.140625 ms
[06/10/2026-22:38:27] [I] GPU Compute Time: min = 5.50781 ms, max = 5.5625 ms, mean = 5.52245 ms, median = 5.52344 ms, percentile(90%) = 5.52734 ms, percentile(95%) = 5.53125 ms, percentile(99%) = 5.53125 ms
[06/10/2026-22:38:27] [I] D2H Latency: min = 0.046875 ms, max = 0.0546875 ms, mean = 0.0510558 ms, median = 0.0507812 ms, percentile(90%) = 0.0546875 ms, percentile(95%) = 0.0546875 ms, percentile(99%) = 0.0546875 ms
[06/10/2026-22:38:27] [I] Total Host Walltime: 120.017 s
[06/10/2026-22:38:27] [I] Total GPU Compute Time: 119.953 s
[06/10/2026-22:38:27] [I] Explanations of the performance metrics are printed in the verbose logs.
[06/10/2026-22:38:27] [I] 
&&&& PASSED TensorRT.trtexec [TensorRT v100300] # /usr/src/tensorrt/bin/trtexec --loadEngine=engines/model_student_fp16.engine --warmUp=5000 --duration=120 --avgRuns=10
