&&&& RUNNING TensorRT.trtexec [TensorRT v100300] # /usr/src/tensorrt/bin/trtexec --loadEngine=engines/model_student_fp16.engine --warmUp=5000 --duration=120 --avgRuns=10
[06/10/2026-23:25:52] [I] === Model Options ===
[06/10/2026-23:25:52] [I] Format: *
[06/10/2026-23:25:52] [I] Model: 
[06/10/2026-23:25:52] [I] Output:
[06/10/2026-23:25:52] [I] 
[06/10/2026-23:25:52] [I] === System Options ===
[06/10/2026-23:25:52] [I] Device: 0
[06/10/2026-23:25:52] [I] DLACore: 
[06/10/2026-23:25:52] [I] Plugins:
[06/10/2026-23:25:52] [I] setPluginsToSerialize:
[06/10/2026-23:25:52] [I] dynamicPlugins:
[06/10/2026-23:25:52] [I] ignoreParsedPluginLibs: 0
[06/10/2026-23:25:52] [I] 
[06/10/2026-23:25:52] [I] === Inference Options ===
[06/10/2026-23:25:52] [I] Batch: Explicit
[06/10/2026-23:25:52] [I] Input inference shapes: model
[06/10/2026-23:25:52] [I] Iterations: 10
[06/10/2026-23:25:52] [I] Duration: 120s (+ 5000ms warm up)
[06/10/2026-23:25:52] [I] Sleep time: 0ms
[06/10/2026-23:25:52] [I] Idle time: 0ms
[06/10/2026-23:25:52] [I] Inference Streams: 1
[06/10/2026-23:25:52] [I] ExposeDMA: Disabled
[06/10/2026-23:25:52] [I] Data transfers: Enabled
[06/10/2026-23:25:52] [I] Spin-wait: Disabled
[06/10/2026-23:25:52] [I] Multithreading: Disabled
[06/10/2026-23:25:52] [I] CUDA Graph: Disabled
[06/10/2026-23:25:52] [I] Separate profiling: Disabled
[06/10/2026-23:25:52] [I] Time Deserialize: Disabled
[06/10/2026-23:25:52] [I] Time Refit: Disabled
[06/10/2026-23:25:52] [I] NVTX verbosity: 0
[06/10/2026-23:25:52] [I] Persistent Cache Ratio: 0
[06/10/2026-23:25:52] [I] Optimization Profile Index: 0
[06/10/2026-23:25:52] [I] Weight Streaming Budget: 100.000000%
[06/10/2026-23:25:52] [I] Inputs:
[06/10/2026-23:25:52] [I] Debug Tensor Save Destinations:
[06/10/2026-23:25:52] [I] === Reporting Options ===
[06/10/2026-23:25:52] [I] Verbose: Disabled
[06/10/2026-23:25:52] [I] Averages: 10 inferences
[06/10/2026-23:25:52] [I] Percentiles: 90,95,99
[06/10/2026-23:25:52] [I] Dump refittable layers:Disabled
[06/10/2026-23:25:52] [I] Dump output: Disabled
[06/10/2026-23:25:52] [I] Profile: Disabled
[06/10/2026-23:25:52] [I] Export timing to JSON file: 
[06/10/2026-23:25:52] [I] Export output to JSON file: 
[06/10/2026-23:25:52] [I] Export profile to JSON file: 
[06/10/2026-23:25:52] [I] 
[06/10/2026-23:25:52] [I] === Device Information ===
[06/10/2026-23:25:52] [I] Available Devices: 
[06/10/2026-23:25:52] [I]   Device 0: "Orin" UUID: GPU-643ca45e-8099-5e7a-9e17-a340e09113ad
[06/10/2026-23:25:53] [I] Selected Device: Orin
[06/10/2026-23:25:53] [I] Selected Device ID: 0
[06/10/2026-23:25:53] [I] Selected Device UUID: GPU-643ca45e-8099-5e7a-9e17-a340e09113ad
[06/10/2026-23:25:53] [I] Compute Capability: 8.7
[06/10/2026-23:25:53] [I] SMs: 4
[06/10/2026-23:25:53] [I] Device Global Memory: 7619 MiB
[06/10/2026-23:25:53] [I] Shared Memory per SM: 164 KiB
[06/10/2026-23:25:53] [I] Memory Bus Width: 128 bits (ECC disabled)
[06/10/2026-23:25:53] [I] Application Compute Clock Rate: 1.02 GHz
[06/10/2026-23:25:53] [I] Application Memory Clock Rate: 0.408 GHz
[06/10/2026-23:25:53] [I] 
[06/10/2026-23:25:53] [I] Note: The application clock rates do not reflect the actual clock rates that the GPU is currently running at.
[06/10/2026-23:25:53] [I] 
[06/10/2026-23:25:53] [I] TensorRT version: 10.3.0
[06/10/2026-23:25:53] [I] Loading standard plugins
[06/10/2026-23:25:55] [I] [TRT] Loaded engine size: 2 MiB
[06/10/2026-23:25:55] [I] Engine deserialized in 0.421646 sec.
[06/10/2026-23:25:55] [I] [TRT] [MemUsageChange] TensorRT-managed allocation in IExecutionContext creation: CPU +0, GPU +32, now: CPU 0, GPU 33 (MiB)
[06/10/2026-23:25:55] [I] Setting persistentCacheLimit to 0 bytes.
[06/10/2026-23:25:55] [I] Created execution context with device memory size: 31.75 MiB
[06/10/2026-23:25:55] [I] Using random values for input input
[06/10/2026-23:25:55] [I] Input binding for input with dimensions 1x2x512x512 is created.
[06/10/2026-23:25:55] [I] Output binding for output with dimensions 1x1x512x512 is created.
[06/10/2026-23:25:55] [I] Starting inference
[06/10/2026-23:28:00] [I] Warmup completed 223 queries over 5000 ms
[06/10/2026-23:28:00] [I] Timing trace has 5516 queries over 120.066 s
[06/10/2026-23:28:00] [I] 
[06/10/2026-23:28:00] [I] === Trace details ===
[06/10/2026-23:28:00] [I] Trace averages of 10 runs:
[06/10/2026-23:28:00] [I] Average on 10 runs - GPU latency: 21.7523 ms - Host latency: 22.0799 ms (enqueue 0.76001 ms)
[06/10/2026-23:28:00] [I] Average on 10 runs - GPU latency: 21.7585 ms - Host latency: 22.0852 ms (enqueue 0.731445 ms)
[06/10/2026-23:28:00] [I] Average on 10 runs - GPU latency: 21.7572 ms - Host latency: 22.0958 ms (enqueue 0.773828 ms)
[06/10/2026-23:28:00] [I] Average on 10 runs - GPU latency: 21.76 ms - Host latency: 22.095 ms (enqueue 0.798584 ms)
[06/10/2026-23:28:00] [I] Average on 10 runs - GPU latency: 21.757 ms - Host latency: 22.0809 ms (enqueue 0.709717 ms)
[06/10/2026-23:28:00] [I] Average on 10 runs - GPU latency: 21.7588 ms - Host latency: 22.0839 ms (enqueue 0.713965 ms)
[06/10/2026-23:28:00] [I] Average on 10 runs - GPU latency: 21.7566 ms - Host latency: 22.0845 ms (enqueue 0.754687 ms)
[06/10/2026-23:28:00] [I] Average on 10 runs - GPU latency: 21.7543 ms - Host latency: 22.0847 ms (enqueue 0.775635 ms)
[06/10/2026-23:28:00] [I] Average on 10 runs - GPU latency: 21.7579 ms - Host latency: 22.096 ms (enqueue 0.85752 ms)
[06/10/2026-23:28:00] [I] Average on 10 runs - GPU latency: 21.7557 ms - Host latency: 22.0816 ms (enqueue 0.770361 ms)
[06/10/2026-23:28:00] [I] Average on 10 runs - GPU latency: 21.7571 ms - Host latency: 22.0838 ms (enqueue 0.748828 ms)
[06/10/2026-23:28:00] [I] Average on 10 runs - GPU latency: 21.7575 ms - Host latency: 22.0825 ms (enqueue 0.732861 ms)
[06/10/2026-23:28:00] [I] Average on 10 runs - GPU latency: 21.76 ms - Host latency: 22.0887 ms (enqueue 0.766113 ms)
[06/10/2026-23:28:00] [I] Average on 10 runs - GPU latency: 21.7579 ms - Host latency: 22.0928 ms (enqueue 0.807959 ms)
[06/10/2026-23:28:00] [I] Average on 10 runs - GPU latency: 21.7605 ms - Host latency: 22.0946 ms (enqueue 0.793457 ms)
[06/10/2026-23:28:00] [I] Average on 10 runs - GPU latency: 21.753 ms - Host latency: 22.0835 ms (enqueue 0.778125 ms)
[06/10/2026-23:28:00] [I] Average on 10 runs - GPU latency: 21.7553 ms - Host latency: 22.0788 ms (enqueue 0.712402 ms)
[06/10/2026-23:28:00] [I] Average on 10 runs - GPU latency: 21.7538 ms - Host latency: 22.0847 ms (enqueue 0.806836 ms)
[06/10/2026-23:28:00] [I] Average on 10 runs - GPU latency: 21.7586 ms - Host latency: 22.0942 ms (enqueue 0.785254 ms)
[06/10/2026-23:28:00] [I] Average on 10 runs - GPU latency: 21.7598 ms - Host latency: 22.0845 ms (enqueue 0.725098 ms)
[06/10/2026-23:28:00] [I] Average on 10 runs - GPU latency: 21.7585 ms - Host latency: 22.0913 ms (enqueue 0.770801 ms)
[06/10/2026-23:28:00] [I] Average on 10 runs - GPU latency: 21.7567 ms - Host latency: 22.0867 ms (enqueue 0.764844 ms)
[06/10/2026-23:28:00] [I] Average on 10 runs - GPU latency: 21.7568 ms - Host latency: 22.0891 ms (enqueue 0.791797 ms)
[06/10/2026-23:28:00] [I] Average on 10 runs - GPU latency: 21.7543 ms - Host latency: 22.0793 ms (enqueue 0.700098 ms)
[06/10/2026-23:28:00] [I] Average on 10 runs - GPU latency: 21.7604 ms - Host latency: 22.0908 ms (enqueue 0.79873 ms)
[06/10/2026-23:28:00] [I] Average on 10 runs - GPU latency: 21.7582 ms - Host latency: 22.0878 ms (enqueue 0.76377 ms)
[06/10/2026-23:28:00] [I] Average on 10 runs - GPU latency: 21.7584 ms - Host latency: 22.0943 ms (enqueue 0.822266 ms)
[06/10/2026-23:28:00] [I] Average on 10 runs - GPU latency: 21.7562 ms - Host latency: 22.0831 ms (enqueue 0.770801 ms)
[06/10/2026-23:28:00] [I] Average on 10 runs - GPU latency: 21.7551 ms - Host latency: 22.0777 ms (enqueue 0.699902 ms)
[06/10/2026-23:28:00] [I] Average on 10 runs - GPU latency: 21.7597 ms - Host latency: 22.0957 ms (enqueue 0.845996 ms)
[06/10/2026-23:28:00] [I] Average on 10 runs - GPU latency: 21.7563 ms - Host latency: 22.0872 ms (enqueue 0.746191 ms)
[06/10/2026-23:28:00] [I] Average on 10 runs - GPU latency: 21.7544 ms - Host latency: 22.0858 ms (enqueue 0.761914 ms)
[06/10/2026-23:28:00] [I] Average on 10 runs - GPU latency: 21.755 ms - Host latency: 22.0861 ms (enqueue 0.767773 ms)
[06/10/2026-23:28:00] [I] Average on 10 runs - GPU latency: 21.7572 ms - Host latency: 22.0812 ms (enqueue 0.733105 ms)
[06/10/2026-23:28:00] [I] Average on 10 runs - GPU latency: 21.7561 ms - Host latency: 22.0864 ms (enqueue 0.780762 ms)
[06/10/2026-23:28:00] [I] Average on 10 runs - GPU latency: 21.7612 ms - Host latency: 22.1019 ms (enqueue 0.85459 ms)
[06/10/2026-23:28:00] [I] Average on 10 runs - GPU latency: 21.7594 ms - Host latency: 22.0928 ms (enqueue 0.827246 ms)
[06/10/2026-23:28:00] [I] Average on 10 runs - GPU latency: 21.761 ms - Host latency: 22.0864 ms (enqueue 0.686426 ms)
[06/10/2026-23:28:00] [I] Average on 10 runs - GPU latency: 21.7543 ms - Host latency: 22.0875 ms (enqueue 0.787207 ms)
[06/10/2026-23:28:00] [I] Average on 10 runs - GPU latency: 21.76 ms - Host latency: 22.0863 ms (enqueue 0.741992 ms)
[06/10/2026-23:28:00] [I] Average on 10 runs - GPU latency: 21.7616 ms - Host latency: 22.1021 ms (enqueue 0.854102 ms)
[06/10/2026-23:28:00] [I] Average on 10 runs - GPU latency: 21.7603 ms - Host latency: 22.0911 ms (enqueue 0.770508 ms)
[06/10/2026-23:28:00] [I] Average on 10 runs - GPU latency: 21.7582 ms - Host latency: 22.082 ms (enqueue 0.713965 ms)
[06/10/2026-23:28:00] [I] Average on 10 runs - GPU latency: 21.7555 ms - Host latency: 22.0852 ms (enqueue 0.743945 ms)
[06/10/2026-23:28:00] [I] Average on 10 runs - GPU latency: 21.7588 ms - Host latency: 22.0951 ms (enqueue 0.895117 ms)
[06/10/2026-23:28:00] [I] Average on 10 runs - GPU latency: 21.7571 ms - Host latency: 22.0963 ms (enqueue 0.822461 ms)
[06/10/2026-23:28:00] [I] Average on 10 runs - GPU latency: 21.7639 ms - Host latency: 22.0926 ms (enqueue 0.763867 ms)
[06/10/2026-23:28:00] [I] Average on 10 runs - GPU latency: 21.7583 ms - Host latency: 22.0911 ms (enqueue 0.794238 ms)
[06/10/2026-23:28:00] [I] Average on 10 runs - GPU latency: 21.7597 ms - Host latency: 22.0823 ms (enqueue 0.716895 ms)
[06/10/2026-23:28:00] [I] Average on 10 runs - GPU latency: 21.7569 ms - Host latency: 22.0893 ms (enqueue 0.804492 ms)
[06/10/2026-23:28:00] [I] Average on 10 runs - GPU latency: 21.7541 ms - Host latency: 22.0912 ms (enqueue 0.80625 ms)
[06/10/2026-23:28:00] [I] Average on 10 runs - GPU latency: 21.7591 ms - Host latency: 22.0977 ms (enqueue 0.800781 ms)
[06/10/2026-23:28:00] [I] Average on 10 runs - GPU latency: 21.7614 ms - Host latency: 22.0933 ms (enqueue 0.777148 ms)
[06/10/2026-23:28:00] [I] Average on 10 runs - GPU latency: 21.7586 ms - Host latency: 22.0812 ms (enqueue 0.70918 ms)
[06/10/2026-23:28:00] [I] Average on 10 runs - GPU latency: 21.7543 ms - Host latency: 22.0898 ms (enqueue 0.818945 ms)
[06/10/2026-23:28:00] [I] Average on 10 runs - GPU latency: 21.7559 ms - Host latency: 22.083 ms (enqueue 0.710938 ms)
[06/10/2026-23:28:00] [I] Average on 10 runs - GPU latency: 21.7598 ms - Host latency: 22.0957 ms (enqueue 0.807813 ms)
[06/10/2026-23:28:00] [I] Average on 10 runs - GPU latency: 21.7551 ms - Host latency: 22.0902 ms (enqueue 0.850586 ms)
[06/10/2026-23:28:00] [I] Average on 10 runs - GPU latency: 21.758 ms - Host latency: 22.0914 ms (enqueue 0.799609 ms)
[06/10/2026-23:28:00] [I] Average on 10 runs - GPU latency: 21.7564 ms - Host latency: 22.0832 ms (enqueue 0.754492 ms)
[06/10/2026-23:28:00] [I] Average on 10 runs - GPU latency: 21.7564 ms - Host latency: 22.0779 ms (enqueue 0.690625 ms)
[06/10/2026-23:28:00] [I] Average on 10 runs - GPU latency: 21.7572 ms - Host latency: 22.0906 ms (enqueue 0.77832 ms)
[06/10/2026-23:28:00] [I] Average on 10 runs - GPU latency: 21.7594 ms - Host latency: 22.093 ms (enqueue 0.760742 ms)
[06/10/2026-23:28:00] [I] Average on 10 runs - GPU latency: 21.758 ms - Host latency: 22.0947 ms (enqueue 0.848633 ms)
[06/10/2026-23:28:00] [I] Average on 10 runs - GPU latency: 21.76 ms - Host latency: 22.093 ms (enqueue 0.809961 ms)
[06/10/2026-23:28:00] [I] Average on 10 runs - GPU latency: 21.7596 ms - Host latency: 22.0867 ms (enqueue 0.768359 ms)
[06/10/2026-23:28:00] [I] Average on 10 runs - GPU latency: 21.757 ms - Host latency: 22.09 ms (enqueue 0.793359 ms)
[06/10/2026-23:28:00] [I] Average on 10 runs - GPU latency: 21.758 ms - Host latency: 22.1 ms (enqueue 0.859375 ms)
[06/10/2026-23:28:00] [I] Average on 10 runs - GPU latency: 21.7578 ms - Host latency: 22.0938 ms (enqueue 0.8875 ms)
[06/10/2026-23:28:00] [I] Average on 10 runs - GPU latency: 21.7514 ms - Host latency: 22.076 ms (enqueue 0.712891 ms)
[06/10/2026-23:28:00] [I] Average on 10 runs - GPU latency: 21.7619 ms - Host latency: 22.0967 ms (enqueue 0.807031 ms)
[06/10/2026-23:28:00] [I] Average on 10 runs - GPU latency: 21.76 ms - Host latency: 22.0861 ms (enqueue 0.801172 ms)
[06/10/2026-23:28:00] [I] Average on 10 runs - GPU latency: 21.7605 ms - Host latency: 22.1041 ms (enqueue 1.03437 ms)
[06/10/2026-23:28:00] [I] Average on 10 runs - GPU latency: 21.7561 ms - Host latency: 22.0916 ms (enqueue 0.938672 ms)
[06/10/2026-23:28:00] [I] Average on 10 runs - GPU latency: 21.758 ms - Host latency: 22.0871 ms (enqueue 0.7625 ms)
[06/10/2026-23:28:00] [I] Average on 10 runs - GPU latency: 21.7557 ms - Host latency: 22.0814 ms (enqueue 0.763281 ms)
[06/10/2026-23:28:00] [I] Average on 10 runs - GPU latency: 21.7621 ms - Host latency: 22.0867 ms (enqueue 0.731641 ms)
[06/10/2026-23:28:00] [I] Average on 10 runs - GPU latency: 21.7582 ms - Host latency: 22.0975 ms (enqueue 0.84668 ms)
[06/10/2026-23:28:00] [I] Average on 10 runs - GPU latency: 21.759 ms - Host latency: 22.0928 ms (enqueue 0.803125 ms)
[06/10/2026-23:28:00] [I] Average on 10 runs - GPU latency: 21.7594 ms - Host latency: 22.0863 ms (enqueue 0.768164 ms)
[06/10/2026-23:28:00] [I] Average on 10 runs - GPU latency: 21.7602 ms - Host latency: 22.0859 ms (enqueue 0.739258 ms)
[06/10/2026-23:28:00] [I] Average on 10 runs - GPU latency: 21.7621 ms - Host latency: 22.0947 ms (enqueue 0.932813 ms)
[06/10/2026-23:28:00] [I] Average on 10 runs - GPU latency: 21.7586 ms - Host latency: 22.092 ms (enqueue 0.770312 ms)
[06/10/2026-23:28:00] [I] Average on 10 runs - GPU latency: 21.7572 ms - Host latency: 22.0854 ms (enqueue 0.727539 ms)
[06/10/2026-23:28:00] [I] Average on 10 runs - GPU latency: 21.7549 ms - Host latency: 22.085 ms (enqueue 0.779883 ms)
[06/10/2026-23:28:00] [I] Average on 10 runs - GPU latency: 21.7615 ms - Host latency: 22.0871 ms (enqueue 0.729492 ms)
[06/10/2026-23:28:00] [I] Average on 10 runs - GPU latency: 21.7607 ms - Host latency: 22.0959 ms (enqueue 0.816211 ms)
[06/10/2026-23:28:00] [I] Average on 10 runs - GPU latency: 21.757 ms - Host latency: 22.082 ms (enqueue 0.757617 ms)
[06/10/2026-23:28:00] [I] Average on 10 runs - GPU latency: 21.7637 ms - Host latency: 22.0961 ms (enqueue 0.798437 ms)
[06/10/2026-23:28:00] [I] Average on 10 runs - GPU latency: 21.7611 ms - Host latency: 22.0951 ms (enqueue 0.805664 ms)
[06/10/2026-23:28:00] [I] Average on 10 runs - GPU latency: 21.7594 ms - Host latency: 22.0906 ms (enqueue 0.84043 ms)
[06/10/2026-23:28:00] [I] Average on 10 runs - GPU latency: 21.76 ms - Host latency: 22.0928 ms (enqueue 0.835742 ms)
[06/10/2026-23:28:00] [I] Average on 10 runs - GPU latency: 21.7566 ms - Host latency: 22.083 ms (enqueue 0.732031 ms)
[06/10/2026-23:28:00] [I] Average on 10 runs - GPU latency: 21.7588 ms - Host latency: 22.0932 ms (enqueue 0.788867 ms)
[06/10/2026-23:28:00] [I] Average on 10 runs - GPU latency: 21.7609 ms - Host latency: 22.092 ms (enqueue 0.770898 ms)
[06/10/2026-23:28:00] [I] Average on 10 runs - GPU latency: 21.7611 ms - Host latency: 22.0988 ms (enqueue 0.848828 ms)
[06/10/2026-23:28:00] [I] Average on 10 runs - GPU latency: 21.757 ms - Host latency: 22.0809 ms (enqueue 0.737891 ms)
[06/10/2026-23:28:00] [I] Average on 10 runs - GPU latency: 21.7529 ms - Host latency: 22.0824 ms (enqueue 0.726367 ms)
[06/10/2026-23:28:00] [I] Average on 10 runs - GPU latency: 21.7547 ms - Host latency: 22.0871 ms (enqueue 0.927734 ms)
[06/10/2026-23:28:00] [I] Average on 10 runs - GPU latency: 21.7572 ms - Host latency: 22.1031 ms (enqueue 1.05645 ms)
[06/10/2026-23:28:00] [I] Average on 10 runs - GPU latency: 21.7633 ms - Host latency: 22.1039 ms (enqueue 0.880273 ms)
[06/10/2026-23:28:00] [I] Average on 10 runs - GPU latency: 21.7613 ms - Host latency: 22.093 ms (enqueue 0.79043 ms)
[06/10/2026-23:28:00] [I] Average on 10 runs - GPU latency: 21.7563 ms - Host latency: 22.0785 ms (enqueue 0.718164 ms)
[06/10/2026-23:28:00] [I] Average on 10 runs - GPU latency: 21.7576 ms - Host latency: 22.085 ms (enqueue 0.741602 ms)
[06/10/2026-23:28:00] [I] Average on 10 runs - GPU latency: 21.7609 ms - Host latency: 22.1086 ms (enqueue 0.876367 ms)
[06/10/2026-23:28:00] [I] Average on 10 runs - GPU latency: 21.7607 ms - Host latency: 22.0941 ms (enqueue 0.803125 ms)
[06/10/2026-23:28:00] [I] Average on 10 runs - GPU latency: 21.758 ms - Host latency: 22.0895 ms (enqueue 0.778906 ms)
[06/10/2026-23:28:00] [I] Average on 10 runs - GPU latency: 21.757 ms - Host latency: 22.091 ms (enqueue 0.781641 ms)
[06/10/2026-23:28:00] [I] Average on 10 runs - GPU latency: 21.7588 ms - Host latency: 22.0867 ms (enqueue 0.778906 ms)
[06/10/2026-23:28:00] [I] Average on 10 runs - GPU latency: 21.7609 ms - Host latency: 22.0998 ms (enqueue 0.852344 ms)
[06/10/2026-23:28:00] [I] Average on 10 runs - GPU latency: 21.7623 ms - Host latency: 22.0953 ms (enqueue 0.754102 ms)
[06/10/2026-23:28:00] [I] Average on 10 runs - GPU latency: 21.7553 ms - Host latency: 22.0807 ms (enqueue 0.739258 ms)
[06/10/2026-23:28:00] [I] Average on 10 runs - GPU latency: 21.7605 ms - Host latency: 22.0857 ms (enqueue 0.729883 ms)
[06/10/2026-23:28:00] [I] Average on 10 runs - GPU latency: 21.76 ms - Host latency: 22.0936 ms (enqueue 0.8 ms)
[06/10/2026-23:28:00] [I] Average on 10 runs - GPU latency: 21.7586 ms - Host latency: 22.0965 ms (enqueue 0.839844 ms)
[06/10/2026-23:28:00] [I] Average on 10 runs - GPU latency: 21.7598 ms - Host latency: 22.0947 ms (enqueue 0.813672 ms)
[06/10/2026-23:28:00] [I] Average on 10 runs - GPU latency: 21.759 ms - Host latency: 22.0918 ms (enqueue 0.807422 ms)
[06/10/2026-23:28:00] [I] Average on 10 runs - GPU latency: 21.7576 ms - Host latency: 22.0945 ms (enqueue 0.736328 ms)
[06/10/2026-23:28:00] [I] Average on 10 runs - GPU latency: 21.7687 ms - Host latency: 22.1143 ms (enqueue 0.840234 ms)
[06/10/2026-23:28:00] [I] Average on 10 runs - GPU latency: 21.7617 ms - Host latency: 22.0871 ms (enqueue 0.788867 ms)
[06/10/2026-23:28:00] [I] Average on 10 runs - GPU latency: 21.7596 ms - Host latency: 22.0924 ms (enqueue 0.8 ms)
[06/10/2026-23:28:00] [I] Average on 10 runs - GPU latency: 21.7578 ms - Host latency: 22.0875 ms (enqueue 0.788867 ms)
[06/10/2026-23:28:00] [I] Average on 10 runs - GPU latency: 21.76 ms - Host latency: 22.0904 ms (enqueue 0.722852 ms)
[06/10/2026-23:28:00] [I] Average on 10 runs - GPU latency: 21.7555 ms - Host latency: 22.0896 ms (enqueue 0.88457 ms)
[06/10/2026-23:28:00] [I] Average on 10 runs - GPU latency: 21.7643 ms - Host latency: 22.0947 ms (enqueue 0.818359 ms)
[06/10/2026-23:28:00] [I] Average on 10 runs - GPU latency: 21.7564 ms - Host latency: 22.0953 ms (enqueue 0.803711 ms)
[06/10/2026-23:28:00] [I] Average on 10 runs - GPU latency: 21.7588 ms - Host latency: 22.0926 ms (enqueue 0.794727 ms)
[06/10/2026-23:28:00] [I] Average on 10 runs - GPU latency: 21.758 ms - Host latency: 22.0945 ms (enqueue 0.850391 ms)
[06/10/2026-23:28:00] [I] Average on 10 runs - GPU latency: 21.7578 ms - Host latency: 22.0828 ms (enqueue 0.748047 ms)
[06/10/2026-23:28:00] [I] Average on 10 runs - GPU latency: 21.7559 ms - Host latency: 22.0855 ms (enqueue 0.858594 ms)
[06/10/2026-23:28:00] [I] Average on 10 runs - GPU latency: 21.759 ms - Host latency: 22.0871 ms (enqueue 0.758984 ms)
[06/10/2026-23:28:00] [I] Average on 10 runs - GPU latency: 21.7566 ms - Host latency: 22.0859 ms (enqueue 0.776563 ms)
[06/10/2026-23:28:00] [I] Average on 10 runs - GPU latency: 21.7617 ms - Host latency: 22.1 ms (enqueue 0.808984 ms)
[06/10/2026-23:28:00] [I] Average on 10 runs - GPU latency: 21.7563 ms - Host latency: 22.0809 ms (enqueue 0.721094 ms)
[06/10/2026-23:28:00] [I] Average on 10 runs - GPU latency: 21.7605 ms - Host latency: 22.0926 ms (enqueue 0.809766 ms)
[06/10/2026-23:28:00] [I] Average on 10 runs - GPU latency: 21.7594 ms - Host latency: 22.0848 ms (enqueue 0.75625 ms)
[06/10/2026-23:28:00] [I] Average on 10 runs - GPU latency: 21.7543 ms - Host latency: 22.0898 ms (enqueue 0.817578 ms)
[06/10/2026-23:28:00] [I] Average on 10 runs - GPU latency: 21.7559 ms - Host latency: 22.0883 ms (enqueue 0.771094 ms)
[06/10/2026-23:28:00] [I] Average on 10 runs - GPU latency: 21.7543 ms - Host latency: 22.082 ms (enqueue 0.741406 ms)
[06/10/2026-23:28:00] [I] Average on 10 runs - GPU latency: 21.7578 ms - Host latency: 22.084 ms (enqueue 0.758594 ms)
[06/10/2026-23:28:00] [I] Average on 10 runs - GPU latency: 21.7574 ms - Host latency: 22.0918 ms (enqueue 0.766406 ms)
[06/10/2026-23:28:00] [I] Average on 10 runs - GPU latency: 21.759 ms - Host latency: 22.093 ms (enqueue 0.884766 ms)
[06/10/2026-23:28:00] [I] Average on 10 runs - GPU latency: 21.759 ms - Host latency: 22.0898 ms (enqueue 0.749609 ms)
[06/10/2026-23:28:00] [I] Average on 10 runs - GPU latency: 21.759 ms - Host latency: 22.0855 ms (enqueue 0.735937 ms)
[06/10/2026-23:28:00] [I] Average on 10 runs - GPU latency: 21.7637 ms - Host latency: 22.0941 ms (enqueue 0.773828 ms)
[06/10/2026-23:28:00] [I] Average on 10 runs - GPU latency: 21.7551 ms - Host latency: 22.0809 ms (enqueue 0.733203 ms)
[06/10/2026-23:28:00] [I] Average on 10 runs - GPU latency: 21.7535 ms - Host latency: 22.0859 ms (enqueue 0.817578 ms)
[06/10/2026-23:28:00] [I] Average on 10 runs - GPU latency: 21.7551 ms - Host latency: 22.0859 ms (enqueue 0.745313 ms)
[06/10/2026-23:28:00] [I] Average on 10 runs - GPU latency: 21.7563 ms - Host latency: 22.0898 ms (enqueue 0.846484 ms)
[06/10/2026-23:28:00] [I] Average on 10 runs - GPU latency: 21.7586 ms - Host latency: 22.0898 ms (enqueue 0.759375 ms)
[06/10/2026-23:28:00] [I] Average on 10 runs - GPU latency: 21.7578 ms - Host latency: 22.0902 ms (enqueue 0.809766 ms)
[06/10/2026-23:28:00] [I] Average on 10 runs - GPU latency: 21.7555 ms - Host latency: 22.0789 ms (enqueue 0.719531 ms)
[06/10/2026-23:28:00] [I] Average on 10 runs - GPU latency: 21.7551 ms - Host latency: 22.0891 ms (enqueue 0.727344 ms)
[06/10/2026-23:28:00] [I] Average on 10 runs - GPU latency: 21.7559 ms - Host latency: 22.0902 ms (enqueue 0.773047 ms)
[06/10/2026-23:28:00] [I] Average on 10 runs - GPU latency: 21.7578 ms - Host latency: 22.0871 ms (enqueue 0.769531 ms)
[06/10/2026-23:28:00] [I] Average on 10 runs - GPU latency: 21.7594 ms - Host latency: 22.0926 ms (enqueue 0.821875 ms)
[06/10/2026-23:28:00] [I] Average on 10 runs - GPU latency: 21.7555 ms - Host latency: 22.0789 ms (enqueue 0.735547 ms)
[06/10/2026-23:28:00] [I] Average on 10 runs - GPU latency: 21.7582 ms - Host latency: 22.0941 ms (enqueue 0.840234 ms)
[06/10/2026-23:28:00] [I] Average on 10 runs - GPU latency: 21.7609 ms - Host latency: 22.1 ms (enqueue 0.964453 ms)
[06/10/2026-23:28:00] [I] Average on 10 runs - GPU latency: 21.7617 ms - Host latency: 22.0938 ms (enqueue 0.807031 ms)
[06/10/2026-23:28:00] [I] Average on 10 runs - GPU latency: 21.7633 ms - Host latency: 22.0934 ms (enqueue 0.778125 ms)
[06/10/2026-23:28:00] [I] Average on 10 runs - GPU latency: 21.7578 ms - Host latency: 22.0812 ms (enqueue 0.713672 ms)
[06/10/2026-23:28:00] [I] Average on 10 runs - GPU latency: 21.7566 ms - Host latency: 22.0867 ms (enqueue 0.739453 ms)
[06/10/2026-23:28:00] [I] Average on 10 runs - GPU latency: 21.7555 ms - Host latency: 22.0926 ms (enqueue 0.825781 ms)
[06/10/2026-23:28:00] [I] Average on 10 runs - GPU latency: 21.7586 ms - Host latency: 22.093 ms (enqueue 0.822266 ms)
[06/10/2026-23:28:00] [I] Average on 10 runs - GPU latency: 21.7578 ms - Host latency: 22.0906 ms (enqueue 0.912109 ms)
[06/10/2026-23:28:00] [I] Average on 10 runs - GPU latency: 21.7566 ms - Host latency: 22.0836 ms (enqueue 0.721484 ms)
[06/10/2026-23:28:00] [I] Average on 10 runs - GPU latency: 21.7563 ms - Host latency: 22.084 ms (enqueue 0.763281 ms)
[06/10/2026-23:28:00] [I] Average on 10 runs - GPU latency: 21.7625 ms - Host latency: 22.0996 ms (enqueue 0.798437 ms)
[06/10/2026-23:28:00] [I] Average on 10 runs - GPU latency: 21.7566 ms - Host latency: 22.0953 ms (enqueue 0.873828 ms)
[06/10/2026-23:28:00] [I] Average on 10 runs - GPU latency: 21.7555 ms - Host latency: 22.0855 ms (enqueue 0.76875 ms)
[06/10/2026-23:28:00] [I] Average on 10 runs - GPU latency: 21.7555 ms - Host latency: 22.091 ms (enqueue 0.841797 ms)
[06/10/2026-23:28:00] [I] Average on 10 runs - GPU latency: 21.757 ms - Host latency: 22.0816 ms (enqueue 0.757422 ms)
[06/10/2026-23:28:00] [I] Average on 10 runs - GPU latency: 21.7566 ms - Host latency: 22.0887 ms (enqueue 0.827344 ms)
[06/10/2026-23:28:00] [I] Average on 10 runs - GPU latency: 21.757 ms - Host latency: 22.0941 ms (enqueue 0.871875 ms)
[06/10/2026-23:28:00] [I] Average on 10 runs - GPU latency: 21.7609 ms - Host latency: 22.093 ms (enqueue 0.816016 ms)
[06/10/2026-23:28:00] [I] Average on 10 runs - GPU latency: 21.7566 ms - Host latency: 22.0867 ms (enqueue 0.822266 ms)
[06/10/2026-23:28:00] [I] Average on 10 runs - GPU latency: 21.7598 ms - Host latency: 22.0879 ms (enqueue 0.778516 ms)
[06/10/2026-23:28:00] [I] Average on 10 runs - GPU latency: 21.757 ms - Host latency: 22.091 ms (enqueue 0.816016 ms)
[06/10/2026-23:28:00] [I] Average on 10 runs - GPU latency: 21.7602 ms - Host latency: 22.0957 ms (enqueue 0.792188 ms)
[06/10/2026-23:28:00] [I] Average on 10 runs - GPU latency: 21.7598 ms - Host latency: 22.0895 ms (enqueue 0.774609 ms)
[06/10/2026-23:28:00] [I] Average on 10 runs - GPU latency: 21.759 ms - Host latency: 22.0902 ms (enqueue 0.823047 ms)
[06/10/2026-23:28:00] [I] Average on 10 runs - GPU latency: 21.759 ms - Host latency: 22.0895 ms (enqueue 0.807813 ms)
[06/10/2026-23:28:00] [I] Average on 10 runs - GPU latency: 21.759 ms - Host latency: 22.0949 ms (enqueue 0.861719 ms)
[06/10/2026-23:28:00] [I] Average on 10 runs - GPU latency: 21.7629 ms - Host latency: 22.093 ms (enqueue 0.812891 ms)
[06/10/2026-23:28:00] [I] Average on 10 runs - GPU latency: 21.7656 ms - Host latency: 22.102 ms (enqueue 0.8375 ms)
[06/10/2026-23:28:00] [I] Average on 10 runs - GPU latency: 21.7535 ms - Host latency: 22.0852 ms (enqueue 0.789062 ms)
[06/10/2026-23:28:00] [I] Average on 10 runs - GPU latency: 21.7574 ms - Host latency: 22.0926 ms (enqueue 0.810547 ms)
[06/10/2026-23:28:00] [I] Average on 10 runs - GPU latency: 21.7613 ms - Host latency: 22.0926 ms (enqueue 0.754297 ms)
[06/10/2026-23:28:00] [I] Average on 10 runs - GPU latency: 21.7543 ms - Host latency: 22.0793 ms (enqueue 0.702734 ms)
[06/10/2026-23:28:00] [I] Average on 10 runs - GPU latency: 21.759 ms - Host latency: 22.0973 ms (enqueue 0.811328 ms)
[06/10/2026-23:28:00] [I] Average on 10 runs - GPU latency: 21.7578 ms - Host latency: 22.0836 ms (enqueue 0.7375 ms)
[06/10/2026-23:28:00] [I] Average on 10 runs - GPU latency: 21.7563 ms - Host latency: 22.0945 ms (enqueue 0.916406 ms)
[06/10/2026-23:28:00] [I] Average on 10 runs - GPU latency: 21.7574 ms - Host latency: 22.084 ms (enqueue 0.726953 ms)
[06/10/2026-23:28:00] [I] Average on 10 runs - GPU latency: 21.7566 ms - Host latency: 22.0801 ms (enqueue 0.724609 ms)
[06/10/2026-23:28:00] [I] Average on 10 runs - GPU latency: 21.7559 ms - Host latency: 22.0914 ms (enqueue 0.817969 ms)
[06/10/2026-23:28:00] [I] Average on 10 runs - GPU latency: 21.7609 ms - Host latency: 22.093 ms (enqueue 0.784375 ms)
[06/10/2026-23:28:00] [I] Average on 10 runs - GPU latency: 21.7613 ms - Host latency: 22.0965 ms (enqueue 0.785547 ms)
[06/10/2026-23:28:00] [I] Average on 10 runs - GPU latency: 21.7547 ms - Host latency: 22.0855 ms (enqueue 0.785937 ms)
[06/10/2026-23:28:00] [I] Average on 10 runs - GPU latency: 21.7645 ms - Host latency: 22.0949 ms (enqueue 0.814062 ms)
[06/10/2026-23:28:00] [I] ... Omitting 1516 lines
[06/10/2026-23:28:00] [I] Average on 10 runs - GPU latency: 21.7563 ms - Host latency: 22.0836 ms (enqueue 0.738281 ms)
[06/10/2026-23:28:00] [I] Average on 10 runs - GPU latency: 21.7609 ms - Host latency: 22.0945 ms (enqueue 0.828125 ms)
[06/10/2026-23:28:00] [I] Average on 10 runs - GPU latency: 21.7602 ms - Host latency: 22.0953 ms (enqueue 0.823438 ms)
[06/10/2026-23:28:00] [I] Average on 10 runs - GPU latency: 21.7578 ms - Host latency: 22.0898 ms (enqueue 0.736719 ms)
[06/10/2026-23:28:00] [I] Average on 10 runs - GPU latency: 21.7563 ms - Host latency: 22.0844 ms (enqueue 0.738281 ms)
[06/10/2026-23:28:00] [I] Average on 10 runs - GPU latency: 21.7578 ms - Host latency: 22.0797 ms (enqueue 0.686719 ms)
[06/10/2026-23:28:00] [I] Average on 10 runs - GPU latency: 21.7578 ms - Host latency: 22.0898 ms (enqueue 0.810938 ms)
[06/10/2026-23:28:00] [I] Average on 10 runs - GPU latency: 21.7539 ms - Host latency: 22.082 ms (enqueue 0.755469 ms)
[06/10/2026-23:28:00] [I] Average on 10 runs - GPU latency: 21.7563 ms - Host latency: 22.0805 ms (enqueue 0.73125 ms)
[06/10/2026-23:28:00] [I] Average on 10 runs - GPU latency: 21.7609 ms - Host latency: 22.093 ms (enqueue 0.807031 ms)
[06/10/2026-23:28:00] [I] Average on 10 runs - GPU latency: 21.7594 ms - Host latency: 22.0883 ms (enqueue 0.778906 ms)
[06/10/2026-23:28:00] [I] Average on 10 runs - GPU latency: 21.7578 ms - Host latency: 22.0898 ms (enqueue 0.803125 ms)
[06/10/2026-23:28:00] [I] Average on 10 runs - GPU latency: 21.7609 ms - Host latency: 22.0906 ms (enqueue 0.786719 ms)
[06/10/2026-23:28:00] [I] Average on 10 runs - GPU latency: 21.7523 ms - Host latency: 22.0844 ms (enqueue 0.78125 ms)
[06/10/2026-23:28:00] [I] Average on 10 runs - GPU latency: 21.7492 ms - Host latency: 22.0734 ms (enqueue 0.710938 ms)
[06/10/2026-23:28:00] [I] Average on 10 runs - GPU latency: 21.757 ms - Host latency: 22.0961 ms (enqueue 0.801562 ms)
[06/10/2026-23:28:00] [I] Average on 10 runs - GPU latency: 21.7586 ms - Host latency: 22.0891 ms (enqueue 0.774219 ms)
[06/10/2026-23:28:00] [I] Average on 10 runs - GPU latency: 21.7578 ms - Host latency: 22.093 ms (enqueue 0.825 ms)
[06/10/2026-23:28:00] [I] Average on 10 runs - GPU latency: 21.7586 ms - Host latency: 22.0844 ms (enqueue 0.738281 ms)
[06/10/2026-23:28:00] [I] Average on 10 runs - GPU latency: 21.7555 ms - Host latency: 22.0781 ms (enqueue 0.699219 ms)
[06/10/2026-23:28:00] [I] Average on 10 runs - GPU latency: 21.7563 ms - Host latency: 22.0875 ms (enqueue 0.757031 ms)
[06/10/2026-23:28:00] [I] Average on 10 runs - GPU latency: 21.7602 ms - Host latency: 22.0836 ms (enqueue 0.701563 ms)
[06/10/2026-23:28:00] [I] Average on 10 runs - GPU latency: 21.7625 ms - Host latency: 22.0945 ms (enqueue 0.7875 ms)
[06/10/2026-23:28:00] [I] Average on 10 runs - GPU latency: 21.7609 ms - Host latency: 22.0938 ms (enqueue 0.804688 ms)
[06/10/2026-23:28:00] [I] Average on 10 runs - GPU latency: 21.7594 ms - Host latency: 22.0883 ms (enqueue 0.8 ms)
[06/10/2026-23:28:00] [I] Average on 10 runs - GPU latency: 21.7586 ms - Host latency: 22.0812 ms (enqueue 0.725781 ms)
[06/10/2026-23:28:00] [I] Average on 10 runs - GPU latency: 21.7578 ms - Host latency: 22.0828 ms (enqueue 0.678906 ms)
[06/10/2026-23:28:00] [I] Average on 10 runs - GPU latency: 21.7594 ms - Host latency: 22.1008 ms (enqueue 0.755469 ms)
[06/10/2026-23:28:00] [I] Average on 10 runs - GPU latency: 21.7563 ms - Host latency: 22.0875 ms (enqueue 0.792188 ms)
[06/10/2026-23:28:00] [I] Average on 10 runs - GPU latency: 21.757 ms - Host latency: 22.0883 ms (enqueue 0.807031 ms)
[06/10/2026-23:28:00] [I] Average on 10 runs - GPU latency: 21.7586 ms - Host latency: 22.0875 ms (enqueue 0.761719 ms)
[06/10/2026-23:28:00] [I] Average on 10 runs - GPU latency: 21.757 ms - Host latency: 22.0852 ms (enqueue 0.765625 ms)
[06/10/2026-23:28:00] [I] Average on 10 runs - GPU latency: 21.7531 ms - Host latency: 22.0781 ms (enqueue 0.757031 ms)
[06/10/2026-23:28:00] [I] Average on 10 runs - GPU latency: 21.757 ms - Host latency: 22.1 ms (enqueue 0.851562 ms)
[06/10/2026-23:28:00] [I] Average on 10 runs - GPU latency: 21.7625 ms - Host latency: 22.0961 ms (enqueue 0.823438 ms)
[06/10/2026-23:28:00] [I] Average on 10 runs - GPU latency: 21.7547 ms - Host latency: 22.0805 ms (enqueue 0.744531 ms)
[06/10/2026-23:28:00] [I] Average on 10 runs - GPU latency: 21.7617 ms - Host latency: 22.0906 ms (enqueue 0.784375 ms)
[06/10/2026-23:28:00] [I] Average on 10 runs - GPU latency: 21.7563 ms - Host latency: 22.0844 ms (enqueue 0.775781 ms)
[06/10/2026-23:28:00] [I] Average on 10 runs - GPU latency: 21.7594 ms - Host latency: 22.1008 ms (enqueue 0.882812 ms)
[06/10/2026-23:28:00] [I] Average on 10 runs - GPU latency: 21.7547 ms - Host latency: 22.0859 ms (enqueue 0.807031 ms)
[06/10/2026-23:28:00] [I] Average on 10 runs - GPU latency: 21.7602 ms - Host latency: 22.0867 ms (enqueue 0.772656 ms)
[06/10/2026-23:28:00] [I] Average on 10 runs - GPU latency: 21.7555 ms - Host latency: 22.0789 ms (enqueue 0.7 ms)
[06/10/2026-23:28:00] [I] Average on 10 runs - GPU latency: 21.7633 ms - Host latency: 22.0883 ms (enqueue 0.703906 ms)
[06/10/2026-23:28:00] [I] Average on 10 runs - GPU latency: 21.7594 ms - Host latency: 22.0938 ms (enqueue 0.79375 ms)
[06/10/2026-23:28:00] [I] Average on 10 runs - GPU latency: 21.7586 ms - Host latency: 22.0906 ms (enqueue 0.763281 ms)
[06/10/2026-23:28:00] [I] Average on 10 runs - GPU latency: 21.7586 ms - Host latency: 22.0945 ms (enqueue 0.828906 ms)
[06/10/2026-23:28:00] [I] Average on 10 runs - GPU latency: 21.7508 ms - Host latency: 22.0789 ms (enqueue 0.770312 ms)
[06/10/2026-23:28:00] [I] Average on 10 runs - GPU latency: 21.7563 ms - Host latency: 22.0898 ms (enqueue 0.800781 ms)
[06/10/2026-23:28:00] [I] Average on 10 runs - GPU latency: 21.757 ms - Host latency: 22.082 ms (enqueue 0.703125 ms)
[06/10/2026-23:28:00] [I] Average on 10 runs - GPU latency: 21.7633 ms - Host latency: 22.1078 ms (enqueue 0.814844 ms)
[06/10/2026-23:28:00] [I] Average on 10 runs - GPU latency: 21.7602 ms - Host latency: 22.0875 ms (enqueue 0.763281 ms)
[06/10/2026-23:28:00] [I] Average on 10 runs - GPU latency: 21.7563 ms - Host latency: 22.0812 ms (enqueue 0.779688 ms)
[06/10/2026-23:28:00] [I] Average on 10 runs - GPU latency: 21.7609 ms - Host latency: 22.0953 ms (enqueue 0.829687 ms)
[06/10/2026-23:28:00] [I] Average on 10 runs - GPU latency: 21.7539 ms - Host latency: 22.0766 ms (enqueue 0.711719 ms)
[06/10/2026-23:28:00] [I] Average on 10 runs - GPU latency: 21.7555 ms - Host latency: 22.0844 ms (enqueue 0.742969 ms)
[06/10/2026-23:28:00] [I] Average on 10 runs - GPU latency: 21.7609 ms - Host latency: 22.0883 ms (enqueue 0.753906 ms)
[06/10/2026-23:28:00] [I] Average on 10 runs - GPU latency: 21.7578 ms - Host latency: 22.0859 ms (enqueue 0.766406 ms)
[06/10/2026-23:28:00] [I] Average on 10 runs - GPU latency: 21.7563 ms - Host latency: 22.0812 ms (enqueue 0.721094 ms)
[06/10/2026-23:28:00] [I] Average on 10 runs - GPU latency: 21.7609 ms - Host latency: 22.0844 ms (enqueue 0.719531 ms)
[06/10/2026-23:28:00] [I] Average on 10 runs - GPU latency: 21.7625 ms - Host latency: 22.0914 ms (enqueue 0.751562 ms)
[06/10/2026-23:28:00] [I] Average on 10 runs - GPU latency: 21.7555 ms - Host latency: 22.0875 ms (enqueue 0.8 ms)
[06/10/2026-23:28:00] [I] Average on 10 runs - GPU latency: 21.7563 ms - Host latency: 22.0898 ms (enqueue 0.819531 ms)
[06/10/2026-23:28:00] [I] Average on 10 runs - GPU latency: 21.7531 ms - Host latency: 22.075 ms (enqueue 0.677344 ms)
[06/10/2026-23:28:00] [I] Average on 10 runs - GPU latency: 21.7555 ms - Host latency: 22.0805 ms (enqueue 0.936719 ms)
[06/10/2026-23:28:00] [I] Average on 10 runs - GPU latency: 21.7547 ms - Host latency: 22.0789 ms (enqueue 0.717188 ms)
[06/10/2026-23:28:00] [I] Average on 10 runs - GPU latency: 21.7547 ms - Host latency: 22.0891 ms (enqueue 0.803125 ms)
[06/10/2026-23:28:00] [I] Average on 10 runs - GPU latency: 21.757 ms - Host latency: 22.093 ms (enqueue 0.89375 ms)
[06/10/2026-23:28:00] [I] Average on 10 runs - GPU latency: 21.7555 ms - Host latency: 22.0766 ms (enqueue 0.703906 ms)
[06/10/2026-23:28:00] [I] Average on 10 runs - GPU latency: 21.7578 ms - Host latency: 22.0844 ms (enqueue 0.71875 ms)
[06/10/2026-23:28:00] [I] Average on 10 runs - GPU latency: 21.7602 ms - Host latency: 22.082 ms (enqueue 0.700781 ms)
[06/10/2026-23:28:00] [I] Average on 10 runs - GPU latency: 21.7547 ms - Host latency: 22.0883 ms (enqueue 0.780469 ms)
[06/10/2026-23:28:00] [I] Average on 10 runs - GPU latency: 21.7594 ms - Host latency: 22.0844 ms (enqueue 0.7375 ms)
[06/10/2026-23:28:00] [I] Average on 10 runs - GPU latency: 21.7617 ms - Host latency: 22.0953 ms (enqueue 0.788281 ms)
[06/10/2026-23:28:00] [I] Average on 10 runs - GPU latency: 21.7625 ms - Host latency: 22.0898 ms (enqueue 0.767187 ms)
[06/10/2026-23:28:00] [I] Average on 10 runs - GPU latency: 21.7563 ms - Host latency: 22.0812 ms (enqueue 0.709375 ms)
[06/10/2026-23:28:00] [I] Average on 10 runs - GPU latency: 21.7555 ms - Host latency: 22.0922 ms (enqueue 0.825781 ms)
[06/10/2026-23:28:00] [I] Average on 10 runs - GPU latency: 21.7641 ms - Host latency: 22.0945 ms (enqueue 0.752344 ms)
[06/10/2026-23:28:00] [I] Average on 10 runs - GPU latency: 21.7609 ms - Host latency: 22.0883 ms (enqueue 0.734375 ms)
[06/10/2026-23:28:00] [I] Average on 10 runs - GPU latency: 21.7586 ms - Host latency: 22.0867 ms (enqueue 0.783594 ms)
[06/10/2026-23:28:00] [I] Average on 10 runs - GPU latency: 21.7555 ms - Host latency: 22.0852 ms (enqueue 0.796875 ms)
[06/10/2026-23:28:00] [I] Average on 10 runs - GPU latency: 21.757 ms - Host latency: 22.0828 ms (enqueue 0.73125 ms)
[06/10/2026-23:28:00] [I] Average on 10 runs - GPU latency: 21.7609 ms - Host latency: 22.0992 ms (enqueue 0.871094 ms)
[06/10/2026-23:28:00] [I] Average on 10 runs - GPU latency: 21.7594 ms - Host latency: 22.0898 ms (enqueue 0.7875 ms)
[06/10/2026-23:28:00] [I] Average on 10 runs - GPU latency: 21.7594 ms - Host latency: 22.0836 ms (enqueue 0.730469 ms)
[06/10/2026-23:28:00] [I] Average on 10 runs - GPU latency: 21.7547 ms - Host latency: 22.0898 ms (enqueue 0.81875 ms)
[06/10/2026-23:28:00] [I] Average on 10 runs - GPU latency: 21.757 ms - Host latency: 22.082 ms (enqueue 0.725 ms)
[06/10/2026-23:28:00] [I] Average on 10 runs - GPU latency: 21.7602 ms - Host latency: 22.0883 ms (enqueue 0.739844 ms)
[06/10/2026-23:28:00] [I] Average on 10 runs - GPU latency: 21.7578 ms - Host latency: 22.0852 ms (enqueue 0.716406 ms)
[06/10/2026-23:28:00] [I] Average on 10 runs - GPU latency: 21.7586 ms - Host latency: 22.082 ms (enqueue 0.739062 ms)
[06/10/2026-23:28:00] [I] Average on 10 runs - GPU latency: 21.7578 ms - Host latency: 22.0875 ms (enqueue 0.795313 ms)
[06/10/2026-23:28:00] [I] Average on 10 runs - GPU latency: 21.7563 ms - Host latency: 22.0789 ms (enqueue 0.720312 ms)
[06/10/2026-23:28:00] [I] Average on 10 runs - GPU latency: 21.757 ms - Host latency: 22.0938 ms (enqueue 0.828906 ms)
[06/10/2026-23:28:00] [I] Average on 10 runs - GPU latency: 21.7586 ms - Host latency: 22.0914 ms (enqueue 0.791406 ms)
[06/10/2026-23:28:00] [I] Average on 10 runs - GPU latency: 21.7609 ms - Host latency: 22.0953 ms (enqueue 0.8375 ms)
[06/10/2026-23:28:00] [I] Average on 10 runs - GPU latency: 21.7617 ms - Host latency: 22.0906 ms (enqueue 0.755469 ms)
[06/10/2026-23:28:00] [I] Average on 10 runs - GPU latency: 21.7578 ms - Host latency: 22.0828 ms (enqueue 0.771875 ms)
[06/10/2026-23:28:00] [I] Average on 10 runs - GPU latency: 21.7625 ms - Host latency: 22.0914 ms (enqueue 0.735937 ms)
[06/10/2026-23:28:00] [I] Average on 10 runs - GPU latency: 21.7578 ms - Host latency: 22.0922 ms (enqueue 0.782031 ms)
[06/10/2026-23:28:00] [I] Average on 10 runs - GPU latency: 21.7602 ms - Host latency: 22.0938 ms (enqueue 0.796094 ms)
[06/10/2026-23:28:00] [I] Average on 10 runs - GPU latency: 21.7594 ms - Host latency: 22.0852 ms (enqueue 0.688281 ms)
[06/10/2026-23:28:00] [I] Average on 10 runs - GPU latency: 21.7625 ms - Host latency: 22.0875 ms (enqueue 0.759375 ms)
[06/10/2026-23:28:00] [I] Average on 10 runs - GPU latency: 21.7531 ms - Host latency: 22.0758 ms (enqueue 0.710938 ms)
[06/10/2026-23:28:00] [I] Average on 10 runs - GPU latency: 21.7625 ms - Host latency: 22.0945 ms (enqueue 0.788281 ms)
[06/10/2026-23:28:00] [I] Average on 10 runs - GPU latency: 21.7578 ms - Host latency: 22.1016 ms (enqueue 0.901563 ms)
[06/10/2026-23:28:00] [I] Average on 10 runs - GPU latency: 21.7563 ms - Host latency: 22.0883 ms (enqueue 0.779688 ms)
[06/10/2026-23:28:00] [I] Average on 10 runs - GPU latency: 21.7555 ms - Host latency: 22.082 ms (enqueue 0.759375 ms)
[06/10/2026-23:28:00] [I] Average on 10 runs - GPU latency: 21.7609 ms - Host latency: 22.0852 ms (enqueue 0.716406 ms)
[06/10/2026-23:28:00] [I] Average on 10 runs - GPU latency: 21.7539 ms - Host latency: 22.0906 ms (enqueue 0.858594 ms)
[06/10/2026-23:28:00] [I] Average on 10 runs - GPU latency: 21.7594 ms - Host latency: 22.093 ms (enqueue 0.777344 ms)
[06/10/2026-23:28:00] [I] Average on 10 runs - GPU latency: 21.7609 ms - Host latency: 22.0977 ms (enqueue 0.796875 ms)
[06/10/2026-23:28:00] [I] Average on 10 runs - GPU latency: 21.7586 ms - Host latency: 22.0805 ms (enqueue 0.732031 ms)
[06/10/2026-23:28:00] [I] Average on 10 runs - GPU latency: 21.7602 ms - Host latency: 22.0852 ms (enqueue 0.745313 ms)
[06/10/2026-23:28:00] [I] Average on 10 runs - GPU latency: 21.7578 ms - Host latency: 22.0898 ms (enqueue 0.840625 ms)
[06/10/2026-23:28:00] [I] Average on 10 runs - GPU latency: 21.7609 ms - Host latency: 22.0953 ms (enqueue 0.76875 ms)
[06/10/2026-23:28:00] [I] Average on 10 runs - GPU latency: 21.7617 ms - Host latency: 22.0945 ms (enqueue 0.814062 ms)
[06/10/2026-23:28:00] [I] Average on 10 runs - GPU latency: 21.757 ms - Host latency: 22.0922 ms (enqueue 0.809375 ms)
[06/10/2026-23:28:00] [I] Average on 10 runs - GPU latency: 21.7633 ms - Host latency: 22.093 ms (enqueue 0.842969 ms)
[06/10/2026-23:28:00] [I] Average on 10 runs - GPU latency: 21.7531 ms - Host latency: 22.0742 ms (enqueue 0.729688 ms)
[06/10/2026-23:28:00] [I] Average on 10 runs - GPU latency: 21.7586 ms - Host latency: 22.0867 ms (enqueue 0.734375 ms)
[06/10/2026-23:28:00] [I] Average on 10 runs - GPU latency: 21.757 ms - Host latency: 22.0852 ms (enqueue 0.761719 ms)
[06/10/2026-23:28:00] [I] Average on 10 runs - GPU latency: 21.7578 ms - Host latency: 22.0812 ms (enqueue 0.7375 ms)
[06/10/2026-23:28:00] [I] Average on 10 runs - GPU latency: 21.7625 ms - Host latency: 22.1008 ms (enqueue 0.850781 ms)
[06/10/2026-23:28:00] [I] Average on 10 runs - GPU latency: 21.7555 ms - Host latency: 22.0797 ms (enqueue 0.7375 ms)
[06/10/2026-23:28:00] [I] Average on 10 runs - GPU latency: 21.7555 ms - Host latency: 22.0812 ms (enqueue 0.717188 ms)
[06/10/2026-23:28:00] [I] Average on 10 runs - GPU latency: 21.757 ms - Host latency: 22.0891 ms (enqueue 0.753125 ms)
[06/10/2026-23:28:00] [I] Average on 10 runs - GPU latency: 21.7602 ms - Host latency: 22.0969 ms (enqueue 0.801562 ms)
[06/10/2026-23:28:00] [I] Average on 10 runs - GPU latency: 21.7586 ms - Host latency: 22.0883 ms (enqueue 0.735156 ms)
[06/10/2026-23:28:00] [I] Average on 10 runs - GPU latency: 21.757 ms - Host latency: 22.0781 ms (enqueue 0.704687 ms)
[06/10/2026-23:28:00] [I] Average on 10 runs - GPU latency: 21.7602 ms - Host latency: 22.0891 ms (enqueue 0.735937 ms)
[06/10/2026-23:28:00] [I] Average on 10 runs - GPU latency: 21.757 ms - Host latency: 22.0898 ms (enqueue 0.797656 ms)
[06/10/2026-23:28:00] [I] Average on 10 runs - GPU latency: 21.7602 ms - Host latency: 22.1 ms (enqueue 1.08906 ms)
[06/10/2026-23:28:00] [I] Average on 10 runs - GPU latency: 21.7555 ms - Host latency: 22.0828 ms (enqueue 0.766406 ms)
[06/10/2026-23:28:00] [I] Average on 10 runs - GPU latency: 21.757 ms - Host latency: 22.0836 ms (enqueue 0.771875 ms)
[06/10/2026-23:28:00] [I] Average on 10 runs - GPU latency: 21.7578 ms - Host latency: 22.0836 ms (enqueue 0.752344 ms)
[06/10/2026-23:28:00] [I] Average on 10 runs - GPU latency: 21.757 ms - Host latency: 22.0953 ms (enqueue 0.81875 ms)
[06/10/2026-23:28:00] [I] Average on 10 runs - GPU latency: 21.7625 ms - Host latency: 22.0969 ms (enqueue 0.858594 ms)
[06/10/2026-23:28:00] [I] Average on 10 runs - GPU latency: 21.7633 ms - Host latency: 22.0922 ms (enqueue 0.805469 ms)
[06/10/2026-23:28:00] [I] Average on 10 runs - GPU latency: 21.757 ms - Host latency: 22.0844 ms (enqueue 1.03359 ms)
[06/10/2026-23:28:00] [I] Average on 10 runs - GPU latency: 21.7555 ms - Host latency: 22.0789 ms (enqueue 0.739062 ms)
[06/10/2026-23:28:00] [I] Average on 10 runs - GPU latency: 21.7625 ms - Host latency: 22.0992 ms (enqueue 0.853125 ms)
[06/10/2026-23:28:00] [I] Average on 10 runs - GPU latency: 21.7586 ms - Host latency: 22.0953 ms (enqueue 0.828125 ms)
[06/10/2026-23:28:00] [I] Average on 10 runs - GPU latency: 21.7602 ms - Host latency: 22.0898 ms (enqueue 0.786719 ms)
[06/10/2026-23:28:00] [I] Average on 10 runs - GPU latency: 21.7609 ms - Host latency: 22.0859 ms (enqueue 0.723437 ms)
[06/10/2026-23:28:00] [I] Average on 10 runs - GPU latency: 21.7609 ms - Host latency: 22.0859 ms (enqueue 0.689062 ms)
[06/10/2026-23:28:00] [I] Average on 10 runs - GPU latency: 21.7555 ms - Host latency: 22.1063 ms (enqueue 0.861719 ms)
[06/10/2026-23:28:00] [I] Average on 10 runs - GPU latency: 21.7602 ms - Host latency: 22.0953 ms (enqueue 0.799219 ms)
[06/10/2026-23:28:00] [I] Average on 10 runs - GPU latency: 21.7586 ms - Host latency: 22.0891 ms (enqueue 0.765625 ms)
[06/10/2026-23:28:00] [I] Average on 10 runs - GPU latency: 21.7563 ms - Host latency: 22.0773 ms (enqueue 0.6875 ms)
[06/10/2026-23:28:00] [I] Average on 10 runs - GPU latency: 21.7516 ms - Host latency: 22.0844 ms (enqueue 0.769531 ms)
[06/10/2026-23:28:00] [I] Average on 10 runs - GPU latency: 21.7594 ms - Host latency: 22.0867 ms (enqueue 0.773438 ms)
[06/10/2026-23:28:00] [I] Average on 10 runs - GPU latency: 21.7547 ms - Host latency: 22.0789 ms (enqueue 0.707812 ms)
[06/10/2026-23:28:00] [I] Average on 10 runs - GPU latency: 21.7602 ms - Host latency: 22.0938 ms (enqueue 0.794531 ms)
[06/10/2026-23:28:00] [I] Average on 10 runs - GPU latency: 21.7602 ms - Host latency: 22.0922 ms (enqueue 0.765625 ms)
[06/10/2026-23:28:00] [I] Average on 10 runs - GPU latency: 21.7594 ms - Host latency: 22.0938 ms (enqueue 0.792188 ms)
[06/10/2026-23:28:00] [I] Average on 10 runs - GPU latency: 21.7555 ms - Host latency: 22.0797 ms (enqueue 0.722656 ms)
[06/10/2026-23:28:00] [I] Average on 10 runs - GPU latency: 21.7594 ms - Host latency: 22.0875 ms (enqueue 0.728906 ms)
[06/10/2026-23:28:00] [I] Average on 10 runs - GPU latency: 21.7594 ms - Host latency: 22.093 ms (enqueue 0.772656 ms)
[06/10/2026-23:28:00] [I] Average on 10 runs - GPU latency: 21.7602 ms - Host latency: 22.0883 ms (enqueue 0.750781 ms)
[06/10/2026-23:28:00] [I] Average on 10 runs - GPU latency: 21.7578 ms - Host latency: 22.0883 ms (enqueue 0.763281 ms)
[06/10/2026-23:28:00] [I] Average on 10 runs - GPU latency: 21.7586 ms - Host latency: 22.0875 ms (enqueue 0.875 ms)
[06/10/2026-23:28:00] [I] Average on 10 runs - GPU latency: 21.7563 ms - Host latency: 22.0859 ms (enqueue 0.769531 ms)
[06/10/2026-23:28:00] [I] Average on 10 runs - GPU latency: 21.7586 ms - Host latency: 22.0844 ms (enqueue 0.714844 ms)
[06/10/2026-23:28:00] [I] Average on 10 runs - GPU latency: 21.7594 ms - Host latency: 22.0953 ms (enqueue 0.835156 ms)
[06/10/2026-23:28:00] [I] Average on 10 runs - GPU latency: 21.7586 ms - Host latency: 22.0859 ms (enqueue 0.758594 ms)
[06/10/2026-23:28:00] [I] Average on 10 runs - GPU latency: 21.7539 ms - Host latency: 22.0742 ms (enqueue 0.703125 ms)
[06/10/2026-23:28:00] [I] Average on 10 runs - GPU latency: 21.7586 ms - Host latency: 22.0828 ms (enqueue 0.725781 ms)
[06/10/2026-23:28:00] [I] Average on 10 runs - GPU latency: 21.757 ms - Host latency: 22.0797 ms (enqueue 0.728125 ms)
[06/10/2026-23:28:00] [I] Average on 10 runs - GPU latency: 21.7609 ms - Host latency: 22.1023 ms (enqueue 0.86875 ms)
[06/10/2026-23:28:00] [I] Average on 10 runs - GPU latency: 21.7602 ms - Host latency: 22.0945 ms (enqueue 0.85625 ms)
[06/10/2026-23:28:00] [I] Average on 10 runs - GPU latency: 21.7602 ms - Host latency: 22.0906 ms (enqueue 0.869531 ms)
[06/10/2026-23:28:00] [I] Average on 10 runs - GPU latency: 21.7586 ms - Host latency: 22.0844 ms (enqueue 0.784375 ms)
[06/10/2026-23:28:00] [I] Average on 10 runs - GPU latency: 21.757 ms - Host latency: 22.0844 ms (enqueue 0.826563 ms)
[06/10/2026-23:28:00] [I] Average on 10 runs - GPU latency: 21.7609 ms - Host latency: 22.0922 ms (enqueue 0.829687 ms)
[06/10/2026-23:28:00] [I] Average on 10 runs - GPU latency: 21.7641 ms - Host latency: 22.0992 ms (enqueue 0.896094 ms)
[06/10/2026-23:28:00] [I] Average on 10 runs - GPU latency: 21.7609 ms - Host latency: 22.0883 ms (enqueue 0.766406 ms)
[06/10/2026-23:28:00] [I] Average on 10 runs - GPU latency: 21.7523 ms - Host latency: 22.0773 ms (enqueue 0.724219 ms)
[06/10/2026-23:28:00] [I] Average on 10 runs - GPU latency: 21.7609 ms - Host latency: 22.0914 ms (enqueue 0.795313 ms)
[06/10/2026-23:28:00] [I] Average on 10 runs - GPU latency: 21.7609 ms - Host latency: 22.0891 ms (enqueue 0.80625 ms)
[06/10/2026-23:28:00] [I] Average on 10 runs - GPU latency: 21.7586 ms - Host latency: 22.0922 ms (enqueue 0.773438 ms)
[06/10/2026-23:28:00] [I] Average on 10 runs - GPU latency: 21.7563 ms - Host latency: 22.0852 ms (enqueue 0.744531 ms)
[06/10/2026-23:28:00] [I] Average on 10 runs - GPU latency: 21.7555 ms - Host latency: 22.0781 ms (enqueue 0.719531 ms)
[06/10/2026-23:28:00] [I] Average on 10 runs - GPU latency: 21.757 ms - Host latency: 22.0906 ms (enqueue 0.792188 ms)
[06/10/2026-23:28:00] [I] Average on 10 runs - GPU latency: 21.7586 ms - Host latency: 22.0836 ms (enqueue 0.740625 ms)
[06/10/2026-23:28:00] [I] Average on 10 runs - GPU latency: 21.7578 ms - Host latency: 22.093 ms (enqueue 0.900781 ms)
[06/10/2026-23:28:00] [I] Average on 10 runs - GPU latency: 21.7594 ms - Host latency: 22.0914 ms (enqueue 0.828125 ms)
[06/10/2026-23:28:00] [I] Average on 10 runs - GPU latency: 21.7602 ms - Host latency: 22.0914 ms (enqueue 1.23438 ms)
[06/10/2026-23:28:00] [I] Average on 10 runs - GPU latency: 21.757 ms - Host latency: 22.0797 ms (enqueue 0.714063 ms)
[06/10/2026-23:28:00] [I] Average on 10 runs - GPU latency: 21.7586 ms - Host latency: 22.0828 ms (enqueue 0.721094 ms)
[06/10/2026-23:28:00] [I] Average on 10 runs - GPU latency: 21.7539 ms - Host latency: 22.082 ms (enqueue 0.785156 ms)
[06/10/2026-23:28:00] [I] Average on 10 runs - GPU latency: 21.7602 ms - Host latency: 22.0938 ms (enqueue 0.817187 ms)
[06/10/2026-23:28:00] [I] Average on 10 runs - GPU latency: 21.757 ms - Host latency: 22.093 ms (enqueue 0.808594 ms)
[06/10/2026-23:28:00] [I] Average on 10 runs - GPU latency: 21.7594 ms - Host latency: 22.0883 ms (enqueue 0.780469 ms)
[06/10/2026-23:28:00] [I] Average on 10 runs - GPU latency: 21.757 ms - Host latency: 22.0891 ms (enqueue 0.777344 ms)
[06/10/2026-23:28:00] [I] Average on 10 runs - GPU latency: 21.7586 ms - Host latency: 22.082 ms (enqueue 0.760156 ms)
[06/10/2026-23:28:00] [I] Average on 10 runs - GPU latency: 21.7602 ms - Host latency: 22.0984 ms (enqueue 0.832812 ms)
[06/10/2026-23:28:00] [I] Average on 10 runs - GPU latency: 21.7625 ms - Host latency: 22.0906 ms (enqueue 0.753906 ms)
[06/10/2026-23:28:00] [I] Average on 10 runs - GPU latency: 21.757 ms - Host latency: 22.0844 ms (enqueue 0.741406 ms)
[06/10/2026-23:28:00] [I] Average on 10 runs - GPU latency: 21.7594 ms - Host latency: 22.0914 ms (enqueue 0.749219 ms)
[06/10/2026-23:28:00] [I] Average on 10 runs - GPU latency: 21.7555 ms - Host latency: 22.0789 ms (enqueue 0.715625 ms)
[06/10/2026-23:28:00] [I] Average on 10 runs - GPU latency: 21.7547 ms - Host latency: 22.0922 ms (enqueue 0.827344 ms)
[06/10/2026-23:28:00] [I] 
[06/10/2026-23:28:00] [I] === Performance summary ===
[06/10/2026-23:28:00] [I] Throughput: 45.9413 qps
[06/10/2026-23:28:00] [I] Latency: min = 22.0391 ms, max = 22.2734 ms, mean = 22.089 ms, median = 22.0859 ms, percentile(90%) = 22.1094 ms, percentile(95%) = 22.1133 ms, percentile(99%) = 22.127 ms
[06/10/2026-23:28:00] [I] Enqueue Time: min = 0.585938 ms, max = 4.125 ms, mean = 0.782489 ms, median = 0.765625 ms, percentile(90%) = 0.890625 ms, percentile(95%) = 0.945312 ms, percentile(99%) = 1.13281 ms
[06/10/2026-23:28:00] [I] H2D Latency: min = 0.209961 ms, max = 0.40625 ms, mean = 0.2256 ms, median = 0.222656 ms, percentile(90%) = 0.239258 ms, percentile(95%) = 0.242188 ms, percentile(99%) = 0.261719 ms
[06/10/2026-23:28:00] [I] GPU Compute Time: min = 21.7266 ms, max = 21.7969 ms, mean = 21.7583 ms, median = 21.7578 ms, percentile(90%) = 21.7695 ms, percentile(95%) = 21.7734 ms, percentile(99%) = 21.7812 ms
[06/10/2026-23:28:00] [I] D2H Latency: min = 0.101562 ms, max = 0.109375 ms, mean = 0.10519 ms, median = 0.105469 ms, percentile(90%) = 0.109375 ms, percentile(95%) = 0.109375 ms, percentile(99%) = 0.109375 ms
[06/10/2026-23:28:00] [I] Total Host Walltime: 120.066 s
[06/10/2026-23:28:00] [I] Total GPU Compute Time: 120.019 s
[06/10/2026-23:28:00] [I] Explanations of the performance metrics are printed in the verbose logs.
[06/10/2026-23:28:00] [I] 
&&&& PASSED TensorRT.trtexec [TensorRT v100300] # /usr/src/tensorrt/bin/trtexec --loadEngine=engines/model_student_fp16.engine --warmUp=5000 --duration=120 --avgRuns=10
