&&&& RUNNING TensorRT.trtexec [TensorRT v100300] # /usr/src/tensorrt/bin/trtexec --loadEngine=engines/model_student_fp16.engine --warmUp=5000 --duration=120 --avgRuns=10
[06/10/2026-23:12:45] [I] === Model Options ===
[06/10/2026-23:12:45] [I] Format: *
[06/10/2026-23:12:45] [I] Model: 
[06/10/2026-23:12:45] [I] Output:
[06/10/2026-23:12:45] [I] 
[06/10/2026-23:12:45] [I] === System Options ===
[06/10/2026-23:12:45] [I] Device: 0
[06/10/2026-23:12:45] [I] DLACore: 
[06/10/2026-23:12:45] [I] Plugins:
[06/10/2026-23:12:45] [I] setPluginsToSerialize:
[06/10/2026-23:12:45] [I] dynamicPlugins:
[06/10/2026-23:12:45] [I] ignoreParsedPluginLibs: 0
[06/10/2026-23:12:45] [I] 
[06/10/2026-23:12:45] [I] === Inference Options ===
[06/10/2026-23:12:45] [I] Batch: Explicit
[06/10/2026-23:12:45] [I] Input inference shapes: model
[06/10/2026-23:12:45] [I] Iterations: 10
[06/10/2026-23:12:45] [I] Duration: 120s (+ 5000ms warm up)
[06/10/2026-23:12:45] [I] Sleep time: 0ms
[06/10/2026-23:12:45] [I] Idle time: 0ms
[06/10/2026-23:12:45] [I] Inference Streams: 1
[06/10/2026-23:12:45] [I] ExposeDMA: Disabled
[06/10/2026-23:12:45] [I] Data transfers: Enabled
[06/10/2026-23:12:45] [I] Spin-wait: Disabled
[06/10/2026-23:12:45] [I] Multithreading: Disabled
[06/10/2026-23:12:45] [I] CUDA Graph: Disabled
[06/10/2026-23:12:45] [I] Separate profiling: Disabled
[06/10/2026-23:12:45] [I] Time Deserialize: Disabled
[06/10/2026-23:12:45] [I] Time Refit: Disabled
[06/10/2026-23:12:45] [I] NVTX verbosity: 0
[06/10/2026-23:12:45] [I] Persistent Cache Ratio: 0
[06/10/2026-23:12:45] [I] Optimization Profile Index: 0
[06/10/2026-23:12:45] [I] Weight Streaming Budget: 100.000000%
[06/10/2026-23:12:45] [I] Inputs:
[06/10/2026-23:12:45] [I] Debug Tensor Save Destinations:
[06/10/2026-23:12:45] [I] === Reporting Options ===
[06/10/2026-23:12:45] [I] Verbose: Disabled
[06/10/2026-23:12:45] [I] Averages: 10 inferences
[06/10/2026-23:12:45] [I] Percentiles: 90,95,99
[06/10/2026-23:12:45] [I] Dump refittable layers:Disabled
[06/10/2026-23:12:45] [I] Dump output: Disabled
[06/10/2026-23:12:45] [I] Profile: Disabled
[06/10/2026-23:12:45] [I] Export timing to JSON file: 
[06/10/2026-23:12:45] [I] Export output to JSON file: 
[06/10/2026-23:12:45] [I] Export profile to JSON file: 
[06/10/2026-23:12:45] [I] 
[06/10/2026-23:12:45] [I] === Device Information ===
[06/10/2026-23:12:45] [I] Available Devices: 
[06/10/2026-23:12:45] [I]   Device 0: "Orin" UUID: GPU-643ca45e-8099-5e7a-9e17-a340e09113ad
[06/10/2026-23:12:45] [I] Selected Device: Orin
[06/10/2026-23:12:45] [I] Selected Device ID: 0
[06/10/2026-23:12:45] [I] Selected Device UUID: GPU-643ca45e-8099-5e7a-9e17-a340e09113ad
[06/10/2026-23:12:45] [I] Compute Capability: 8.7
[06/10/2026-23:12:45] [I] SMs: 8
[06/10/2026-23:12:45] [I] Device Global Memory: 7619 MiB
[06/10/2026-23:12:45] [I] Shared Memory per SM: 164 KiB
[06/10/2026-23:12:45] [I] Memory Bus Width: 128 bits (ECC disabled)
[06/10/2026-23:12:45] [I] Application Compute Clock Rate: 1.02 GHz
[06/10/2026-23:12:45] [I] Application Memory Clock Rate: 0.612 GHz
[06/10/2026-23:12:45] [I] 
[06/10/2026-23:12:45] [I] Note: The application clock rates do not reflect the actual clock rates that the GPU is currently running at.
[06/10/2026-23:12:45] [I] 
[06/10/2026-23:12:45] [I] TensorRT version: 10.3.0
[06/10/2026-23:12:45] [I] Loading standard plugins
[06/10/2026-23:12:45] [I] [TRT] Loaded engine size: 2 MiB
[06/10/2026-23:12:45] [I] Engine deserialized in 0.0371039 sec.
[06/10/2026-23:12:45] [I] [TRT] [MemUsageChange] TensorRT-managed allocation in IExecutionContext creation: CPU +0, GPU +32, now: CPU 0, GPU 33 (MiB)
[06/10/2026-23:12:45] [I] Setting persistentCacheLimit to 0 bytes.
[06/10/2026-23:12:45] [I] Created execution context with device memory size: 31.75 MiB
[06/10/2026-23:12:45] [I] Using random values for input input
[06/10/2026-23:12:45] [I] Input binding for input with dimensions 1x2x512x512 is created.
[06/10/2026-23:12:45] [I] Output binding for output with dimensions 1x1x512x512 is created.
[06/10/2026-23:12:45] [I] Starting inference
[06/10/2026-23:14:50] [I] Warmup completed 598 queries over 5000 ms
[06/10/2026-23:14:50] [I] Timing trace has 14504 queries over 120.023 s
[06/10/2026-23:14:50] [I] 
[06/10/2026-23:14:50] [I] === Trace details ===
[06/10/2026-23:14:50] [I] Trace averages of 10 runs:
[06/10/2026-23:14:50] [I] Average on 10 runs - GPU latency: 8.26582 ms - Host latency: 8.51738 ms (enqueue 0.670605 ms)
[06/10/2026-23:14:50] [I] Average on 10 runs - GPU latency: 8.27207 ms - Host latency: 8.51318 ms (enqueue 0.688428 ms)
[06/10/2026-23:14:50] [I] Average on 10 runs - GPU latency: 8.27173 ms - Host latency: 8.51309 ms (enqueue 0.667432 ms)
[06/10/2026-23:14:50] [I] Average on 10 runs - GPU latency: 8.27314 ms - Host latency: 8.52231 ms (enqueue 0.693945 ms)
[06/10/2026-23:14:50] [I] Average on 10 runs - GPU latency: 8.26553 ms - Host latency: 8.51406 ms (enqueue 0.653467 ms)
[06/10/2026-23:14:50] [I] Average on 10 runs - GPU latency: 8.27144 ms - Host latency: 8.51216 ms (enqueue 0.656641 ms)
[06/10/2026-23:14:50] [I] Average on 10 runs - GPU latency: 8.27583 ms - Host latency: 8.51904 ms (enqueue 0.671875 ms)
[06/10/2026-23:14:50] [I] Average on 10 runs - GPU latency: 8.27085 ms - Host latency: 8.51045 ms (enqueue 0.67583 ms)
[06/10/2026-23:14:50] [I] Average on 10 runs - GPU latency: 8.26934 ms - Host latency: 8.51108 ms (enqueue 0.668359 ms)
[06/10/2026-23:14:50] [I] Average on 10 runs - GPU latency: 8.26987 ms - Host latency: 8.51245 ms (enqueue 0.668701 ms)
[06/10/2026-23:14:50] [I] Average on 10 runs - GPU latency: 8.27676 ms - Host latency: 8.51909 ms (enqueue 0.681592 ms)
[06/10/2026-23:14:50] [I] Average on 10 runs - GPU latency: 8.27373 ms - Host latency: 8.51929 ms (enqueue 0.681152 ms)
[06/10/2026-23:14:50] [I] Average on 10 runs - GPU latency: 8.27207 ms - Host latency: 8.52549 ms (enqueue 0.666602 ms)
[06/10/2026-23:14:50] [I] Average on 10 runs - GPU latency: 8.2751 ms - Host latency: 8.51636 ms (enqueue 0.675977 ms)
[06/10/2026-23:14:50] [I] Average on 10 runs - GPU latency: 8.27524 ms - Host latency: 8.5166 ms (enqueue 0.680225 ms)
[06/10/2026-23:14:50] [I] Average on 10 runs - GPU latency: 8.26675 ms - Host latency: 8.50928 ms (enqueue 0.665967 ms)
[06/10/2026-23:14:50] [I] Average on 10 runs - GPU latency: 8.27368 ms - Host latency: 8.52158 ms (enqueue 0.677588 ms)
[06/10/2026-23:14:50] [I] Average on 10 runs - GPU latency: 8.27471 ms - Host latency: 8.51577 ms (enqueue 0.674854 ms)
[06/10/2026-23:14:50] [I] Average on 10 runs - GPU latency: 8.27637 ms - Host latency: 8.51763 ms (enqueue 0.656494 ms)
[06/10/2026-23:14:50] [I] Average on 10 runs - GPU latency: 8.27451 ms - Host latency: 8.51626 ms (enqueue 0.669629 ms)
[06/10/2026-23:14:50] [I] Average on 10 runs - GPU latency: 8.27256 ms - Host latency: 8.51484 ms (enqueue 0.671826 ms)
[06/10/2026-23:14:50] [I] Average on 10 runs - GPU latency: 8.27349 ms - Host latency: 8.51436 ms (enqueue 0.676074 ms)
[06/10/2026-23:14:50] [I] Average on 10 runs - GPU latency: 8.27261 ms - Host latency: 8.51416 ms (enqueue 0.668018 ms)
[06/10/2026-23:14:50] [I] Average on 10 runs - GPU latency: 8.27114 ms - Host latency: 8.51655 ms (enqueue 0.680322 ms)
[06/10/2026-23:14:50] [I] Average on 10 runs - GPU latency: 8.26807 ms - Host latency: 8.52358 ms (enqueue 0.69873 ms)
[06/10/2026-23:14:50] [I] Average on 10 runs - GPU latency: 8.27422 ms - Host latency: 8.5144 ms (enqueue 0.66665 ms)
[06/10/2026-23:14:50] [I] Average on 10 runs - GPU latency: 8.2729 ms - Host latency: 8.51094 ms (enqueue 0.674561 ms)
[06/10/2026-23:14:50] [I] Average on 10 runs - GPU latency: 8.28086 ms - Host latency: 8.52544 ms (enqueue 0.681543 ms)
[06/10/2026-23:14:50] [I] Average on 10 runs - GPU latency: 8.26655 ms - Host latency: 8.51465 ms (enqueue 0.634229 ms)
[06/10/2026-23:14:50] [I] Average on 10 runs - GPU latency: 8.27295 ms - Host latency: 8.51245 ms (enqueue 0.674072 ms)
[06/10/2026-23:14:50] [I] Average on 10 runs - GPU latency: 8.27471 ms - Host latency: 8.51406 ms (enqueue 0.674951 ms)
[06/10/2026-23:14:50] [I] Average on 10 runs - GPU latency: 8.27715 ms - Host latency: 8.51899 ms (enqueue 0.66748 ms)
[06/10/2026-23:14:50] [I] Average on 10 runs - GPU latency: 8.27412 ms - Host latency: 8.51362 ms (enqueue 0.671533 ms)
[06/10/2026-23:14:50] [I] Average on 10 runs - GPU latency: 8.27476 ms - Host latency: 8.51626 ms (enqueue 0.671338 ms)
[06/10/2026-23:14:50] [I] Average on 10 runs - GPU latency: 8.27212 ms - Host latency: 8.51553 ms (enqueue 0.630615 ms)
[06/10/2026-23:14:50] [I] Average on 10 runs - GPU latency: 8.27065 ms - Host latency: 8.51323 ms (enqueue 0.652783 ms)
[06/10/2026-23:14:50] [I] Average on 10 runs - GPU latency: 8.26611 ms - Host latency: 8.52349 ms (enqueue 0.729834 ms)
[06/10/2026-23:14:50] [I] Average on 10 runs - GPU latency: 8.27422 ms - Host latency: 8.51645 ms (enqueue 0.683203 ms)
[06/10/2026-23:14:50] [I] Average on 10 runs - GPU latency: 8.27397 ms - Host latency: 8.51504 ms (enqueue 0.663965 ms)
[06/10/2026-23:14:50] [I] Average on 10 runs - GPU latency: 8.27207 ms - Host latency: 8.5165 ms (enqueue 0.695215 ms)
[06/10/2026-23:14:50] [I] Average on 10 runs - GPU latency: 8.27129 ms - Host latency: 8.51377 ms (enqueue 0.730371 ms)
[06/10/2026-23:14:50] [I] Average on 10 runs - GPU latency: 8.27295 ms - Host latency: 8.51582 ms (enqueue 0.675977 ms)
[06/10/2026-23:14:50] [I] Average on 10 runs - GPU latency: 8.27246 ms - Host latency: 8.51396 ms (enqueue 0.68125 ms)
[06/10/2026-23:14:50] [I] Average on 10 runs - GPU latency: 8.2709 ms - Host latency: 8.51406 ms (enqueue 0.682129 ms)
[06/10/2026-23:14:50] [I] Average on 10 runs - GPU latency: 8.27041 ms - Host latency: 8.51211 ms (enqueue 0.677051 ms)
[06/10/2026-23:14:50] [I] Average on 10 runs - GPU latency: 8.27139 ms - Host latency: 8.51328 ms (enqueue 0.682324 ms)
[06/10/2026-23:14:50] [I] Average on 10 runs - GPU latency: 8.26895 ms - Host latency: 8.51494 ms (enqueue 0.657422 ms)
[06/10/2026-23:14:50] [I] Average on 10 runs - GPU latency: 8.27314 ms - Host latency: 8.51787 ms (enqueue 0.663184 ms)
[06/10/2026-23:14:50] [I] Average on 10 runs - GPU latency: 8.26846 ms - Host latency: 8.52481 ms (enqueue 0.669238 ms)
[06/10/2026-23:14:50] [I] Average on 10 runs - GPU latency: 8.27363 ms - Host latency: 8.51602 ms (enqueue 0.684082 ms)
[06/10/2026-23:14:50] [I] Average on 10 runs - GPU latency: 8.27061 ms - Host latency: 8.51377 ms (enqueue 0.689551 ms)
[06/10/2026-23:14:50] [I] Average on 10 runs - GPU latency: 8.27441 ms - Host latency: 8.51641 ms (enqueue 0.666309 ms)
[06/10/2026-23:14:50] [I] Average on 10 runs - GPU latency: 8.27227 ms - Host latency: 8.51572 ms (enqueue 0.689062 ms)
[06/10/2026-23:14:50] [I] Average on 10 runs - GPU latency: 8.2749 ms - Host latency: 8.51797 ms (enqueue 0.69043 ms)
[06/10/2026-23:14:50] [I] Average on 10 runs - GPU latency: 8.27275 ms - Host latency: 8.5127 ms (enqueue 0.655078 ms)
[06/10/2026-23:14:50] [I] Average on 10 runs - GPU latency: 8.27207 ms - Host latency: 8.51299 ms (enqueue 0.671875 ms)
[06/10/2026-23:14:50] [I] Average on 10 runs - GPU latency: 8.27246 ms - Host latency: 8.51738 ms (enqueue 0.669434 ms)
[06/10/2026-23:14:50] [I] Average on 10 runs - GPU latency: 8.2708 ms - Host latency: 8.51055 ms (enqueue 0.657129 ms)
[06/10/2026-23:14:50] [I] Average on 10 runs - GPU latency: 8.26953 ms - Host latency: 8.51133 ms (enqueue 0.652832 ms)
[06/10/2026-23:14:50] [I] Average on 10 runs - GPU latency: 8.27266 ms - Host latency: 8.51436 ms (enqueue 0.627637 ms)
[06/10/2026-23:14:50] [I] Average on 10 runs - GPU latency: 8.2666 ms - Host latency: 8.52207 ms (enqueue 0.665625 ms)
[06/10/2026-23:14:50] [I] Average on 10 runs - GPU latency: 8.27031 ms - Host latency: 8.51221 ms (enqueue 0.677734 ms)
[06/10/2026-23:14:50] [I] Average on 10 runs - GPU latency: 8.27314 ms - Host latency: 8.51299 ms (enqueue 0.681445 ms)
[06/10/2026-23:14:50] [I] Average on 10 runs - GPU latency: 8.27168 ms - Host latency: 8.51289 ms (enqueue 0.684863 ms)
[06/10/2026-23:14:50] [I] Average on 10 runs - GPU latency: 8.27305 ms - Host latency: 8.51738 ms (enqueue 0.674707 ms)
[06/10/2026-23:14:50] [I] Average on 10 runs - GPU latency: 8.27402 ms - Host latency: 8.51768 ms (enqueue 0.698828 ms)
[06/10/2026-23:14:50] [I] Average on 10 runs - GPU latency: 8.27139 ms - Host latency: 8.51162 ms (enqueue 0.673047 ms)
[06/10/2026-23:14:50] [I] Average on 10 runs - GPU latency: 8.27217 ms - Host latency: 8.5123 ms (enqueue 0.658008 ms)
[06/10/2026-23:14:50] [I] Average on 10 runs - GPU latency: 8.26865 ms - Host latency: 8.50908 ms (enqueue 0.666602 ms)
[06/10/2026-23:14:50] [I] Average on 10 runs - GPU latency: 8.27051 ms - Host latency: 8.50957 ms (enqueue 0.671289 ms)
[06/10/2026-23:14:50] [I] Average on 10 runs - GPU latency: 8.27031 ms - Host latency: 8.51172 ms (enqueue 0.653906 ms)
[06/10/2026-23:14:50] [I] Average on 10 runs - GPU latency: 8.271 ms - Host latency: 8.51797 ms (enqueue 0.619727 ms)
[06/10/2026-23:14:50] [I] Average on 10 runs - GPU latency: 8.26562 ms - Host latency: 8.52051 ms (enqueue 0.64834 ms)
[06/10/2026-23:14:50] [I] Average on 10 runs - GPU latency: 8.271 ms - Host latency: 8.51279 ms (enqueue 0.683008 ms)
[06/10/2026-23:14:50] [I] Average on 10 runs - GPU latency: 8.27148 ms - Host latency: 8.51211 ms (enqueue 0.674805 ms)
[06/10/2026-23:14:50] [I] Average on 10 runs - GPU latency: 8.27031 ms - Host latency: 8.51416 ms (enqueue 0.671191 ms)
[06/10/2026-23:14:50] [I] Average on 10 runs - GPU latency: 8.27178 ms - Host latency: 8.51201 ms (enqueue 0.672656 ms)
[06/10/2026-23:14:50] [I] Average on 10 runs - GPU latency: 8.26709 ms - Host latency: 8.50859 ms (enqueue 0.674805 ms)
[06/10/2026-23:14:50] [I] Average on 10 runs - GPU latency: 8.27266 ms - Host latency: 8.5126 ms (enqueue 0.682715 ms)
[06/10/2026-23:14:50] [I] Average on 10 runs - GPU latency: 8.27022 ms - Host latency: 8.51006 ms (enqueue 0.674902 ms)
[06/10/2026-23:14:50] [I] Average on 10 runs - GPU latency: 8.26934 ms - Host latency: 8.50947 ms (enqueue 0.665625 ms)
[06/10/2026-23:14:50] [I] Average on 10 runs - GPU latency: 8.2709 ms - Host latency: 8.50859 ms (enqueue 0.68252 ms)
[06/10/2026-23:14:50] [I] Average on 10 runs - GPU latency: 8.26729 ms - Host latency: 8.50947 ms (enqueue 0.640625 ms)
[06/10/2026-23:14:50] [I] Average on 10 runs - GPU latency: 8.27363 ms - Host latency: 8.51777 ms (enqueue 0.661035 ms)
[06/10/2026-23:14:50] [I] Average on 10 runs - GPU latency: 8.26221 ms - Host latency: 8.51289 ms (enqueue 0.642578 ms)
[06/10/2026-23:14:50] [I] Average on 10 runs - GPU latency: 8.27422 ms - Host latency: 8.5208 ms (enqueue 0.708789 ms)
[06/10/2026-23:14:50] [I] Average on 10 runs - GPU latency: 8.27129 ms - Host latency: 8.51309 ms (enqueue 0.662793 ms)
[06/10/2026-23:14:50] [I] Average on 10 runs - GPU latency: 8.27305 ms - Host latency: 8.51631 ms (enqueue 0.679492 ms)
[06/10/2026-23:14:50] [I] Average on 10 runs - GPU latency: 8.27353 ms - Host latency: 8.51465 ms (enqueue 0.680176 ms)
[06/10/2026-23:14:50] [I] Average on 10 runs - GPU latency: 8.27197 ms - Host latency: 8.51396 ms (enqueue 0.674902 ms)
[06/10/2026-23:14:50] [I] Average on 10 runs - GPU latency: 8.27022 ms - Host latency: 8.5124 ms (enqueue 0.685059 ms)
[06/10/2026-23:14:50] [I] Average on 10 runs - GPU latency: 8.27197 ms - Host latency: 8.51416 ms (enqueue 0.67207 ms)
[06/10/2026-23:14:50] [I] Average on 10 runs - GPU latency: 8.27129 ms - Host latency: 8.5127 ms (enqueue 0.679883 ms)
[06/10/2026-23:14:50] [I] Average on 10 runs - GPU latency: 8.27481 ms - Host latency: 8.51719 ms (enqueue 0.676074 ms)
[06/10/2026-23:14:50] [I] Average on 10 runs - GPU latency: 8.27353 ms - Host latency: 8.51504 ms (enqueue 0.685449 ms)
[06/10/2026-23:14:50] [I] Average on 10 runs - GPU latency: 8.26572 ms - Host latency: 8.51045 ms (enqueue 0.646777 ms)
[06/10/2026-23:14:50] [I] Average on 10 runs - GPU latency: 8.26338 ms - Host latency: 8.51377 ms (enqueue 0.666504 ms)
[06/10/2026-23:14:50] [I] Average on 10 runs - GPU latency: 8.27432 ms - Host latency: 8.52266 ms (enqueue 0.735156 ms)
[06/10/2026-23:14:50] [I] Average on 10 runs - GPU latency: 8.27217 ms - Host latency: 8.51309 ms (enqueue 0.676074 ms)
[06/10/2026-23:14:50] [I] Average on 10 runs - GPU latency: 8.27178 ms - Host latency: 8.51377 ms (enqueue 0.663281 ms)
[06/10/2026-23:14:50] [I] Average on 10 runs - GPU latency: 8.27393 ms - Host latency: 8.51602 ms (enqueue 0.679883 ms)
[06/10/2026-23:14:50] [I] Average on 10 runs - GPU latency: 8.27471 ms - Host latency: 8.51309 ms (enqueue 0.673633 ms)
[06/10/2026-23:14:50] [I] Average on 10 runs - GPU latency: 8.27481 ms - Host latency: 8.51836 ms (enqueue 0.679883 ms)
[06/10/2026-23:14:50] [I] Average on 10 runs - GPU latency: 8.2708 ms - Host latency: 8.51191 ms (enqueue 0.680273 ms)
[06/10/2026-23:14:50] [I] Average on 10 runs - GPU latency: 8.27412 ms - Host latency: 8.51816 ms (enqueue 0.684473 ms)
[06/10/2026-23:14:50] [I] Average on 10 runs - GPU latency: 8.27305 ms - Host latency: 8.51396 ms (enqueue 0.674902 ms)
[06/10/2026-23:14:50] [I] Average on 10 runs - GPU latency: 8.27129 ms - Host latency: 8.51328 ms (enqueue 0.665625 ms)
[06/10/2026-23:14:50] [I] Average on 10 runs - GPU latency: 8.2666 ms - Host latency: 8.51514 ms (enqueue 0.670605 ms)
[06/10/2026-23:14:51] [I] Average on 10 runs - GPU latency: 8.26504 ms - Host latency: 8.51875 ms (enqueue 0.657324 ms)
[06/10/2026-23:14:51] [I] Average on 10 runs - GPU latency: 8.27402 ms - Host latency: 8.52607 ms (enqueue 0.686719 ms)
[06/10/2026-23:14:51] [I] Average on 10 runs - GPU latency: 8.27549 ms - Host latency: 8.51748 ms (enqueue 0.681055 ms)
[06/10/2026-23:14:51] [I] Average on 10 runs - GPU latency: 8.27148 ms - Host latency: 8.51182 ms (enqueue 0.67334 ms)
[06/10/2026-23:14:51] [I] Average on 10 runs - GPU latency: 8.27373 ms - Host latency: 8.51641 ms (enqueue 0.656738 ms)
[06/10/2026-23:14:51] [I] Average on 10 runs - GPU latency: 8.27168 ms - Host latency: 8.51348 ms (enqueue 0.672363 ms)
[06/10/2026-23:14:51] [I] Average on 10 runs - GPU latency: 8.27363 ms - Host latency: 8.51416 ms (enqueue 0.67334 ms)
[06/10/2026-23:14:51] [I] Average on 10 runs - GPU latency: 8.27207 ms - Host latency: 8.51387 ms (enqueue 0.663379 ms)
[06/10/2026-23:14:51] [I] Average on 10 runs - GPU latency: 8.27549 ms - Host latency: 8.51514 ms (enqueue 0.669824 ms)
[06/10/2026-23:14:51] [I] Average on 10 runs - GPU latency: 8.27217 ms - Host latency: 8.51299 ms (enqueue 0.685059 ms)
[06/10/2026-23:14:51] [I] Average on 10 runs - GPU latency: 8.27178 ms - Host latency: 8.51387 ms (enqueue 0.676855 ms)
[06/10/2026-23:14:51] [I] Average on 10 runs - GPU latency: 8.27041 ms - Host latency: 8.51553 ms (enqueue 0.669531 ms)
[06/10/2026-23:14:51] [I] Average on 10 runs - GPU latency: 8.26738 ms - Host latency: 8.51309 ms (enqueue 0.685645 ms)
[06/10/2026-23:14:51] [I] Average on 10 runs - GPU latency: 8.26807 ms - Host latency: 8.51729 ms (enqueue 0.683203 ms)
[06/10/2026-23:14:51] [I] Average on 10 runs - GPU latency: 8.27061 ms - Host latency: 8.51084 ms (enqueue 0.658105 ms)
[06/10/2026-23:14:51] [I] Average on 10 runs - GPU latency: 8.27353 ms - Host latency: 8.51406 ms (enqueue 0.675684 ms)
[06/10/2026-23:14:51] [I] Average on 10 runs - GPU latency: 8.27324 ms - Host latency: 8.51602 ms (enqueue 0.673145 ms)
[06/10/2026-23:14:51] [I] Average on 10 runs - GPU latency: 8.27061 ms - Host latency: 8.51289 ms (enqueue 0.656641 ms)
[06/10/2026-23:14:51] [I] Average on 10 runs - GPU latency: 8.27197 ms - Host latency: 8.51318 ms (enqueue 0.672461 ms)
[06/10/2026-23:14:51] [I] Average on 10 runs - GPU latency: 8.27256 ms - Host latency: 8.51562 ms (enqueue 0.682617 ms)
[06/10/2026-23:14:51] [I] Average on 10 runs - GPU latency: 8.27188 ms - Host latency: 8.51299 ms (enqueue 0.656934 ms)
[06/10/2026-23:14:51] [I] Average on 10 runs - GPU latency: 8.27256 ms - Host latency: 8.51436 ms (enqueue 0.673828 ms)
[06/10/2026-23:14:51] [I] Average on 10 runs - GPU latency: 8.27109 ms - Host latency: 8.51113 ms (enqueue 0.66748 ms)
[06/10/2026-23:14:51] [I] Average on 10 runs - GPU latency: 8.26943 ms - Host latency: 8.5125 ms (enqueue 0.661426 ms)
[06/10/2026-23:14:51] [I] Average on 10 runs - GPU latency: 8.26992 ms - Host latency: 8.5125 ms (enqueue 0.675293 ms)
[06/10/2026-23:14:51] [I] Average on 10 runs - GPU latency: 8.26621 ms - Host latency: 8.5123 ms (enqueue 0.702148 ms)
[06/10/2026-23:14:51] [I] Average on 10 runs - GPU latency: 8.27148 ms - Host latency: 8.51348 ms (enqueue 0.669922 ms)
[06/10/2026-23:14:51] [I] Average on 10 runs - GPU latency: 8.27471 ms - Host latency: 8.5166 ms (enqueue 0.661035 ms)
[06/10/2026-23:14:51] [I] Average on 10 runs - GPU latency: 8.27432 ms - Host latency: 8.51602 ms (enqueue 0.675684 ms)
[06/10/2026-23:14:51] [I] Average on 10 runs - GPU latency: 8.27627 ms - Host latency: 8.51553 ms (enqueue 0.673926 ms)
[06/10/2026-23:14:51] [I] Average on 10 runs - GPU latency: 8.27383 ms - Host latency: 8.51484 ms (enqueue 0.654492 ms)
[06/10/2026-23:14:51] [I] Average on 10 runs - GPU latency: 8.27305 ms - Host latency: 8.51582 ms (enqueue 0.668555 ms)
[06/10/2026-23:14:51] [I] Average on 10 runs - GPU latency: 8.27324 ms - Host latency: 8.51543 ms (enqueue 0.672656 ms)
[06/10/2026-23:14:51] [I] Average on 10 runs - GPU latency: 8.26914 ms - Host latency: 8.50996 ms (enqueue 0.657227 ms)
[06/10/2026-23:14:51] [I] Average on 10 runs - GPU latency: 8.27168 ms - Host latency: 8.5123 ms (enqueue 0.667969 ms)
[06/10/2026-23:14:51] [I] Average on 10 runs - GPU latency: 8.26973 ms - Host latency: 8.51875 ms (enqueue 0.679492 ms)
[06/10/2026-23:14:51] [I] Average on 10 runs - GPU latency: 8.27266 ms - Host latency: 8.51484 ms (enqueue 0.655078 ms)
[06/10/2026-23:14:51] [I] Average on 10 runs - GPU latency: 8.27266 ms - Host latency: 8.52441 ms (enqueue 0.685156 ms)
[06/10/2026-23:14:51] [I] Average on 10 runs - GPU latency: 8.27188 ms - Host latency: 8.51602 ms (enqueue 0.686914 ms)
[06/10/2026-23:14:51] [I] Average on 10 runs - GPU latency: 8.27266 ms - Host latency: 8.5127 ms (enqueue 0.667773 ms)
[06/10/2026-23:14:51] [I] Average on 10 runs - GPU latency: 8.27051 ms - Host latency: 8.51211 ms (enqueue 0.663086 ms)
[06/10/2026-23:14:51] [I] Average on 10 runs - GPU latency: 8.27227 ms - Host latency: 8.51133 ms (enqueue 0.666992 ms)
[06/10/2026-23:14:51] [I] Average on 10 runs - GPU latency: 8.27207 ms - Host latency: 8.51152 ms (enqueue 0.676562 ms)
[06/10/2026-23:14:51] [I] Average on 10 runs - GPU latency: 8.27422 ms - Host latency: 8.51641 ms (enqueue 0.663086 ms)
[06/10/2026-23:14:51] [I] Average on 10 runs - GPU latency: 8.27285 ms - Host latency: 8.51484 ms (enqueue 0.677344 ms)
[06/10/2026-23:14:51] [I] Average on 10 runs - GPU latency: 8.27617 ms - Host latency: 8.51523 ms (enqueue 0.682813 ms)
[06/10/2026-23:14:51] [I] Average on 10 runs - GPU latency: 8.27695 ms - Host latency: 8.51738 ms (enqueue 0.663867 ms)
[06/10/2026-23:14:51] [I] Average on 10 runs - GPU latency: 8.27109 ms - Host latency: 8.51387 ms (enqueue 0.680859 ms)
[06/10/2026-23:14:51] [I] Average on 10 runs - GPU latency: 8.27207 ms - Host latency: 8.51582 ms (enqueue 0.67832 ms)
[06/10/2026-23:14:51] [I] Average on 10 runs - GPU latency: 8.27031 ms - Host latency: 8.51719 ms (enqueue 0.67168 ms)
[06/10/2026-23:14:51] [I] Average on 10 runs - GPU latency: 8.26973 ms - Host latency: 8.51113 ms (enqueue 0.670117 ms)
[06/10/2026-23:14:51] [I] Average on 10 runs - GPU latency: 8.27031 ms - Host latency: 8.51445 ms (enqueue 0.669141 ms)
[06/10/2026-23:14:51] [I] Average on 10 runs - GPU latency: 8.27344 ms - Host latency: 8.51387 ms (enqueue 0.671289 ms)
[06/10/2026-23:14:51] [I] Average on 10 runs - GPU latency: 8.27559 ms - Host latency: 8.51699 ms (enqueue 0.664062 ms)
[06/10/2026-23:14:51] [I] Average on 10 runs - GPU latency: 8.27578 ms - Host latency: 8.51777 ms (enqueue 0.671875 ms)
[06/10/2026-23:14:51] [I] Average on 10 runs - GPU latency: 8.27188 ms - Host latency: 8.51348 ms (enqueue 0.681641 ms)
[06/10/2026-23:14:51] [I] Average on 10 runs - GPU latency: 8.27266 ms - Host latency: 8.51445 ms (enqueue 0.663867 ms)
[06/10/2026-23:14:51] [I] Average on 10 runs - GPU latency: 8.27285 ms - Host latency: 8.51309 ms (enqueue 0.669531 ms)
[06/10/2026-23:14:51] [I] Average on 10 runs - GPU latency: 8.27422 ms - Host latency: 8.51621 ms (enqueue 0.672266 ms)
[06/10/2026-23:14:51] [I] Average on 10 runs - GPU latency: 8.27109 ms - Host latency: 8.51406 ms (enqueue 0.664258 ms)
[06/10/2026-23:14:51] [I] Average on 10 runs - GPU latency: 8.27285 ms - Host latency: 8.51523 ms (enqueue 0.674414 ms)
[06/10/2026-23:14:51] [I] Average on 10 runs - GPU latency: 8.27188 ms - Host latency: 8.51582 ms (enqueue 0.67793 ms)
[06/10/2026-23:14:51] [I] Average on 10 runs - GPU latency: 8.26934 ms - Host latency: 8.51133 ms (enqueue 0.667578 ms)
[06/10/2026-23:14:51] [I] Average on 10 runs - GPU latency: 8.2707 ms - Host latency: 8.51191 ms (enqueue 0.677344 ms)
[06/10/2026-23:14:51] [I] Average on 10 runs - GPU latency: 8.27012 ms - Host latency: 8.50781 ms (enqueue 0.662695 ms)
[06/10/2026-23:14:51] [I] Average on 10 runs - GPU latency: 8.27207 ms - Host latency: 8.51094 ms (enqueue 0.66875 ms)
[06/10/2026-23:14:51] [I] Average on 10 runs - GPU latency: 8.2707 ms - Host latency: 8.50996 ms (enqueue 0.659375 ms)
[06/10/2026-23:14:51] [I] Average on 10 runs - GPU latency: 8.27344 ms - Host latency: 8.51465 ms (enqueue 0.67207 ms)
[06/10/2026-23:14:51] [I] Average on 10 runs - GPU latency: 8.27109 ms - Host latency: 8.5123 ms (enqueue 0.675586 ms)
[06/10/2026-23:14:51] [I] Average on 10 runs - GPU latency: 8.27148 ms - Host latency: 8.51348 ms (enqueue 0.653711 ms)
[06/10/2026-23:14:51] [I] Average on 10 runs - GPU latency: 8.27305 ms - Host latency: 8.51309 ms (enqueue 0.673828 ms)
[06/10/2026-23:14:51] [I] Average on 10 runs - GPU latency: 8.27051 ms - Host latency: 8.51484 ms (enqueue 0.672656 ms)
[06/10/2026-23:14:51] [I] Average on 10 runs - GPU latency: 8.27617 ms - Host latency: 8.5166 ms (enqueue 0.656445 ms)
[06/10/2026-23:14:51] [I] Average on 10 runs - GPU latency: 8.275 ms - Host latency: 8.52188 ms (enqueue 0.673633 ms)
[06/10/2026-23:14:51] [I] Average on 10 runs - GPU latency: 8.27617 ms - Host latency: 8.51621 ms (enqueue 0.677344 ms)
[06/10/2026-23:14:51] [I] Average on 10 runs - GPU latency: 8.27637 ms - Host latency: 8.51699 ms (enqueue 0.6625 ms)
[06/10/2026-23:14:51] [I] Average on 10 runs - GPU latency: 8.27129 ms - Host latency: 8.51055 ms (enqueue 0.664062 ms)
[06/10/2026-23:14:51] [I] Average on 10 runs - GPU latency: 8.27305 ms - Host latency: 8.51465 ms (enqueue 0.674023 ms)
[06/10/2026-23:14:51] [I] Average on 10 runs - GPU latency: 8.27324 ms - Host latency: 8.51191 ms (enqueue 0.668555 ms)
[06/10/2026-23:14:51] [I] Average on 10 runs - GPU latency: 8.27344 ms - Host latency: 8.51816 ms (enqueue 0.663086 ms)
[06/10/2026-23:14:51] [I] Average on 10 runs - GPU latency: 8.27266 ms - Host latency: 8.51348 ms (enqueue 0.683594 ms)
[06/10/2026-23:14:51] [I] Average on 10 runs - GPU latency: 8.27285 ms - Host latency: 8.51523 ms (enqueue 0.673828 ms)
[06/10/2026-23:14:51] [I] Average on 10 runs - GPU latency: 8.27227 ms - Host latency: 8.51602 ms (enqueue 0.656055 ms)
[06/10/2026-23:14:51] [I] Average on 10 runs - GPU latency: 8.27402 ms - Host latency: 8.5166 ms (enqueue 0.664648 ms)
[06/10/2026-23:14:51] [I] Average on 10 runs - GPU latency: 8.27109 ms - Host latency: 8.51113 ms (enqueue 0.664844 ms)
[06/10/2026-23:14:51] [I] Average on 10 runs - GPU latency: 8.27129 ms - Host latency: 8.51484 ms (enqueue 0.669336 ms)
[06/10/2026-23:14:51] [I] Average on 10 runs - GPU latency: 8.27598 ms - Host latency: 8.51816 ms (enqueue 0.668359 ms)
[06/10/2026-23:14:51] [I] Average on 10 runs - GPU latency: 8.275 ms - Host latency: 8.51445 ms (enqueue 0.664062 ms)
[06/10/2026-23:14:51] [I] Average on 10 runs - GPU latency: 8.27578 ms - Host latency: 8.51406 ms (enqueue 0.662695 ms)
[06/10/2026-23:14:51] [I] Average on 10 runs - GPU latency: 8.27383 ms - Host latency: 8.51426 ms (enqueue 0.660742 ms)
[06/10/2026-23:14:51] [I] Average on 10 runs - GPU latency: 8.27227 ms - Host latency: 8.51133 ms (enqueue 0.670703 ms)
[06/10/2026-23:14:51] [I] Average on 10 runs - GPU latency: 8.27012 ms - Host latency: 8.51152 ms (enqueue 0.671875 ms)
[06/10/2026-23:14:51] [I] ... Omitting 10504 lines
[06/10/2026-23:14:51] [I] Average on 10 runs - GPU latency: 8.27188 ms - Host latency: 8.50859 ms (enqueue 0.672656 ms)
[06/10/2026-23:14:51] [I] Average on 10 runs - GPU latency: 8.26797 ms - Host latency: 8.50859 ms (enqueue 0.661719 ms)
[06/10/2026-23:14:51] [I] Average on 10 runs - GPU latency: 8.26953 ms - Host latency: 8.51172 ms (enqueue 0.677344 ms)
[06/10/2026-23:14:51] [I] Average on 10 runs - GPU latency: 8.26719 ms - Host latency: 8.50547 ms (enqueue 0.675 ms)
[06/10/2026-23:14:51] [I] Average on 10 runs - GPU latency: 8.26953 ms - Host latency: 8.50625 ms (enqueue 0.661719 ms)
[06/10/2026-23:14:51] [I] Average on 10 runs - GPU latency: 8.27031 ms - Host latency: 8.50859 ms (enqueue 0.672656 ms)
[06/10/2026-23:14:51] [I] Average on 10 runs - GPU latency: 8.27188 ms - Host latency: 8.51172 ms (enqueue 0.692969 ms)
[06/10/2026-23:14:51] [I] Average on 10 runs - GPU latency: 8.26797 ms - Host latency: 8.51328 ms (enqueue 0.669531 ms)
[06/10/2026-23:14:51] [I] Average on 10 runs - GPU latency: 8.27266 ms - Host latency: 8.51797 ms (enqueue 0.667969 ms)
[06/10/2026-23:14:51] [I] Average on 10 runs - GPU latency: 8.27109 ms - Host latency: 8.51172 ms (enqueue 0.679688 ms)
[06/10/2026-23:14:51] [I] Average on 10 runs - GPU latency: 8.26953 ms - Host latency: 8.51797 ms (enqueue 0.714063 ms)
[06/10/2026-23:14:51] [I] Average on 10 runs - GPU latency: 8.26797 ms - Host latency: 8.50859 ms (enqueue 0.663281 ms)
[06/10/2026-23:14:51] [I] Average on 10 runs - GPU latency: 8.27188 ms - Host latency: 8.51406 ms (enqueue 0.690625 ms)
[06/10/2026-23:14:51] [I] Average on 10 runs - GPU latency: 8.26875 ms - Host latency: 8.51094 ms (enqueue 0.688281 ms)
[06/10/2026-23:14:51] [I] Average on 10 runs - GPU latency: 8.26797 ms - Host latency: 8.50937 ms (enqueue 0.660156 ms)
[06/10/2026-23:14:51] [I] Average on 10 runs - GPU latency: 8.26641 ms - Host latency: 8.50937 ms (enqueue 0.7 ms)
[06/10/2026-23:14:51] [I] Average on 10 runs - GPU latency: 8.26719 ms - Host latency: 8.50703 ms (enqueue 0.683594 ms)
[06/10/2026-23:14:51] [I] Average on 10 runs - GPU latency: 8.26562 ms - Host latency: 8.50781 ms (enqueue 0.657031 ms)
[06/10/2026-23:14:51] [I] Average on 10 runs - GPU latency: 8.26562 ms - Host latency: 8.50625 ms (enqueue 0.697656 ms)
[06/10/2026-23:14:51] [I] Average on 10 runs - GPU latency: 8.26797 ms - Host latency: 8.51953 ms (enqueue 0.711719 ms)
[06/10/2026-23:14:51] [I] Average on 10 runs - GPU latency: 8.26484 ms - Host latency: 8.51719 ms (enqueue 0.691406 ms)
[06/10/2026-23:14:51] [I] Average on 10 runs - GPU latency: 8.26406 ms - Host latency: 8.50469 ms (enqueue 0.68125 ms)
[06/10/2026-23:14:51] [I] Average on 10 runs - GPU latency: 8.26797 ms - Host latency: 8.5125 ms (enqueue 0.714063 ms)
[06/10/2026-23:14:51] [I] Average on 10 runs - GPU latency: 8.26953 ms - Host latency: 8.51641 ms (enqueue 0.696094 ms)
[06/10/2026-23:14:51] [I] Average on 10 runs - GPU latency: 8.27188 ms - Host latency: 8.51328 ms (enqueue 0.675 ms)
[06/10/2026-23:14:51] [I] Average on 10 runs - GPU latency: 8.26641 ms - Host latency: 8.50547 ms (enqueue 0.695312 ms)
[06/10/2026-23:14:51] [I] Average on 10 runs - GPU latency: 8.26797 ms - Host latency: 8.50859 ms (enqueue 0.667188 ms)
[06/10/2026-23:14:51] [I] Average on 10 runs - GPU latency: 8.27109 ms - Host latency: 8.5125 ms (enqueue 0.676562 ms)
[06/10/2026-23:14:51] [I] Average on 10 runs - GPU latency: 8.27031 ms - Host latency: 8.51172 ms (enqueue 0.6875 ms)
[06/10/2026-23:14:51] [I] Average on 10 runs - GPU latency: 8.26797 ms - Host latency: 8.51016 ms (enqueue 0.667188 ms)
[06/10/2026-23:14:51] [I] Average on 10 runs - GPU latency: 8.26875 ms - Host latency: 8.5125 ms (enqueue 0.670313 ms)
[06/10/2026-23:14:51] [I] Average on 10 runs - GPU latency: 8.27344 ms - Host latency: 8.525 ms (enqueue 0.674219 ms)
[06/10/2026-23:14:51] [I] Average on 10 runs - GPU latency: 8.26953 ms - Host latency: 8.51875 ms (enqueue 0.689062 ms)
[06/10/2026-23:14:51] [I] Average on 10 runs - GPU latency: 8.27109 ms - Host latency: 8.51562 ms (enqueue 0.664844 ms)
[06/10/2026-23:14:51] [I] Average on 10 runs - GPU latency: 8.26406 ms - Host latency: 8.51562 ms (enqueue 0.703125 ms)
[06/10/2026-23:14:51] [I] Average on 10 runs - GPU latency: 8.27031 ms - Host latency: 8.51406 ms (enqueue 0.677344 ms)
[06/10/2026-23:14:51] [I] Average on 10 runs - GPU latency: 8.26562 ms - Host latency: 8.50781 ms (enqueue 0.664844 ms)
[06/10/2026-23:14:51] [I] Average on 10 runs - GPU latency: 8.26953 ms - Host latency: 8.51328 ms (enqueue 0.671094 ms)
[06/10/2026-23:14:51] [I] Average on 10 runs - GPU latency: 8.26719 ms - Host latency: 8.50547 ms (enqueue 0.674219 ms)
[06/10/2026-23:14:51] [I] Average on 10 runs - GPU latency: 8.26875 ms - Host latency: 8.50937 ms (enqueue 0.6625 ms)
[06/10/2026-23:14:51] [I] Average on 10 runs - GPU latency: 8.27188 ms - Host latency: 8.51641 ms (enqueue 0.686719 ms)
[06/10/2026-23:14:51] [I] Average on 10 runs - GPU latency: 8.27266 ms - Host latency: 8.51562 ms (enqueue 0.677344 ms)
[06/10/2026-23:14:51] [I] Average on 10 runs - GPU latency: 8.27109 ms - Host latency: 8.51484 ms (enqueue 0.657031 ms)
[06/10/2026-23:14:51] [I] Average on 10 runs - GPU latency: 8.275 ms - Host latency: 8.52031 ms (enqueue 0.65 ms)
[06/10/2026-23:14:51] [I] Average on 10 runs - GPU latency: 8.26641 ms - Host latency: 8.51172 ms (enqueue 0.664844 ms)
[06/10/2026-23:14:51] [I] Average on 10 runs - GPU latency: 8.27031 ms - Host latency: 8.5125 ms (enqueue 0.675781 ms)
[06/10/2026-23:14:51] [I] Average on 10 runs - GPU latency: 8.26797 ms - Host latency: 8.51094 ms (enqueue 0.649219 ms)
[06/10/2026-23:14:51] [I] Average on 10 runs - GPU latency: 8.27031 ms - Host latency: 8.5125 ms (enqueue 0.68125 ms)
[06/10/2026-23:14:51] [I] Average on 10 runs - GPU latency: 8.27266 ms - Host latency: 8.51484 ms (enqueue 0.680469 ms)
[06/10/2026-23:14:51] [I] Average on 10 runs - GPU latency: 8.27422 ms - Host latency: 8.51797 ms (enqueue 0.670313 ms)
[06/10/2026-23:14:51] [I] Average on 10 runs - GPU latency: 8.26953 ms - Host latency: 8.51328 ms (enqueue 0.688281 ms)
[06/10/2026-23:14:51] [I] Average on 10 runs - GPU latency: 8.26875 ms - Host latency: 8.50703 ms (enqueue 0.671094 ms)
[06/10/2026-23:14:51] [I] Average on 10 runs - GPU latency: 8.26719 ms - Host latency: 8.50781 ms (enqueue 0.655469 ms)
[06/10/2026-23:14:51] [I] Average on 10 runs - GPU latency: 8.26875 ms - Host latency: 8.51094 ms (enqueue 0.671875 ms)
[06/10/2026-23:14:51] [I] Average on 10 runs - GPU latency: 8.26875 ms - Host latency: 8.51172 ms (enqueue 0.671875 ms)
[06/10/2026-23:14:51] [I] Average on 10 runs - GPU latency: 8.27109 ms - Host latency: 8.51484 ms (enqueue 0.626562 ms)
[06/10/2026-23:14:51] [I] Average on 10 runs - GPU latency: 8.27109 ms - Host latency: 8.52031 ms (enqueue 0.717969 ms)
[06/10/2026-23:14:51] [I] Average on 10 runs - GPU latency: 8.26719 ms - Host latency: 8.51016 ms (enqueue 0.672656 ms)
[06/10/2026-23:14:51] [I] Average on 10 runs - GPU latency: 8.26641 ms - Host latency: 8.51094 ms (enqueue 0.646875 ms)
[06/10/2026-23:14:51] [I] Average on 10 runs - GPU latency: 8.26875 ms - Host latency: 8.50937 ms (enqueue 0.685938 ms)
[06/10/2026-23:14:51] [I] Average on 10 runs - GPU latency: 8.26641 ms - Host latency: 8.50781 ms (enqueue 0.688281 ms)
[06/10/2026-23:14:51] [I] Average on 10 runs - GPU latency: 8.26719 ms - Host latency: 8.50937 ms (enqueue 0.673437 ms)
[06/10/2026-23:14:51] [I] Average on 10 runs - GPU latency: 8.26719 ms - Host latency: 8.51094 ms (enqueue 0.685156 ms)
[06/10/2026-23:14:51] [I] Average on 10 runs - GPU latency: 8.26719 ms - Host latency: 8.50625 ms (enqueue 0.671094 ms)
[06/10/2026-23:14:51] [I] Average on 10 runs - GPU latency: 8.26641 ms - Host latency: 8.50625 ms (enqueue 0.6625 ms)
[06/10/2026-23:14:51] [I] Average on 10 runs - GPU latency: 8.26875 ms - Host latency: 8.51172 ms (enqueue 0.685938 ms)
[06/10/2026-23:14:51] [I] Average on 10 runs - GPU latency: 8.26641 ms - Host latency: 8.50781 ms (enqueue 0.66875 ms)
[06/10/2026-23:14:51] [I] Average on 10 runs - GPU latency: 8.26484 ms - Host latency: 8.50859 ms (enqueue 0.642187 ms)
[06/10/2026-23:14:51] [I] Average on 10 runs - GPU latency: 8.26641 ms - Host latency: 8.52344 ms (enqueue 0.647656 ms)
[06/10/2026-23:14:51] [I] Average on 10 runs - GPU latency: 8.26953 ms - Host latency: 8.51406 ms (enqueue 0.678906 ms)
[06/10/2026-23:14:51] [I] Average on 10 runs - GPU latency: 8.26797 ms - Host latency: 8.51406 ms (enqueue 0.629687 ms)
[06/10/2026-23:14:51] [I] Average on 10 runs - GPU latency: 8.27188 ms - Host latency: 8.51641 ms (enqueue 0.671094 ms)
[06/10/2026-23:14:51] [I] Average on 10 runs - GPU latency: 8.26719 ms - Host latency: 8.50703 ms (enqueue 0.673437 ms)
[06/10/2026-23:14:51] [I] Average on 10 runs - GPU latency: 8.27031 ms - Host latency: 8.5125 ms (enqueue 0.677344 ms)
[06/10/2026-23:14:51] [I] Average on 10 runs - GPU latency: 8.26953 ms - Host latency: 8.51172 ms (enqueue 0.667969 ms)
[06/10/2026-23:14:51] [I] Average on 10 runs - GPU latency: 8.26875 ms - Host latency: 8.50781 ms (enqueue 0.671875 ms)
[06/10/2026-23:14:51] [I] Average on 10 runs - GPU latency: 8.27188 ms - Host latency: 8.51641 ms (enqueue 0.682031 ms)
[06/10/2026-23:14:51] [I] Average on 10 runs - GPU latency: 8.27031 ms - Host latency: 8.5125 ms (enqueue 0.678125 ms)
[06/10/2026-23:14:51] [I] Average on 10 runs - GPU latency: 8.26953 ms - Host latency: 8.50703 ms (enqueue 0.678906 ms)
[06/10/2026-23:14:51] [I] Average on 10 runs - GPU latency: 8.26797 ms - Host latency: 8.50937 ms (enqueue 0.642969 ms)
[06/10/2026-23:14:51] [I] Average on 10 runs - GPU latency: 8.26953 ms - Host latency: 8.52266 ms (enqueue 0.650781 ms)
[06/10/2026-23:14:51] [I] Average on 10 runs - GPU latency: 8.26562 ms - Host latency: 8.50625 ms (enqueue 0.690625 ms)
[06/10/2026-23:14:51] [I] Average on 10 runs - GPU latency: 8.27109 ms - Host latency: 8.52188 ms (enqueue 0.665625 ms)
[06/10/2026-23:14:51] [I] Average on 10 runs - GPU latency: 8.27188 ms - Host latency: 8.51406 ms (enqueue 0.667188 ms)
[06/10/2026-23:14:51] [I] Average on 10 runs - GPU latency: 8.26719 ms - Host latency: 8.51172 ms (enqueue 0.678906 ms)
[06/10/2026-23:14:51] [I] Average on 10 runs - GPU latency: 8.26562 ms - Host latency: 8.50469 ms (enqueue 0.68125 ms)
[06/10/2026-23:14:51] [I] Average on 10 runs - GPU latency: 8.27188 ms - Host latency: 8.51641 ms (enqueue 0.671094 ms)
[06/10/2026-23:14:51] [I] Average on 10 runs - GPU latency: 8.27422 ms - Host latency: 8.51719 ms (enqueue 0.695312 ms)
[06/10/2026-23:14:51] [I] Average on 10 runs - GPU latency: 8.27031 ms - Host latency: 8.51328 ms (enqueue 0.701563 ms)
[06/10/2026-23:14:51] [I] Average on 10 runs - GPU latency: 8.27031 ms - Host latency: 8.50859 ms (enqueue 0.695312 ms)
[06/10/2026-23:14:51] [I] Average on 10 runs - GPU latency: 8.26562 ms - Host latency: 8.50469 ms (enqueue 0.666406 ms)
[06/10/2026-23:14:51] [I] Average on 10 runs - GPU latency: 8.26875 ms - Host latency: 8.51406 ms (enqueue 0.708594 ms)
[06/10/2026-23:14:51] [I] Average on 10 runs - GPU latency: 8.27031 ms - Host latency: 8.52422 ms (enqueue 0.634375 ms)
[06/10/2026-23:14:51] [I] Average on 10 runs - GPU latency: 8.26953 ms - Host latency: 8.51016 ms (enqueue 0.660937 ms)
[06/10/2026-23:14:51] [I] Average on 10 runs - GPU latency: 8.26797 ms - Host latency: 8.51484 ms (enqueue 0.650781 ms)
[06/10/2026-23:14:51] [I] Average on 10 runs - GPU latency: 8.26797 ms - Host latency: 8.50859 ms (enqueue 0.680469 ms)
[06/10/2026-23:14:51] [I] Average on 10 runs - GPU latency: 8.26953 ms - Host latency: 8.51016 ms (enqueue 0.655469 ms)
[06/10/2026-23:14:51] [I] Average on 10 runs - GPU latency: 8.26875 ms - Host latency: 8.50937 ms (enqueue 0.667188 ms)
[06/10/2026-23:14:51] [I] Average on 10 runs - GPU latency: 8.26641 ms - Host latency: 8.50703 ms (enqueue 0.678906 ms)
[06/10/2026-23:14:51] [I] Average on 10 runs - GPU latency: 8.26875 ms - Host latency: 8.51016 ms (enqueue 0.657031 ms)
[06/10/2026-23:14:51] [I] Average on 10 runs - GPU latency: 8.27031 ms - Host latency: 8.50781 ms (enqueue 0.670313 ms)
[06/10/2026-23:14:51] [I] Average on 10 runs - GPU latency: 8.26953 ms - Host latency: 8.50859 ms (enqueue 0.66875 ms)
[06/10/2026-23:14:51] [I] Average on 10 runs - GPU latency: 8.26641 ms - Host latency: 8.50859 ms (enqueue 0.68125 ms)
[06/10/2026-23:14:51] [I] Average on 10 runs - GPU latency: 8.27031 ms - Host latency: 8.51172 ms (enqueue 0.669531 ms)
[06/10/2026-23:14:51] [I] Average on 10 runs - GPU latency: 8.26562 ms - Host latency: 8.51875 ms (enqueue 0.601562 ms)
[06/10/2026-23:14:51] [I] Average on 10 runs - GPU latency: 8.26719 ms - Host latency: 8.50703 ms (enqueue 0.675781 ms)
[06/10/2026-23:14:51] [I] Average on 10 runs - GPU latency: 8.26719 ms - Host latency: 8.50781 ms (enqueue 0.659375 ms)
[06/10/2026-23:14:51] [I] Average on 10 runs - GPU latency: 8.26641 ms - Host latency: 8.5125 ms (enqueue 0.663281 ms)
[06/10/2026-23:14:51] [I] Average on 10 runs - GPU latency: 8.26719 ms - Host latency: 8.50781 ms (enqueue 0.672656 ms)
[06/10/2026-23:14:51] [I] Average on 10 runs - GPU latency: 8.26953 ms - Host latency: 8.51094 ms (enqueue 0.665625 ms)
[06/10/2026-23:14:51] [I] Average on 10 runs - GPU latency: 8.27109 ms - Host latency: 8.5125 ms (enqueue 0.68125 ms)
[06/10/2026-23:14:51] [I] Average on 10 runs - GPU latency: 8.27188 ms - Host latency: 8.51406 ms (enqueue 0.678125 ms)
[06/10/2026-23:14:51] [I] Average on 10 runs - GPU latency: 8.26484 ms - Host latency: 8.50859 ms (enqueue 0.667188 ms)
[06/10/2026-23:14:51] [I] Average on 10 runs - GPU latency: 8.26797 ms - Host latency: 8.51094 ms (enqueue 0.682031 ms)
[06/10/2026-23:14:51] [I] Average on 10 runs - GPU latency: 8.26953 ms - Host latency: 8.51641 ms (enqueue 0.700781 ms)
[06/10/2026-23:14:51] [I] Average on 10 runs - GPU latency: 8.27031 ms - Host latency: 8.51328 ms (enqueue 0.657031 ms)
[06/10/2026-23:14:51] [I] Average on 10 runs - GPU latency: 8.27188 ms - Host latency: 8.52266 ms (enqueue 0.614844 ms)
[06/10/2026-23:14:51] [I] Average on 10 runs - GPU latency: 8.26797 ms - Host latency: 8.51328 ms (enqueue 0.689844 ms)
[06/10/2026-23:14:51] [I] Average on 10 runs - GPU latency: 8.27031 ms - Host latency: 8.51406 ms (enqueue 0.6625 ms)
[06/10/2026-23:14:51] [I] Average on 10 runs - GPU latency: 8.26562 ms - Host latency: 8.5125 ms (enqueue 0.64375 ms)
[06/10/2026-23:14:51] [I] Average on 10 runs - GPU latency: 8.27031 ms - Host latency: 8.51094 ms (enqueue 0.682813 ms)
[06/10/2026-23:14:51] [I] Average on 10 runs - GPU latency: 8.27188 ms - Host latency: 8.51328 ms (enqueue 0.659375 ms)
[06/10/2026-23:14:51] [I] Average on 10 runs - GPU latency: 8.26641 ms - Host latency: 8.50469 ms (enqueue 0.671094 ms)
[06/10/2026-23:14:51] [I] Average on 10 runs - GPU latency: 8.26641 ms - Host latency: 8.50625 ms (enqueue 0.677344 ms)
[06/10/2026-23:14:51] [I] Average on 10 runs - GPU latency: 8.26797 ms - Host latency: 8.50781 ms (enqueue 0.664062 ms)
[06/10/2026-23:14:51] [I] Average on 10 runs - GPU latency: 8.27031 ms - Host latency: 8.5125 ms (enqueue 0.664844 ms)
[06/10/2026-23:14:51] [I] Average on 10 runs - GPU latency: 8.26953 ms - Host latency: 8.50937 ms (enqueue 0.675781 ms)
[06/10/2026-23:14:51] [I] Average on 10 runs - GPU latency: 8.27188 ms - Host latency: 8.51484 ms (enqueue 0.685938 ms)
[06/10/2026-23:14:51] [I] Average on 10 runs - GPU latency: 8.26953 ms - Host latency: 8.52109 ms (enqueue 0.661719 ms)
[06/10/2026-23:14:51] [I] Average on 10 runs - GPU latency: 8.27031 ms - Host latency: 8.51328 ms (enqueue 0.685938 ms)
[06/10/2026-23:14:51] [I] Average on 10 runs - GPU latency: 8.27031 ms - Host latency: 8.51172 ms (enqueue 0.659375 ms)
[06/10/2026-23:14:51] [I] Average on 10 runs - GPU latency: 8.26797 ms - Host latency: 8.51562 ms (enqueue 0.690625 ms)
[06/10/2026-23:14:51] [I] Average on 10 runs - GPU latency: 8.27109 ms - Host latency: 8.51406 ms (enqueue 0.673437 ms)
[06/10/2026-23:14:51] [I] Average on 10 runs - GPU latency: 8.26641 ms - Host latency: 8.50937 ms (enqueue 0.689844 ms)
[06/10/2026-23:14:51] [I] Average on 10 runs - GPU latency: 8.26719 ms - Host latency: 8.51016 ms (enqueue 0.664062 ms)
[06/10/2026-23:14:51] [I] Average on 10 runs - GPU latency: 8.27109 ms - Host latency: 8.51172 ms (enqueue 0.682031 ms)
[06/10/2026-23:14:51] [I] Average on 10 runs - GPU latency: 8.27031 ms - Host latency: 8.50937 ms (enqueue 0.682031 ms)
[06/10/2026-23:14:51] [I] Average on 10 runs - GPU latency: 8.26797 ms - Host latency: 8.50781 ms (enqueue 0.663281 ms)
[06/10/2026-23:14:51] [I] Average on 10 runs - GPU latency: 8.27188 ms - Host latency: 8.51406 ms (enqueue 0.703906 ms)
[06/10/2026-23:14:51] [I] Average on 10 runs - GPU latency: 8.26797 ms - Host latency: 8.5125 ms (enqueue 0.692969 ms)
[06/10/2026-23:14:51] [I] Average on 10 runs - GPU latency: 8.27422 ms - Host latency: 8.52266 ms (enqueue 0.673437 ms)
[06/10/2026-23:14:51] [I] Average on 10 runs - GPU latency: 8.26328 ms - Host latency: 8.51094 ms (enqueue 0.69375 ms)
[06/10/2026-23:14:51] [I] Average on 10 runs - GPU latency: 8.26641 ms - Host latency: 8.51172 ms (enqueue 0.678906 ms)
[06/10/2026-23:14:51] [I] Average on 10 runs - GPU latency: 8.26562 ms - Host latency: 8.5375 ms (enqueue 0.6625 ms)
[06/10/2026-23:14:51] [I] Average on 10 runs - GPU latency: 8.27109 ms - Host latency: 8.51484 ms (enqueue 0.6875 ms)
[06/10/2026-23:14:51] [I] Average on 10 runs - GPU latency: 8.27109 ms - Host latency: 8.51406 ms (enqueue 0.682031 ms)
[06/10/2026-23:14:51] [I] Average on 10 runs - GPU latency: 8.26719 ms - Host latency: 8.50781 ms (enqueue 0.670313 ms)
[06/10/2026-23:14:51] [I] Average on 10 runs - GPU latency: 8.27109 ms - Host latency: 8.51094 ms (enqueue 0.659375 ms)
[06/10/2026-23:14:51] [I] Average on 10 runs - GPU latency: 8.27109 ms - Host latency: 8.50937 ms (enqueue 0.675 ms)
[06/10/2026-23:14:51] [I] Average on 10 runs - GPU latency: 8.26875 ms - Host latency: 8.50547 ms (enqueue 0.677344 ms)
[06/10/2026-23:14:51] [I] Average on 10 runs - GPU latency: 8.27266 ms - Host latency: 8.51797 ms (enqueue 0.660156 ms)
[06/10/2026-23:14:51] [I] Average on 10 runs - GPU latency: 8.26875 ms - Host latency: 8.51094 ms (enqueue 0.689062 ms)
[06/10/2026-23:14:51] [I] Average on 10 runs - GPU latency: 8.27031 ms - Host latency: 8.51797 ms (enqueue 0.739844 ms)
[06/10/2026-23:14:51] [I] Average on 10 runs - GPU latency: 8.26406 ms - Host latency: 8.5125 ms (enqueue 0.670313 ms)
[06/10/2026-23:14:51] [I] Average on 10 runs - GPU latency: 8.26719 ms - Host latency: 8.51406 ms (enqueue 0.670313 ms)
[06/10/2026-23:14:51] [I] Average on 10 runs - GPU latency: 8.27031 ms - Host latency: 8.51562 ms (enqueue 0.692187 ms)
[06/10/2026-23:14:51] [I] Average on 10 runs - GPU latency: 8.26641 ms - Host latency: 8.50781 ms (enqueue 0.663281 ms)
[06/10/2026-23:14:51] [I] Average on 10 runs - GPU latency: 8.27266 ms - Host latency: 8.51484 ms (enqueue 0.689062 ms)
[06/10/2026-23:14:51] [I] Average on 10 runs - GPU latency: 8.27109 ms - Host latency: 8.51484 ms (enqueue 0.679688 ms)
[06/10/2026-23:14:51] [I] Average on 10 runs - GPU latency: 8.27188 ms - Host latency: 8.5125 ms (enqueue 0.674219 ms)
[06/10/2026-23:14:51] [I] Average on 10 runs - GPU latency: 8.27031 ms - Host latency: 8.51016 ms (enqueue 0.701563 ms)
[06/10/2026-23:14:51] [I] Average on 10 runs - GPU latency: 8.26875 ms - Host latency: 8.51484 ms (enqueue 0.68125 ms)
[06/10/2026-23:14:51] [I] Average on 10 runs - GPU latency: 8.27109 ms - Host latency: 8.51094 ms (enqueue 0.667969 ms)
[06/10/2026-23:14:51] [I] Average on 10 runs - GPU latency: 8.26562 ms - Host latency: 8.50469 ms (enqueue 0.671094 ms)
[06/10/2026-23:14:51] [I] Average on 10 runs - GPU latency: 8.26641 ms - Host latency: 8.51562 ms (enqueue 0.715625 ms)
[06/10/2026-23:14:51] [I] Average on 10 runs - GPU latency: 8.27109 ms - Host latency: 8.52188 ms (enqueue 0.694531 ms)
[06/10/2026-23:14:51] [I] Average on 10 runs - GPU latency: 8.26875 ms - Host latency: 8.51719 ms (enqueue 0.6625 ms)
[06/10/2026-23:14:51] [I] Average on 10 runs - GPU latency: 8.26875 ms - Host latency: 8.5125 ms (enqueue 0.726562 ms)
[06/10/2026-23:14:51] [I] Average on 10 runs - GPU latency: 8.26719 ms - Host latency: 8.50937 ms (enqueue 0.705469 ms)
[06/10/2026-23:14:51] [I] Average on 10 runs - GPU latency: 8.27344 ms - Host latency: 8.51797 ms (enqueue 0.663281 ms)
[06/10/2026-23:14:51] [I] Average on 10 runs - GPU latency: 8.27344 ms - Host latency: 8.51719 ms (enqueue 0.691406 ms)
[06/10/2026-23:14:51] [I] Average on 10 runs - GPU latency: 8.27031 ms - Host latency: 8.50781 ms (enqueue 0.677344 ms)
[06/10/2026-23:14:51] [I] Average on 10 runs - GPU latency: 8.27188 ms - Host latency: 8.51797 ms (enqueue 0.664062 ms)
[06/10/2026-23:14:51] [I] Average on 10 runs - GPU latency: 8.26641 ms - Host latency: 8.50859 ms (enqueue 0.7 ms)
[06/10/2026-23:14:51] [I] Average on 10 runs - GPU latency: 8.27031 ms - Host latency: 8.51172 ms (enqueue 0.672656 ms)
[06/10/2026-23:14:51] [I] Average on 10 runs - GPU latency: 8.27188 ms - Host latency: 8.51328 ms (enqueue 0.664062 ms)
[06/10/2026-23:14:51] [I] Average on 10 runs - GPU latency: 8.27031 ms - Host latency: 8.51562 ms (enqueue 0.708594 ms)
[06/10/2026-23:14:51] [I] Average on 10 runs - GPU latency: 8.27109 ms - Host latency: 8.52656 ms (enqueue 0.713281 ms)
[06/10/2026-23:14:51] [I] Average on 10 runs - GPU latency: 8.27109 ms - Host latency: 8.51094 ms (enqueue 0.670313 ms)
[06/10/2026-23:14:51] [I] Average on 10 runs - GPU latency: 8.27344 ms - Host latency: 8.52188 ms (enqueue 0.659375 ms)
[06/10/2026-23:14:51] [I] Average on 10 runs - GPU latency: 8.27109 ms - Host latency: 8.5125 ms (enqueue 0.695312 ms)
[06/10/2026-23:14:51] [I] Average on 10 runs - GPU latency: 8.26953 ms - Host latency: 8.51016 ms (enqueue 0.676562 ms)
[06/10/2026-23:14:51] [I] Average on 10 runs - GPU latency: 8.27031 ms - Host latency: 8.51094 ms (enqueue 0.671094 ms)
[06/10/2026-23:14:51] [I] Average on 10 runs - GPU latency: 8.26953 ms - Host latency: 8.5125 ms (enqueue 0.676562 ms)
[06/10/2026-23:14:51] [I] Average on 10 runs - GPU latency: 8.27031 ms - Host latency: 8.5125 ms (enqueue 0.680469 ms)
[06/10/2026-23:14:51] [I] Average on 10 runs - GPU latency: 8.27344 ms - Host latency: 8.51641 ms (enqueue 0.709375 ms)
[06/10/2026-23:14:51] [I] Average on 10 runs - GPU latency: 8.27188 ms - Host latency: 8.51172 ms (enqueue 0.68125 ms)
[06/10/2026-23:14:51] [I] Average on 10 runs - GPU latency: 8.26953 ms - Host latency: 8.51094 ms (enqueue 0.690625 ms)
[06/10/2026-23:14:51] [I] Average on 10 runs - GPU latency: 8.26328 ms - Host latency: 8.50781 ms (enqueue 0.704687 ms)
[06/10/2026-23:14:51] [I] Average on 10 runs - GPU latency: 8.27031 ms - Host latency: 8.52891 ms (enqueue 0.689062 ms)
[06/10/2026-23:14:51] [I] Average on 10 runs - GPU latency: 8.27266 ms - Host latency: 8.51328 ms (enqueue 0.683594 ms)
[06/10/2026-23:14:51] [I] Average on 10 runs - GPU latency: 8.26562 ms - Host latency: 8.51406 ms (enqueue 0.677344 ms)
[06/10/2026-23:14:51] [I] Average on 10 runs - GPU latency: 8.27031 ms - Host latency: 8.51484 ms (enqueue 0.686719 ms)
[06/10/2026-23:14:51] [I] Average on 10 runs - GPU latency: 8.27031 ms - Host latency: 8.51328 ms (enqueue 0.680469 ms)
[06/10/2026-23:14:51] [I] Average on 10 runs - GPU latency: 8.26953 ms - Host latency: 8.51406 ms (enqueue 0.659375 ms)
[06/10/2026-23:14:51] [I] Average on 10 runs - GPU latency: 8.26875 ms - Host latency: 8.50547 ms (enqueue 0.677344 ms)
[06/10/2026-23:14:51] [I] Average on 10 runs - GPU latency: 8.26953 ms - Host latency: 8.51016 ms (enqueue 0.678906 ms)
[06/10/2026-23:14:51] [I] Average on 10 runs - GPU latency: 8.27109 ms - Host latency: 8.51562 ms (enqueue 0.680469 ms)
[06/10/2026-23:14:51] [I] Average on 10 runs - GPU latency: 8.26719 ms - Host latency: 8.51016 ms (enqueue 0.628906 ms)
[06/10/2026-23:14:51] [I] Average on 10 runs - GPU latency: 8.27109 ms - Host latency: 8.5125 ms (enqueue 0.707812 ms)
[06/10/2026-23:14:51] [I] 
[06/10/2026-23:14:51] [I] === Performance summary ===
[06/10/2026-23:14:51] [I] Throughput: 120.843 qps
[06/10/2026-23:14:51] [I] Latency: min = 8.47656 ms, max = 8.79688 ms, mean = 8.51269 ms, median = 8.51172 ms, percentile(90%) = 8.52344 ms, percentile(95%) = 8.5293 ms, percentile(99%) = 8.54102 ms
[06/10/2026-23:14:51] [I] Enqueue Time: min = 0.382812 ms, max = 2.42969 ms, mean = 0.673456 ms, median = 0.664062 ms, percentile(90%) = 0.726562 ms, percentile(95%) = 0.75 ms, percentile(99%) = 0.820312 ms
[06/10/2026-23:14:51] [I] H2D Latency: min = 0.15625 ms, max = 0.449219 ms, mean = 0.168426 ms, median = 0.167969 ms, percentile(90%) = 0.171875 ms, percentile(95%) = 0.179688 ms, percentile(99%) = 0.195312 ms
[06/10/2026-23:14:51] [I] GPU Compute Time: min = 8.23438 ms, max = 8.34375 ms, mean = 8.27047 ms, median = 8.27148 ms, percentile(90%) = 8.28027 ms, percentile(95%) = 8.28125 ms, percentile(99%) = 8.28516 ms
[06/10/2026-23:14:51] [I] D2H Latency: min = 0.0703125 ms, max = 0.078125 ms, mean = 0.074118 ms, median = 0.0742188 ms, percentile(90%) = 0.078125 ms, percentile(95%) = 0.078125 ms, percentile(99%) = 0.078125 ms
[06/10/2026-23:14:51] [I] Total Host Walltime: 120.023 s
[06/10/2026-23:14:51] [I] Total GPU Compute Time: 119.955 s
[06/10/2026-23:14:51] [I] Explanations of the performance metrics are printed in the verbose logs.
[06/10/2026-23:14:51] [I] 
&&&& PASSED TensorRT.trtexec [TensorRT v100300] # /usr/src/tensorrt/bin/trtexec --loadEngine=engines/model_student_fp16.engine --warmUp=5000 --duration=120 --avgRuns=10
